<!doctype html><html lang="en"><head><link href="https://rukminim2.flixcart.com" rel="preconnect"/><link rel="stylesheet" href="//static-assets-web.flixcart.com/fk-p-linchpin-web/fk-cp-zion/css/bundle.aa1465.css"/><link rel="stylesheet" href="//static-assets-web.flixcart.com/fk-p-linchpin-web/fk-cp-zion/css/bundle.fbaef9.css"/><meta http-equiv="Content-type" content="text/html; charset=utf-8"/><meta http-equiv="X-UA-Compatible" content="IE=Edge"/><meta property="fb:page_id" content="102988293558"/><meta property="fb:admins" content="658873552,624500995,100000233612389"/><link rel="shortcut icon" href="https://static-assets-web.flixcart.com/www/promos/new/20150528-140547-favicon-retina.ico"/><link type="application/opensearchdescription+xml" rel="search" href="/osdd.xml?v=2"/><meta property="og:type" content="website"/><meta name="og_site_name" property="og:site_name" content="Flipkart.com"/><link rel="apple-touch-icon" sizes="57x57" href="/apple-touch-icon-57x57.png"/><link rel="apple-touch-icon" sizes="72x72" href="/apple-touch-icon-72x72.png"/><link rel="apple-touch-icon" sizes="114x114" href="/apple-touch-icon-114x114.png"/><link rel="apple-touch-icon" sizes="144x144" href="/apple-touch-icon-144x144.png"/><link rel="apple-touch-icon" href="/apple-touch-icon-57x57.png"/><meta name="twitter:card" content="app"><meta name="twitter:site" content="@flipkart"><meta name="twitter:creator" content="@flipkart"><meta name="twitter:title" content="LSTERGHP8HG8CJUABTGYQVQRS- Buy Products Online at Best Price in India - All Categories | Flipkart.com"><meta name="twitter:description" content="Shop for electronics, apparels & more using our Flipkart app Free shipping & COD."><meta name="twitter:app:country" content="in"><meta name="al:ios:app_name" content="Flipkart"><meta name="al:ios:app_store_id" content="742044692"><meta name="twitter:app:name:iphone" content="Flipkart"><meta name="twitter:app:id:iphone" content="742044692"><meta name="twitter:app:url:iphone" content="http://dl.flipkart.com/dl/home?"><meta name="twitter:app:name:ipad" content="Flipkart"><meta name="twitter:app:id:ipad" content="742044692"><meta name="twitter:app:url:ipad" content="http://dl.flipkart.com/dl/home?"><meta name="twitter:app:name:googleplay" content="Flipkart"><meta name="twitter:app:id:googleplay" content="com.flipkart.android"><meta name="twitter:app:url:googleplay" content="http://dl.flipkart.com/dl/home?"><style>#container {
			height: 100%;
		}</style>  <link rel="stylesheet" href="//static-assets-web.flixcart.com/fk-p-linchpin-web/fk-cp-zion/css/Browse.chunk.647087.css"/><title>LSTERGHP8HG8CJUABTGYQVQRS- Buy Products Online at Best Price in India - All Categories | Flipkart.com</title><meta name="og_title" property="og:title" content="LSTERGHP8HG8CJUABTGYQVQRS- Buy Products Online at Best Price in India - All Categories | Flipkart.com"/><meta name="Keywords" content="LSTERGHP8HG8CJUABTGYQVQRS"/> <meta name="Description" content="LSTERGHP8HG8CJUABTGYQVQRS- Buy Products Online at Best Price in India. India&#x27;s Leading E-commerce Company - Free Home Delivery - All Categories | Flipkart.com"/><meta property="og:description" content="LSTERGHP8HG8CJUABTGYQVQRS- Buy Products Online at Best Price in India. India&#x27;s Leading E-commerce Company - Free Home Delivery - All Categories | Flipkart.com"/>       <meta name="msvalidate.01" content="F4EEB3A0AFFDD385992A06E6920C0AC3"/> <!--[if IE 9 ]>
	<script nonce="1613381049046089230">
		window.browserVersion = 'IE9';
		document.documentElement.className += ' ie9';
	</script>
	<![endif]--><!--[if !IE]><!--><script nonce="1613381049046089230">if (/*@cc_on!@*/false) {
			window.browserVersion = 'IE10';
			document.documentElement.className += ' ie10';
		}</script><!--<![endif]-->   <link href="https://www.flipkart.com/search?q&#x3D;LSTERGHP8HG8CJUABTGYQVQRS&amp;page&#x3D;2" id="next-page-link-tag" rel="next"><script nonce="1613381049046089230">!function(){if("PerformancePaintTiming" in window){var e=window.__perf={e:[]};e.o=new PerformanceObserver(function(n){e.e=e.e.concat(n.getEntries())});try{e.o.observe({entryTypes:["paint"]})}catch(e){}}}();

		if (requestAnimationFrame && performance && performance.mark) {
			requestAnimationFrame(function () {
				window.first_paint = performance.now();
				performance.mark("first_paint");
			});
		}

        // web-vitals polyfill for FID
        !function(n,e){var t,o,i,c=[],f={passive:!0,capture:!0},r=new Date,a="pointerup",u="pointercancel";function p(n,c){t||(t=c,o=n,i=new Date,w(e),s())}function s(){o>=0&&o<i-r&&(c.forEach(function(n){n(o,t)}),c=[])}function l(t){if(t.cancelable){var o=(t.timeStamp>1e12?new Date:performance.now())-t.timeStamp;"pointerdown"==t.type?function(t,o){function i(){p(t,o),r()}function c(){r()}function r(){e(a,i,f),e(u,c,f)}n(a,i,f),n(u,c,f)}(o,t):p(o,t)}}function w(n){["click","mousedown","keydown","touchstart","pointerdown"].forEach(function(e){n(e,l,f)})}w(n),self.perfMetrics=self.perfMetrics||{},self.perfMetrics.onFirstInputDelay=function(n){c.push(n),s()}}(addEventListener,removeEventListener);</script><script async src="https://www.googletagmanager.com/gtag/js?id=AW-594691041"></script><script nonce="1613381049046089230">window.dataLayer = window.dataLayer || [];
		function gtag(){dataLayer.push(arguments)};
		gtag('js', new Date());

		const pageUri = window.location.pathname;
    		if (pageUri && pageUri.includes('/travel')) {
			gtag('config', 'AW-16596706887');
		}</script></head><body><div id="container"><div><div class="CgvN2_"><div class="nzadEb"><div class="VQf4aO"></div><div class="nS94SX"><div class="Bfhncs"><div class="gWHkja"><a href="/"><img width="75" src="//static-assets-web.flixcart.com/fk-p-linchpin-web/fk-cp-zion/img/flipkart-plus_8d85f4.png" alt="Flipkart" title="Flipkart" class="TVd0Ah"/></a><a class="p8iyLE" href="/plus">Explore<!-- --> <span class="stfyUS">Plus</span><img width="10" src="//static-assets-web.flixcart.com/fk-p-linchpin-web/fk-cp-zion/img/plus_aef861.png"/></a></div></div><div class="yZCQWU"><form class="rcHWnF header-form-search" action="/search" method="GET"><div class="col-12-12 kdPmDK"><div class="DjsUBA"><input class="Vy9RSP" type="text" title="Search for products, brands and more" name="q" autoComplete="off" placeholder="Search for products, brands and more" value="LSTERGHP8HG8CJUABTGYQVQRS"/></div><button class="bJtikv" type="submit"><svg width="20" height="20" viewBox="0 0 17 18" class="" xmlns="http://www.w3.org/2000/svg"><g fill="#2874F1" fill-rule="evenodd"><path class="dWptfd" d="m11.618 9.897l4.225 4.212c.092.092.101.232.02.313l-1.465 1.46c-.081.081-.221.072-.314-.02l-4.216-4.203"></path><path class="dWptfd" d="m6.486 10.901c-2.42 0-4.381-1.956-4.381-4.368 0-2.413 1.961-4.369 4.381-4.369 2.42 0 4.381 1.956 4.381 4.369 0 2.413-1.961 4.368-4.381 4.368m0-10.835c-3.582 0-6.486 2.895-6.486 6.467 0 3.572 2.904 6.467 6.486 6.467 3.582 0 6.486-2.895 6.486-6.467 0-3.572-2.904-6.467-6.486-6.467"></path></g></svg></button><input type="hidden" name="otracker" value="search"/><input type="hidden" name="otracker1" value="search"/><input type="hidden" name="marketplace" value="FLIPKART"/><input type="hidden" name="as-show" value="off"/><input type="hidden" name="as" value="off"/></div><ul class="col-12-12 I01Bvi"></ul></form></div><div class="VyTVML iRiYey"><div class="kOnij4"><div class="yrDfl4 jODOEE"><div><a target="_self" class="ol1oIH" href="/login?ret=%2Fsearch%3Fq%3DLSTERGHP8HG8CJUABTGYQVQRS">Login</a></div></div></div></div><div class="VyTVML"><a href="https://seller.flipkart.com/sell-online/?utm_source=fkwebsite&amp;utm_medium=websitedirect" class="DDNGCa"><span>Become a Seller</span></a></div><div class="VyTVML"><div class="kOnij4"><div class="yrDfl4 jODOEE"><div><div class="UGFyTG"> <!-- -->More<!-- --> </div></div></div><svg width="4.7" height="8" viewBox="0 0 16 27" xmlns="http://www.w3.org/2000/svg" class="gGO26o"><path d="M16 23.207L6.11 13.161 16 3.093 12.955 0 0 13.161l12.955 13.161z" fill="#fff" class="hGYdSF"></path></svg></div></div><div class="VyTVML"><div class="yrDfl4"><div class="oRoVe6"><a target="_self" class="WGWdFn" href="/viewcart?exploreMode=true&amp;preference=FLIPKART"><svg class="v_7pKG" width="14" height="14" viewBox="0 0 16 16" xmlns="http://www.w3.org/2000/svg"><path class="VKiXgq" d="M15.32 2.405H4.887C3 2.405 2.46.805 2.46.805L2.257.21C2.208.085 2.083 0 1.946 0H.336C.1 0-.064.24.024.46l.644 1.945L3.11 9.767c.047.137.175.23.32.23h8.418l-.493 1.958H3.768l.002.003c-.017 0-.033-.003-.05-.003-1.06 0-1.92.86-1.92 1.92s.86 1.92 1.92 1.92c.99 0 1.805-.75 1.91-1.712l5.55.076c.12.922.91 1.636 1.867 1.636 1.04 0 1.885-.844 1.885-1.885 0-.866-.584-1.593-1.38-1.814l2.423-8.832c.12-.433-.206-.86-.655-.86" fill="#fff"></path></svg><span>Cart</span></a></div></div></div></div><div class="VQf4aO"></div></div><div class="fm6uYK"></div></div><div class="rX6Fng"></div><div class="LwDgZ8 eq0K9s tBcEQe"><div class="QSCKDh eRsYMo"><div class="QSCKDh dLgFEE col-2-12" style="flex:0 0 280px;max-width:280px;padding:0px 10px 0px 0px"><div class="QSCKDh dLgFEE col-12-12"><div class="lvJbLV col-12-12"><div class="v360g_"><section class="JPBFuF vRd1kF"><div class="AF1m2F"><div class="UHMz4K"><span>Filters</span></div></div></section></div></div></div></div><div class="QSCKDh dLgFEE" style="flex-grow:1;overflow:auto"><div class="QSCKDh eRsYMo col-12-12" style="background-color:#ffffff;align-items:flex-end"><div class="lvJbLV" style="flex-grow:1;overflow:auto"><div class="Vba09Z"><div class="aDN3s4"></div><span class="_Omnvo">Showing 1 – 40 of 3,455 results for &quot;<span>LSTERGHP8HG8CJUABTGYQVQRS</span>&quot;</span><div class="s6YJlm"><span class="bTZV6I">Sort By</span><div class="WNv7PR dKeN6y">Relevance</div><div class="WNv7PR">Popularity</div><div class="WNv7PR">Price -- Low to High</div><div class="WNv7PR">Price -- High to Low</div></div></div></div></div><div class="lvJbLV col-12-12"><div class="nZIRY7"><div data-id="ACNHZ7TGCDXGRZTT" style="width:25%"><div class="RGLWAk"><a class="GnxRXv" target="_blank" rel="noopener noreferrer" href="/lg-2026-model-1-42-ton-5-star-1-65-peak-capacity-split-smart-inverter-ac-as-q19ynze2-white/p/itm796d00279e033?pid=ACNHZ7TGCDXGRZTT&amp;lid=LSTACNHZ7TGCDXGRZTTVZHQFT&amp;marketplace=FLIPKART&amp;q=LSTERGHP8HG8CJUABTGYQVQRS&amp;store=search.flipkart.com&amp;srno=s_1_1&amp;otracker=search&amp;fm=organic&amp;iid=en_KgyAxcSoevqk9sXdceqlLIF0U1J69O9MAVeaNis5ZAZROLQfutylbm4GgssMfx1EiHltwX8tYtBN6K2g23GumhzinxBIQxuZc5SSYeZZV5w7yhinae6bt-JaXnhZ-s8W&amp;ppt=None&amp;ppn=None&amp;ssid=km2e65hgkg0000001790496364815&amp;qH=0330ad6eea85baab&amp;ov_redirect=true&amp;ov_redirect=true"><div><div><div class="lWX0_T" style="height:280px;width:200px"><img loading="eager" class="UCc1lI" alt="LG 2026 Model 1.42 Ton 5 Star (1.65 Ton Peak Capacity) Split Smart Inverter AC (AS-Q19YNZE2, White)" src="https://rukminim2.flixcart.com/image/612/612/xif0q/air-conditioner-new/f/l/l/-resized-original-imahqnpvrffzh67w.jpeg?q=70"/></div></div></div><div class="SJekt1 bEnCjh"><div class="JiknFv"><svg xmlns="http://www.w3.org/2000/svg" class="rE8OAo" width="16" height="16" viewBox="0 0 20 16"><path d="M8.695 16.682C4.06 12.382 1 9.536 1 6.065 1 3.219 3.178 1 5.95 1c1.566 0 3.069.746 4.05 1.915C10.981 1.745 12.484 1 14.05 1 16.822 1 19 3.22 19 6.065c0 3.471-3.06 6.316-7.695 10.617L10 17.897l-1.305-1.215z" fill="#2874F0" class="JX9D2X" stroke="#FFF" fill-rule="evenodd" opacity=".9"></path></svg></div></div></a><div class="IxWX8O"><svg width="62" height="18" xmlns="http://www.w3.org/2000/svg" class=""><rect width="62" height="18" fill="white"></rect><path d="M5.82955 6.45455C5.77841 6.02273 5.57102 5.6875 5.20739 5.44886C4.84375 5.21023 4.39773 5.09091 3.86932 5.09091C3.48295 5.09091 3.14489 5.15341 2.85511 5.27841C2.56818 5.40341 2.34375 5.57528 2.18182 5.79403C2.02273 6.01278 1.94318 6.26136 1.94318 6.53977C1.94318 6.77273 1.99858 6.97301 2.10938 7.14062C2.22301 7.3054 2.3679 7.44318 2.54403 7.55398C2.72017 7.66193 2.90483 7.75142 3.09801 7.82244C3.29119 7.89062 3.46875 7.94602 3.63068 7.98864L4.51705 8.22727C4.74432 8.28693 4.99716 8.36932 5.27557 8.47443C5.55682 8.57955 5.82528 8.72301 6.08097 8.90483C6.33949 9.08381 6.55256 9.31392 6.72017 9.59517C6.88778 9.87642 6.97159 10.2216 6.97159 10.6307C6.97159 11.1023 6.84801 11.5284 6.60085 11.9091C6.35653 12.2898 5.99858 12.5923 5.52699 12.8168C5.05824 13.0412 4.48864 13.1534 3.81818 13.1534C3.19318 13.1534 2.65199 13.0526 2.1946 12.8509C1.74006 12.6491 1.3821 12.3679 1.12074 12.0071C0.862216 11.6463 0.715909 11.2273 0.681818 10.75H1.77273C1.80114 11.0795 1.91193 11.3523 2.10511 11.5682C2.30114 11.7812 2.5483 11.9403 2.84659 12.0455C3.14773 12.1477 3.47159 12.1989 3.81818 12.1989C4.22159 12.1989 4.58381 12.1335 4.90483 12.0028C5.22585 11.8693 5.48011 11.6847 5.66761 11.4489C5.85511 11.2102 5.94886 10.9318 5.94886 10.6136C5.94886 10.3239 5.8679 10.0881 5.70597 9.90625C5.54403 9.72443 5.33097 9.5767 5.06676 9.46307C4.80256 9.34943 4.51705 9.25 4.21023 9.16477L3.13636 8.85795C2.45455 8.66193 1.91477 8.3821 1.51705 8.01847C1.11932 7.65483 0.920455 7.17898 0.920455 6.59091C0.920455 6.10227 1.05256 5.67614 1.31676 5.3125C1.58381 4.94602 1.94176 4.66193 2.39062 4.46023C2.84233 4.25568 3.34659 4.15341 3.90341 4.15341C4.46591 4.15341 4.96591 4.25426 5.40341 4.45597C5.84091 4.65483 6.1875 4.92756 6.44318 5.27415C6.7017 5.62074 6.83807 6.0142 6.85227 6.45455H5.82955ZM8.5728 15.4545V6.45455H9.54439V7.49432H9.66371C9.73757 7.38068 9.83984 7.2358 9.97053 7.05966C10.104 6.88068 10.2944 6.72159 10.5415 6.58239C10.7915 6.44034 11.1296 6.36932 11.5558 6.36932C12.1069 6.36932 12.5927 6.5071 13.0131 6.78267C13.4336 7.05824 13.7617 7.44886 13.9975 7.95455C14.2333 8.46023 14.3512 9.05682 14.3512 9.74432C14.3512 10.4375 14.2333 11.0384 13.9975 11.5469C13.7617 12.0526 13.435 12.4446 13.0174 12.723C12.5998 12.9986 12.1183 13.1364 11.5728 13.1364C11.1523 13.1364 10.8157 13.0668 10.5629 12.9276C10.31 12.7855 10.1154 12.625 9.97905 12.446C9.84268 12.2642 9.73757 12.1136 9.66371 11.9943H9.57848V15.4545H8.5728ZM9.56143 9.72727C9.56143 10.2216 9.63388 10.6577 9.77876 11.0355C9.92365 11.4105 10.1353 11.7045 10.4137 11.9176C10.6921 12.1278 11.033 12.233 11.4364 12.233C11.8569 12.233 12.2077 12.1222 12.489 11.9006C12.7731 11.6761 12.9862 11.375 13.1282 10.9972C13.2731 10.6165 13.3455 10.1932 13.3455 9.72727C13.3455 9.26705 13.2745 8.85227 13.1325 8.48295C12.9933 8.1108 12.7816 7.81676 12.4975 7.60085C12.2163 7.3821 11.8626 7.27273 11.4364 7.27273C11.0273 7.27273 10.6836 7.37642 10.4052 7.58381C10.1268 7.78835 9.91655 8.07528 9.7745 8.4446C9.63246 8.81108 9.56143 9.23864 9.56143 9.72727ZM18.5444 13.1364C17.9535 13.1364 17.435 12.9957 16.989 12.7145C16.5458 12.4332 16.1992 12.0398 15.9492 11.5341C15.7021 11.0284 15.5785 10.4375 15.5785 9.76136C15.5785 9.07955 15.7021 8.48437 15.9492 7.97585C16.1992 7.46733 16.5458 7.07244 16.989 6.79119C17.435 6.50994 17.9535 6.36932 18.5444 6.36932C19.1353 6.36932 19.6523 6.50994 20.0955 6.79119C20.5415 7.07244 20.8881 7.46733 21.1353 7.97585C21.3853 8.48437 21.5103 9.07955 21.5103 9.76136C21.5103 10.4375 21.3853 11.0284 21.1353 11.5341C20.8881 12.0398 20.5415 12.4332 20.0955 12.7145C19.6523 12.9957 19.1353 13.1364 18.5444 13.1364ZM18.5444 12.233C18.9933 12.233 19.3626 12.1179 19.6523 11.8878C19.9421 11.6577 20.1566 11.3551 20.2958 10.9801C20.435 10.6051 20.5046 10.1989 20.5046 9.76136C20.5046 9.32386 20.435 8.91619 20.2958 8.53835C20.1566 8.16051 19.9421 7.85511 19.6523 7.62216C19.3626 7.3892 18.9933 7.27273 18.5444 7.27273C18.0955 7.27273 17.7262 7.3892 17.4364 7.62216C17.1467 7.85511 16.9322 8.16051 16.793 8.53835C16.6538 8.91619 16.5842 9.32386 16.5842 9.76136C16.5842 10.1989 16.6538 10.6051 16.793 10.9801C16.9322 11.3551 17.1467 11.6577 17.4364 11.8878C17.7262 12.1179 18.0955 12.233 18.5444 12.233ZM24.0511 9.0625V13H23.0455V6.45455H24.017V7.47727H24.1023C24.2557 7.14489 24.4886 6.87784 24.8011 6.67614C25.1136 6.47159 25.517 6.36932 26.0114 6.36932C26.4545 6.36932 26.8423 6.46023 27.1747 6.64205C27.5071 6.82102 27.7656 7.09375 27.9503 7.46023C28.1349 7.82386 28.2273 8.28409 28.2273 8.84091V13H27.2216V8.90909C27.2216 8.39489 27.0881 7.99432 26.821 7.70739C26.554 7.41761 26.1875 7.27273 25.7216 7.27273C25.4006 7.27273 25.1136 7.34233 24.8608 7.48153C24.6108 7.62074 24.4134 7.82386 24.2685 8.09091C24.1236 8.35795 24.0511 8.68182 24.0511 9.0625ZM34.7013 7.92045L33.7979 8.17614C33.7411 8.02557 33.6573 7.87926 33.5465 7.73722C33.4386 7.59233 33.2908 7.47301 33.1033 7.37926C32.9158 7.28551 32.6758 7.23864 32.3832 7.23864C31.9826 7.23864 31.6488 7.33097 31.3817 7.51562C31.1175 7.69744 30.9854 7.92898 30.9854 8.21023C30.9854 8.46023 31.0763 8.65767 31.2582 8.80256C31.44 8.94744 31.7241 9.06818 32.1104 9.16477L33.082 9.40341C33.6673 9.54545 34.1033 9.76278 34.3903 10.0554C34.6772 10.3452 34.8207 10.7187 34.8207 11.1761C34.8207 11.5511 34.7127 11.8864 34.4968 12.1818C34.2837 12.4773 33.9854 12.7102 33.6019 12.8807C33.2184 13.0511 32.7724 13.1364 32.2638 13.1364C31.5962 13.1364 31.0437 12.9915 30.6062 12.7017C30.1687 12.4119 29.8917 11.9886 29.7752 11.4318L30.7298 11.1932C30.8207 11.5455 30.9925 11.8097 31.2454 11.9858C31.5011 12.1619 31.8349 12.25 32.2468 12.25C32.7156 12.25 33.0877 12.1506 33.3633 11.9517C33.6417 11.75 33.7809 11.5085 33.7809 11.2273C33.7809 11 33.7013 10.8097 33.5423 10.6562C33.3832 10.5 33.1388 10.3835 32.8093 10.3068L31.7184 10.0511C31.119 9.90909 30.6786 9.68892 30.3974 9.39062C30.119 9.08949 29.9798 8.71307 29.9798 8.26136C29.9798 7.89205 30.0835 7.56534 30.2908 7.28125C30.5011 6.99716 30.7866 6.77415 31.1474 6.61222C31.511 6.45028 31.9229 6.36932 32.3832 6.36932C33.0309 6.36932 33.5394 6.51136 33.9087 6.79545C34.2809 7.07955 34.5451 7.45455 34.7013 7.92045ZM38.9936 13.1364C38.4027 13.1364 37.8842 12.9957 37.4382 12.7145C36.995 12.4332 36.6484 12.0398 36.3984 11.5341C36.1513 11.0284 36.0277 10.4375 36.0277 9.76136C36.0277 9.07955 36.1513 8.48437 36.3984 7.97585C36.6484 7.46733 36.995 7.07244 37.4382 6.79119C37.8842 6.50994 38.4027 6.36932 38.9936 6.36932C39.5845 6.36932 40.1016 6.50994 40.5447 6.79119C40.9908 7.07244 41.3374 7.46733 41.5845 7.97585C41.8345 8.48437 41.9595 9.07955 41.9595 9.76136C41.9595 10.4375 41.8345 11.0284 41.5845 11.5341C41.3374 12.0398 40.9908 12.4332 40.5447 12.7145C40.1016 12.9957 39.5845 13.1364 38.9936 13.1364ZM38.9936 12.233C39.4425 12.233 39.8118 12.1179 40.1016 11.8878C40.3913 11.6577 40.6058 11.3551 40.745 10.9801C40.8842 10.6051 40.9538 10.1989 40.9538 9.76136C40.9538 9.32386 40.8842 8.91619 40.745 8.53835C40.6058 8.16051 40.3913 7.85511 40.1016 7.62216C39.8118 7.3892 39.4425 7.27273 38.9936 7.27273C38.5447 7.27273 38.1754 7.3892 37.8857 7.62216C37.5959 7.85511 37.3814 8.16051 37.2422 8.53835C37.103 8.91619 37.0334 9.32386 37.0334 9.76136C37.0334 10.1989 37.103 10.6051 37.2422 10.9801C37.3814 11.3551 37.5959 11.6577 37.8857 11.8878C38.1754 12.1179 38.5447 12.233 38.9936 12.233ZM43.4947 13V6.45455H44.4663V7.44318H44.5344C44.6538 7.11932 44.8697 6.85653 45.1822 6.65483C45.4947 6.45312 45.8469 6.35227 46.239 6.35227C46.3129 6.35227 46.4052 6.35369 46.516 6.35653C46.6268 6.35937 46.7106 6.36364 46.7674 6.36932V7.39205C46.7333 7.38352 46.6552 7.37074 46.533 7.35369C46.4137 7.33381 46.2873 7.32386 46.1538 7.32386C45.8356 7.32386 45.5515 7.39062 45.3015 7.52415C45.0543 7.65483 44.8583 7.83665 44.7134 8.0696C44.5714 8.29972 44.5004 8.5625 44.5004 8.85795V13H43.4947ZM50.5046 13.1364C49.8739 13.1364 49.3299 12.9972 48.8725 12.7188C48.418 12.4375 48.0671 12.0455 47.82 11.5426C47.5756 11.0369 47.4535 10.4489 47.4535 9.77841C47.4535 9.10795 47.5756 8.51705 47.82 8.00568C48.0671 7.49148 48.4109 7.09091 48.8512 6.80398C49.2944 6.5142 49.8114 6.36932 50.4023 6.36932C50.7433 6.36932 51.0799 6.42614 51.4123 6.53977C51.7447 6.65341 52.0472 6.83807 52.32 7.09375C52.5927 7.34659 52.81 7.68182 52.9719 8.09943C53.1339 8.51705 53.2148 9.03125 53.2148 9.64205V10.0682H48.1694V9.19886H52.1921C52.1921 8.82955 52.1183 8.5 51.9705 8.21023C51.8256 7.92045 51.6183 7.69176 51.3484 7.52415C51.0813 7.35653 50.766 7.27273 50.4023 7.27273C50.0018 7.27273 49.6552 7.37216 49.3626 7.57102C49.0728 7.76705 48.8498 8.02273 48.6935 8.33807C48.5373 8.65341 48.4592 8.99148 48.4592 9.35227V9.93182C48.4592 10.4261 48.5444 10.8452 48.7148 11.1889C48.8881 11.5298 49.1282 11.7898 49.435 11.9688C49.7418 12.1449 50.0984 12.233 50.5046 12.233C50.7688 12.233 51.0075 12.196 51.2205 12.1222C51.4364 12.0455 51.6225 11.9318 51.7788 11.7812C51.935 11.6278 52.0558 11.4375 52.141 11.2102L53.1126 11.483C53.0103 11.8125 52.8384 12.1023 52.5969 12.3523C52.3555 12.5994 52.0572 12.7926 51.7021 12.9318C51.3469 13.0682 50.9478 13.1364 50.5046 13.1364ZM57.2163 13.1364C56.6708 13.1364 56.1893 12.9986 55.7717 12.723C55.354 12.4446 55.0273 12.0526 54.7915 11.5469C54.5558 11.0384 54.4379 10.4375 54.4379 9.74432C54.4379 9.05682 54.5558 8.46023 54.7915 7.95455C55.0273 7.44886 55.3555 7.05824 55.7759 6.78267C56.1964 6.5071 56.6822 6.36932 57.2333 6.36932C57.6594 6.36932 57.9961 6.44034 58.2433 6.58239C58.4933 6.72159 58.6836 6.88068 58.8143 7.05966C58.9478 7.2358 59.0515 7.38068 59.1254 7.49432H59.2106V4.27273H60.2163V13H59.2447V11.9943H59.1254C59.0515 12.1136 58.9464 12.2642 58.81 12.446C58.6737 12.625 58.479 12.7855 58.2262 12.9276C57.9734 13.0668 57.6367 13.1364 57.2163 13.1364ZM57.3526 12.233C57.756 12.233 58.0969 12.1278 58.3754 11.9176C58.6538 11.7045 58.8654 11.4105 59.0103 11.0355C59.1552 10.6577 59.2276 10.2216 59.2276 9.72727C59.2276 9.23864 59.1566 8.81108 59.0146 8.4446C58.8725 8.07528 58.6623 7.78835 58.3839 7.58381C58.1055 7.37642 57.7617 7.27273 57.3526 7.27273C56.9265 7.27273 56.5714 7.3821 56.2873 7.60085C56.006 7.81676 55.7944 8.1108 55.6523 8.48295C55.5131 8.85227 55.4435 9.26705 55.4435 9.72727C55.4435 10.1932 55.5146 10.6165 55.6566 10.9972C55.8015 11.375 56.0146 11.6761 56.2958 11.9006C56.5799 12.1222 56.9322 12.233 57.3526 12.233Z" fill="#9E9E9E"></path></svg></div><a class="pIpigb" title="LG 2026 Model 1.42 Ton 5 Star (1.65 Ton Peak Capacity) Split Smart Inverter AC (AS-Q19YNZE2, White)" target="_blank" rel="noopener noreferrer" href="/lg-2026-model-1-42-ton-5-star-1-65-peak-capacity-split-smart-inverter-ac-as-q19ynze2-white/p/itm796d00279e033?pid=ACNHZ7TGCDXGRZTT&amp;lid=LSTACNHZ7TGCDXGRZTTVZHQFT&amp;marketplace=FLIPKART&amp;q=LSTERGHP8HG8CJUABTGYQVQRS&amp;store=search.flipkart.com&amp;srno=s_1_1&amp;otracker=search&amp;fm=organic&amp;iid=en_KgyAxcSoevqk9sXdceqlLIF0U1J69O9MAVeaNis5ZAZROLQfutylbm4GgssMfx1EiHltwX8tYtBN6K2g23GumhzinxBIQxuZc5SSYeZZV5w7yhinae6bt-JaXnhZ-s8W&amp;ppt=None&amp;ppn=None&amp;ssid=km2e65hgkg0000001790496364815&amp;qH=0330ad6eea85baab&amp;ov_redirect=true&amp;ov_redirect=true">LG 2026 Model 1.42 Ton 5 Star (1.65 Ton Peak Capacity) ...</a><div class="U_GKRr">AS-Q19YNZE2, White</div><div class="a7saXW WDsrYC"><span id="productRating_LSTACNHZ7TGCDXGRZTTVZHQFT_ACNHZ7TGCDXGRZTT_" class="CjyrHS"><div class="MKiFS6">4.1<img src="data:image/svg+xml;base64,PHN2ZyB4bWxucz0iaHR0cDovL3d3dy53My5vcmcvMjAwMC9zdmciIHdpZHRoPSIxMyIgaGVpZ2h0PSIxMiI+PHBhdGggZmlsbD0iI0ZGRiIgZD0iTTYuNSA5LjQzOWwtMy42NzQgMi4yMy45NC00LjI2LTMuMjEtMi44ODMgNC4yNTQtLjQwNEw2LjUuMTEybDEuNjkgNC4wMSA0LjI1NC40MDQtMy4yMSAyLjg4Mi45NCA0LjI2eiIvPjwvc3ZnPg==" class="PZfbSE"/></div></span><span class="PvbNMB">(4,632)</span></div><a class="fb4uj3" target="_blank" rel="noopener noreferrer" href="/lg-2026-model-1-42-ton-5-star-1-65-peak-capacity-split-smart-inverter-ac-as-q19ynze2-white/p/itm796d00279e033?pid=ACNHZ7TGCDXGRZTT&amp;lid=LSTACNHZ7TGCDXGRZTTVZHQFT&amp;marketplace=FLIPKART&amp;q=LSTERGHP8HG8CJUABTGYQVQRS&amp;store=search.flipkart.com&amp;srno=s_1_1&amp;otracker=search&amp;fm=organic&amp;iid=en_KgyAxcSoevqk9sXdceqlLIF0U1J69O9MAVeaNis5ZAZROLQfutylbm4GgssMfx1EiHltwX8tYtBN6K2g23GumhzinxBIQxuZc5SSYeZZV5w7yhinae6bt-JaXnhZ-s8W&amp;ppt=None&amp;ppn=None&amp;ssid=km2e65hgkg0000001790496364815&amp;qH=0330ad6eea85baab&amp;ov_redirect=true&amp;ov_redirect=true"><div class="QiMO5r"><div class="hZ3P6w">₹46,990</div><div class="kRYCnD">₹<!-- -->90,790</div><div class="HQe8jr"><span>48% off</span></div></div></a><div class="MaiFhH"><div class="hx1EGN" style="padding-top:4px;padding-right:4px;padding-bottom:4px;padding-left:4px;border-radius:2px;background-color:#F4F2FF"><div class="HZ0E6r Rm9_cy" style="color:#5209DB;font-size:12px;font-style:normal;font-weight:500">Big Billion Days Price</div></div></div><div class="t2K9pO"><div class="ruPvob"><div class="FJ7IAS"><span class="ZhHnSZ"><label class="BMOCJ3"><input type="checkbox" class="UXWKAE" readonly=""/><div class="ybaCDx"></div></label></span><label class="fU6cHR"><span>Add to Compare</span></label></div></div></div></div></div><div data-id="ACCHZ6FSSGHSG36B" style="width:25%"><div class="RGLWAk"><a class="GnxRXv" target="_blank" rel="noopener noreferrer" href="/jdprismventures-65-w-power-gan-6-5-wall-charger-mobile/p/itmc9922d7679441?pid=ACCHZ6FSSGHSG36B&amp;lid=LSTACCHZ6FSSGHSG36BI2CYKX&amp;marketplace=FLIPKART&amp;q=LSTERGHP8HG8CJUABTGYQVQRS&amp;store=search.flipkart.com&amp;srno=s_1_2&amp;otracker=search&amp;fm=organic&amp;iid=en_KgyAxcSoevqk9sXdceqlLIF0U1J69O9MAVeaNis5ZAbeXLq6DKTO4Xgrb2x4kG-6pdi_ldlDE752CMraCnKxBFf0AVHLlHAaVEGjlBCGjTF4jjMhT19yIN_yqwplf5yx&amp;ppt=None&amp;ppn=None&amp;ssid=km2e65hgkg0000001790496364815&amp;qH=0330ad6eea85baab&amp;ov_redirect=true&amp;ov_redirect=true"><div><div><div class="lWX0_T" style="height:280px;width:200px"><img loading="eager" class="UCc1lI" alt="JDprismventures 65 W Power GaN 6.5 A Wall Charger for Mobile" src="https://rukminim2.flixcart.com/image/612/612/xif0q/battery-charger/3/t/l/bzz-65w-gan01-blitzamp-original-imahmkzayqwg3gza.jpeg?q=70"/></div></div></div><div class="SJekt1 bEnCjh"><div class="JiknFv"><svg xmlns="http://www.w3.org/2000/svg" class="rE8OAo" width="16" height="16" viewBox="0 0 20 16"><path d="M8.695 16.682C4.06 12.382 1 9.536 1 6.065 1 3.219 3.178 1 5.95 1c1.566 0 3.069.746 4.05 1.915C10.981 1.745 12.484 1 14.05 1 16.822 1 19 3.22 19 6.065c0 3.471-3.06 6.316-7.695 10.617L10 17.897l-1.305-1.215z" fill="#2874F0" class="JX9D2X" stroke="#FFF" fill-rule="evenodd" opacity=".9"></path></svg></div></div></a><div class="IxWX8O"><svg width="62" height="18" xmlns="http://www.w3.org/2000/svg" class=""><rect width="62" height="18" fill="white"></rect><path d="M5.82955 6.45455C5.77841 6.02273 5.57102 5.6875 5.20739 5.44886C4.84375 5.21023 4.39773 5.09091 3.86932 5.09091C3.48295 5.09091 3.14489 5.15341 2.85511 5.27841C2.56818 5.40341 2.34375 5.57528 2.18182 5.79403C2.02273 6.01278 1.94318 6.26136 1.94318 6.53977C1.94318 6.77273 1.99858 6.97301 2.10938 7.14062C2.22301 7.3054 2.3679 7.44318 2.54403 7.55398C2.72017 7.66193 2.90483 7.75142 3.09801 7.82244C3.29119 7.89062 3.46875 7.94602 3.63068 7.98864L4.51705 8.22727C4.74432 8.28693 4.99716 8.36932 5.27557 8.47443C5.55682 8.57955 5.82528 8.72301 6.08097 8.90483C6.33949 9.08381 6.55256 9.31392 6.72017 9.59517C6.88778 9.87642 6.97159 10.2216 6.97159 10.6307C6.97159 11.1023 6.84801 11.5284 6.60085 11.9091C6.35653 12.2898 5.99858 12.5923 5.52699 12.8168C5.05824 13.0412 4.48864 13.1534 3.81818 13.1534C3.19318 13.1534 2.65199 13.0526 2.1946 12.8509C1.74006 12.6491 1.3821 12.3679 1.12074 12.0071C0.862216 11.6463 0.715909 11.2273 0.681818 10.75H1.77273C1.80114 11.0795 1.91193 11.3523 2.10511 11.5682C2.30114 11.7812 2.5483 11.9403 2.84659 12.0455C3.14773 12.1477 3.47159 12.1989 3.81818 12.1989C4.22159 12.1989 4.58381 12.1335 4.90483 12.0028C5.22585 11.8693 5.48011 11.6847 5.66761 11.4489C5.85511 11.2102 5.94886 10.9318 5.94886 10.6136C5.94886 10.3239 5.8679 10.0881 5.70597 9.90625C5.54403 9.72443 5.33097 9.5767 5.06676 9.46307C4.80256 9.34943 4.51705 9.25 4.21023 9.16477L3.13636 8.85795C2.45455 8.66193 1.91477 8.3821 1.51705 8.01847C1.11932 7.65483 0.920455 7.17898 0.920455 6.59091C0.920455 6.10227 1.05256 5.67614 1.31676 5.3125C1.58381 4.94602 1.94176 4.66193 2.39062 4.46023C2.84233 4.25568 3.34659 4.15341 3.90341 4.15341C4.46591 4.15341 4.96591 4.25426 5.40341 4.45597C5.84091 4.65483 6.1875 4.92756 6.44318 5.27415C6.7017 5.62074 6.83807 6.0142 6.85227 6.45455H5.82955ZM8.5728 15.4545V6.45455H9.54439V7.49432H9.66371C9.73757 7.38068 9.83984 7.2358 9.97053 7.05966C10.104 6.88068 10.2944 6.72159 10.5415 6.58239C10.7915 6.44034 11.1296 6.36932 11.5558 6.36932C12.1069 6.36932 12.5927 6.5071 13.0131 6.78267C13.4336 7.05824 13.7617 7.44886 13.9975 7.95455C14.2333 8.46023 14.3512 9.05682 14.3512 9.74432C14.3512 10.4375 14.2333 11.0384 13.9975 11.5469C13.7617 12.0526 13.435 12.4446 13.0174 12.723C12.5998 12.9986 12.1183 13.1364 11.5728 13.1364C11.1523 13.1364 10.8157 13.0668 10.5629 12.9276C10.31 12.7855 10.1154 12.625 9.97905 12.446C9.84268 12.2642 9.73757 12.1136 9.66371 11.9943H9.57848V15.4545H8.5728ZM9.56143 9.72727C9.56143 10.2216 9.63388 10.6577 9.77876 11.0355C9.92365 11.4105 10.1353 11.7045 10.4137 11.9176C10.6921 12.1278 11.033 12.233 11.4364 12.233C11.8569 12.233 12.2077 12.1222 12.489 11.9006C12.7731 11.6761 12.9862 11.375 13.1282 10.9972C13.2731 10.6165 13.3455 10.1932 13.3455 9.72727C13.3455 9.26705 13.2745 8.85227 13.1325 8.48295C12.9933 8.1108 12.7816 7.81676 12.4975 7.60085C12.2163 7.3821 11.8626 7.27273 11.4364 7.27273C11.0273 7.27273 10.6836 7.37642 10.4052 7.58381C10.1268 7.78835 9.91655 8.07528 9.7745 8.4446C9.63246 8.81108 9.56143 9.23864 9.56143 9.72727ZM18.5444 13.1364C17.9535 13.1364 17.435 12.9957 16.989 12.7145C16.5458 12.4332 16.1992 12.0398 15.9492 11.5341C15.7021 11.0284 15.5785 10.4375 15.5785 9.76136C15.5785 9.07955 15.7021 8.48437 15.9492 7.97585C16.1992 7.46733 16.5458 7.07244 16.989 6.79119C17.435 6.50994 17.9535 6.36932 18.5444 6.36932C19.1353 6.36932 19.6523 6.50994 20.0955 6.79119C20.5415 7.07244 20.8881 7.46733 21.1353 7.97585C21.3853 8.48437 21.5103 9.07955 21.5103 9.76136C21.5103 10.4375 21.3853 11.0284 21.1353 11.5341C20.8881 12.0398 20.5415 12.4332 20.0955 12.7145C19.6523 12.9957 19.1353 13.1364 18.5444 13.1364ZM18.5444 12.233C18.9933 12.233 19.3626 12.1179 19.6523 11.8878C19.9421 11.6577 20.1566 11.3551 20.2958 10.9801C20.435 10.6051 20.5046 10.1989 20.5046 9.76136C20.5046 9.32386 20.435 8.91619 20.2958 8.53835C20.1566 8.16051 19.9421 7.85511 19.6523 7.62216C19.3626 7.3892 18.9933 7.27273 18.5444 7.27273C18.0955 7.27273 17.7262 7.3892 17.4364 7.62216C17.1467 7.85511 16.9322 8.16051 16.793 8.53835C16.6538 8.91619 16.5842 9.32386 16.5842 9.76136C16.5842 10.1989 16.6538 10.6051 16.793 10.9801C16.9322 11.3551 17.1467 11.6577 17.4364 11.8878C17.7262 12.1179 18.0955 12.233 18.5444 12.233ZM24.0511 9.0625V13H23.0455V6.45455H24.017V7.47727H24.1023C24.2557 7.14489 24.4886 6.87784 24.8011 6.67614C25.1136 6.47159 25.517 6.36932 26.0114 6.36932C26.4545 6.36932 26.8423 6.46023 27.1747 6.64205C27.5071 6.82102 27.7656 7.09375 27.9503 7.46023C28.1349 7.82386 28.2273 8.28409 28.2273 8.84091V13H27.2216V8.90909C27.2216 8.39489 27.0881 7.99432 26.821 7.70739C26.554 7.41761 26.1875 7.27273 25.7216 7.27273C25.4006 7.27273 25.1136 7.34233 24.8608 7.48153C24.6108 7.62074 24.4134 7.82386 24.2685 8.09091C24.1236 8.35795 24.0511 8.68182 24.0511 9.0625ZM34.7013 7.92045L33.7979 8.17614C33.7411 8.02557 33.6573 7.87926 33.5465 7.73722C33.4386 7.59233 33.2908 7.47301 33.1033 7.37926C32.9158 7.28551 32.6758 7.23864 32.3832 7.23864C31.9826 7.23864 31.6488 7.33097 31.3817 7.51562C31.1175 7.69744 30.9854 7.92898 30.9854 8.21023C30.9854 8.46023 31.0763 8.65767 31.2582 8.80256C31.44 8.94744 31.7241 9.06818 32.1104 9.16477L33.082 9.40341C33.6673 9.54545 34.1033 9.76278 34.3903 10.0554C34.6772 10.3452 34.8207 10.7187 34.8207 11.1761C34.8207 11.5511 34.7127 11.8864 34.4968 12.1818C34.2837 12.4773 33.9854 12.7102 33.6019 12.8807C33.2184 13.0511 32.7724 13.1364 32.2638 13.1364C31.5962 13.1364 31.0437 12.9915 30.6062 12.7017C30.1687 12.4119 29.8917 11.9886 29.7752 11.4318L30.7298 11.1932C30.8207 11.5455 30.9925 11.8097 31.2454 11.9858C31.5011 12.1619 31.8349 12.25 32.2468 12.25C32.7156 12.25 33.0877 12.1506 33.3633 11.9517C33.6417 11.75 33.7809 11.5085 33.7809 11.2273C33.7809 11 33.7013 10.8097 33.5423 10.6562C33.3832 10.5 33.1388 10.3835 32.8093 10.3068L31.7184 10.0511C31.119 9.90909 30.6786 9.68892 30.3974 9.39062C30.119 9.08949 29.9798 8.71307 29.9798 8.26136C29.9798 7.89205 30.0835 7.56534 30.2908 7.28125C30.5011 6.99716 30.7866 6.77415 31.1474 6.61222C31.511 6.45028 31.9229 6.36932 32.3832 6.36932C33.0309 6.36932 33.5394 6.51136 33.9087 6.79545C34.2809 7.07955 34.5451 7.45455 34.7013 7.92045ZM38.9936 13.1364C38.4027 13.1364 37.8842 12.9957 37.4382 12.7145C36.995 12.4332 36.6484 12.0398 36.3984 11.5341C36.1513 11.0284 36.0277 10.4375 36.0277 9.76136C36.0277 9.07955 36.1513 8.48437 36.3984 7.97585C36.6484 7.46733 36.995 7.07244 37.4382 6.79119C37.8842 6.50994 38.4027 6.36932 38.9936 6.36932C39.5845 6.36932 40.1016 6.50994 40.5447 6.79119C40.9908 7.07244 41.3374 7.46733 41.5845 7.97585C41.8345 8.48437 41.9595 9.07955 41.9595 9.76136C41.9595 10.4375 41.8345 11.0284 41.5845 11.5341C41.3374 12.0398 40.9908 12.4332 40.5447 12.7145C40.1016 12.9957 39.5845 13.1364 38.9936 13.1364ZM38.9936 12.233C39.4425 12.233 39.8118 12.1179 40.1016 11.8878C40.3913 11.6577 40.6058 11.3551 40.745 10.9801C40.8842 10.6051 40.9538 10.1989 40.9538 9.76136C40.9538 9.32386 40.8842 8.91619 40.745 8.53835C40.6058 8.16051 40.3913 7.85511 40.1016 7.62216C39.8118 7.3892 39.4425 7.27273 38.9936 7.27273C38.5447 7.27273 38.1754 7.3892 37.8857 7.62216C37.5959 7.85511 37.3814 8.16051 37.2422 8.53835C37.103 8.91619 37.0334 9.32386 37.0334 9.76136C37.0334 10.1989 37.103 10.6051 37.2422 10.9801C37.3814 11.3551 37.5959 11.6577 37.8857 11.8878C38.1754 12.1179 38.5447 12.233 38.9936 12.233ZM43.4947 13V6.45455H44.4663V7.44318H44.5344C44.6538 7.11932 44.8697 6.85653 45.1822 6.65483C45.4947 6.45312 45.8469 6.35227 46.239 6.35227C46.3129 6.35227 46.4052 6.35369 46.516 6.35653C46.6268 6.35937 46.7106 6.36364 46.7674 6.36932V7.39205C46.7333 7.38352 46.6552 7.37074 46.533 7.35369C46.4137 7.33381 46.2873 7.32386 46.1538 7.32386C45.8356 7.32386 45.5515 7.39062 45.3015 7.52415C45.0543 7.65483 44.8583 7.83665 44.7134 8.0696C44.5714 8.29972 44.5004 8.5625 44.5004 8.85795V13H43.4947ZM50.5046 13.1364C49.8739 13.1364 49.3299 12.9972 48.8725 12.7188C48.418 12.4375 48.0671 12.0455 47.82 11.5426C47.5756 11.0369 47.4535 10.4489 47.4535 9.77841C47.4535 9.10795 47.5756 8.51705 47.82 8.00568C48.0671 7.49148 48.4109 7.09091 48.8512 6.80398C49.2944 6.5142 49.8114 6.36932 50.4023 6.36932C50.7433 6.36932 51.0799 6.42614 51.4123 6.53977C51.7447 6.65341 52.0472 6.83807 52.32 7.09375C52.5927 7.34659 52.81 7.68182 52.9719 8.09943C53.1339 8.51705 53.2148 9.03125 53.2148 9.64205V10.0682H48.1694V9.19886H52.1921C52.1921 8.82955 52.1183 8.5 51.9705 8.21023C51.8256 7.92045 51.6183 7.69176 51.3484 7.52415C51.0813 7.35653 50.766 7.27273 50.4023 7.27273C50.0018 7.27273 49.6552 7.37216 49.3626 7.57102C49.0728 7.76705 48.8498 8.02273 48.6935 8.33807C48.5373 8.65341 48.4592 8.99148 48.4592 9.35227V9.93182C48.4592 10.4261 48.5444 10.8452 48.7148 11.1889C48.8881 11.5298 49.1282 11.7898 49.435 11.9688C49.7418 12.1449 50.0984 12.233 50.5046 12.233C50.7688 12.233 51.0075 12.196 51.2205 12.1222C51.4364 12.0455 51.6225 11.9318 51.7788 11.7812C51.935 11.6278 52.0558 11.4375 52.141 11.2102L53.1126 11.483C53.0103 11.8125 52.8384 12.1023 52.5969 12.3523C52.3555 12.5994 52.0572 12.7926 51.7021 12.9318C51.3469 13.0682 50.9478 13.1364 50.5046 13.1364ZM57.2163 13.1364C56.6708 13.1364 56.1893 12.9986 55.7717 12.723C55.354 12.4446 55.0273 12.0526 54.7915 11.5469C54.5558 11.0384 54.4379 10.4375 54.4379 9.74432C54.4379 9.05682 54.5558 8.46023 54.7915 7.95455C55.0273 7.44886 55.3555 7.05824 55.7759 6.78267C56.1964 6.5071 56.6822 6.36932 57.2333 6.36932C57.6594 6.36932 57.9961 6.44034 58.2433 6.58239C58.4933 6.72159 58.6836 6.88068 58.8143 7.05966C58.9478 7.2358 59.0515 7.38068 59.1254 7.49432H59.2106V4.27273H60.2163V13H59.2447V11.9943H59.1254C59.0515 12.1136 58.9464 12.2642 58.81 12.446C58.6737 12.625 58.479 12.7855 58.2262 12.9276C57.9734 13.0668 57.6367 13.1364 57.2163 13.1364ZM57.3526 12.233C57.756 12.233 58.0969 12.1278 58.3754 11.9176C58.6538 11.7045 58.8654 11.4105 59.0103 11.0355C59.1552 10.6577 59.2276 10.2216 59.2276 9.72727C59.2276 9.23864 59.1566 8.81108 59.0146 8.4446C58.8725 8.07528 58.6623 7.78835 58.3839 7.58381C58.1055 7.37642 57.7617 7.27273 57.3526 7.27273C56.9265 7.27273 56.5714 7.3821 56.2873 7.60085C56.006 7.81676 55.7944 8.1108 55.6523 8.48295C55.5131 8.85227 55.4435 9.26705 55.4435 9.72727C55.4435 10.1932 55.5146 10.6165 55.6566 10.9972C55.8015 11.375 56.0146 11.6761 56.2958 11.9006C56.5799 12.1222 56.9322 12.233 57.3526 12.233Z" fill="#9E9E9E"></path></svg></div><a class="pIpigb" title="JDprismventures 65 W Power GaN 6.5 A Wall Charger for Mobile" target="_blank" rel="noopener noreferrer" href="/jdprismventures-65-w-power-gan-6-5-wall-charger-mobile/p/itmc9922d7679441?pid=ACCHZ6FSSGHSG36B&amp;lid=LSTACCHZ6FSSGHSG36BI2CYKX&amp;marketplace=FLIPKART&amp;q=LSTERGHP8HG8CJUABTGYQVQRS&amp;store=search.flipkart.com&amp;srno=s_1_2&amp;otracker=search&amp;fm=organic&amp;iid=en_KgyAxcSoevqk9sXdceqlLIF0U1J69O9MAVeaNis5ZAbeXLq6DKTO4Xgrb2x4kG-6pdi_ldlDE752CMraCnKxBFf0AVHLlHAaVEGjlBCGjTF4jjMhT19yIN_yqwplf5yx&amp;ppt=None&amp;ppn=None&amp;ssid=km2e65hgkg0000001790496364815&amp;qH=0330ad6eea85baab&amp;ov_redirect=true&amp;ov_redirect=true">JDprismventures 65 W Power GaN 6.5 A Wall Charger for M...</a><div class="U_GKRr">Orange</div><a class="fb4uj3" target="_blank" rel="noopener noreferrer" href="/jdprismventures-65-w-power-gan-6-5-wall-charger-mobile/p/itmc9922d7679441?pid=ACCHZ6FSSGHSG36B&amp;lid=LSTACCHZ6FSSGHSG36BI2CYKX&amp;marketplace=FLIPKART&amp;q=LSTERGHP8HG8CJUABTGYQVQRS&amp;store=search.flipkart.com&amp;srno=s_1_2&amp;otracker=search&amp;fm=organic&amp;iid=en_KgyAxcSoevqk9sXdceqlLIF0U1J69O9MAVeaNis5ZAbeXLq6DKTO4Xgrb2x4kG-6pdi_ldlDE752CMraCnKxBFf0AVHLlHAaVEGjlBCGjTF4jjMhT19yIN_yqwplf5yx&amp;ppt=None&amp;ppn=None&amp;ssid=km2e65hgkg0000001790496364815&amp;qH=0330ad6eea85baab&amp;ov_redirect=true&amp;ov_redirect=true"><div class="QiMO5r"><div class="hZ3P6w">₹1,445</div><div class="kRYCnD">₹<!-- -->2,999</div><div class="HQe8jr"><span>51% off</span></div></div></a></div></div><div data-id="GAMHNQ88MFPZ3XXU" style="width:25%"><div class="RGLWAk"><a class="GnxRXv" target="_blank" rel="noopener noreferrer" href="/gta-san-andreas-definative-edition-offline-only-game-dvd-definative-edition/p/itm2030b808fe347?pid=GAMHNQ88MFPZ3XXU&amp;lid=LSTGAMHNQ88MFPZ3XXUE98ALH&amp;marketplace=FLIPKART&amp;q=LSTERGHP8HG8CJUABTGYQVQRS&amp;store=search.flipkart.com&amp;srno=s_1_3&amp;otracker=search&amp;fm=organic&amp;iid=fa1f4cda-67d0-4e3d-87da-8a18daff88ff.GAMHNQ88MFPZ3XXU.SEARCH&amp;ppt=None&amp;ppn=None&amp;ssid=km2e65hgkg0000001790496364815&amp;qH=0330ad6eea85baab&amp;ov_redirect=true&amp;ov_redirect=true"><div><div><div class="lWX0_T" style="height:280px;width:200px"><img loading="eager" class="UCc1lI" alt="GTA San Andreas Definative Edition| Offline Only | Game DVD (Definative Edition)" src="https://rukminim2.flixcart.com/image/612/612/xif0q/physical-game/c/t/a/no-definative-edition-gta-san-andreas-definative-edition-offline-original-imahnq88y4tegjgv.jpeg?q=70"/></div></div></div><div class="SJekt1 bEnCjh"><div class="JiknFv"><svg xmlns="http://www.w3.org/2000/svg" class="rE8OAo" width="16" height="16" viewBox="0 0 20 16"><path d="M8.695 16.682C4.06 12.382 1 9.536 1 6.065 1 3.219 3.178 1 5.95 1c1.566 0 3.069.746 4.05 1.915C10.981 1.745 12.484 1 14.05 1 16.822 1 19 3.22 19 6.065c0 3.471-3.06 6.316-7.695 10.617L10 17.897l-1.305-1.215z" fill="#2874F0" class="JX9D2X" stroke="#FFF" fill-rule="evenodd" opacity=".9"></path></svg></div></div></a><a class="pIpigb" title="GTA San Andreas Definative Edition| Offline Only | Game DVD (Definative Edition)" target="_blank" rel="noopener noreferrer" href="/gta-san-andreas-definative-edition-offline-only-game-dvd-definative-edition/p/itm2030b808fe347?pid=GAMHNQ88MFPZ3XXU&amp;lid=LSTGAMHNQ88MFPZ3XXUE98ALH&amp;marketplace=FLIPKART&amp;q=LSTERGHP8HG8CJUABTGYQVQRS&amp;store=search.flipkart.com&amp;srno=s_1_3&amp;otracker=search&amp;fm=organic&amp;iid=fa1f4cda-67d0-4e3d-87da-8a18daff88ff.GAMHNQ88MFPZ3XXU.SEARCH&amp;ppt=None&amp;ppn=None&amp;ssid=km2e65hgkg0000001790496364815&amp;qH=0330ad6eea85baab&amp;ov_redirect=true&amp;ov_redirect=true">GTA San Andreas Definative Edition| Offline Only | Game...</a><div class="U_GKRr">Game, for PC</div><div class="a7saXW WDsrYC"><span id="productRating_LSTGAMHNQ88MFPZ3XXUE98ALH_GAMHNQ88MFPZ3XXU_" class="CjyrHS"><div class="MKiFS6">3<img src="data:image/svg+xml;base64,PHN2ZyB4bWxucz0iaHR0cDovL3d3dy53My5vcmcvMjAwMC9zdmciIHdpZHRoPSIxMyIgaGVpZ2h0PSIxMiI+PHBhdGggZmlsbD0iI0ZGRiIgZD0iTTYuNSA5LjQzOWwtMy42NzQgMi4yMy45NC00LjI2LTMuMjEtMi44ODMgNC4yNTQtLjQwNEw2LjUuMTEybDEuNjkgNC4wMSA0LjI1NC40MDQtMy4yMSAyLjg4Mi45NCA0LjI2eiIvPjwvc3ZnPg==" class="PZfbSE"/></div></span><span class="PvbNMB">(2)</span></div><a class="fb4uj3" target="_blank" rel="noopener noreferrer" href="/gta-san-andreas-definative-edition-offline-only-game-dvd-definative-edition/p/itm2030b808fe347?pid=GAMHNQ88MFPZ3XXU&amp;lid=LSTGAMHNQ88MFPZ3XXUE98ALH&amp;marketplace=FLIPKART&amp;q=LSTERGHP8HG8CJUABTGYQVQRS&amp;store=search.flipkart.com&amp;srno=s_1_3&amp;otracker=search&amp;fm=organic&amp;iid=fa1f4cda-67d0-4e3d-87da-8a18daff88ff.GAMHNQ88MFPZ3XXU.SEARCH&amp;ppt=None&amp;ppn=None&amp;ssid=km2e65hgkg0000001790496364815&amp;qH=0330ad6eea85baab&amp;ov_redirect=true&amp;ov_redirect=true"><div class="QiMO5r"><div class="hZ3P6w">₹378</div><div class="kRYCnD">₹<!-- -->899</div><div class="HQe8jr"><span>57% off</span></div></div></a><div class="MaiFhH"><div class="hx1EGN"><div class="HZ0E6r Rm9_cy" style="color:#C70055;font-size:12px;font-weight:700">Only few left</div></div></div></div></div><div data-id="MONF4WBNPAADGXQV" style="width:25%"><div class="RGLWAk"><a class="GnxRXv" target="_blank" rel="noopener noreferrer" href="/lg-46-99-cm-19-inch-hd-led-backlit-tn-panel-monitor-19m38hb-b-btrs/p/itmeuchf5jfmqw8x?pid=MONF4WBNPAADGXQV&amp;lid=LSTMONF4WBNPAADGXQVJVJV0P&amp;marketplace=FLIPKART&amp;q=LSTERGHP8HG8CJUABTGYQVQRS&amp;store=search.flipkart.com&amp;srno=s_1_4&amp;otracker=search&amp;fm=organic&amp;iid=fa1f4cda-67d0-4e3d-87da-8a18daff88ff.MONF4WBNPAADGXQV.SEARCH&amp;ppt=None&amp;ppn=None&amp;ssid=km2e65hgkg0000001790496364815&amp;qH=0330ad6eea85baab&amp;ov_redirect=true&amp;ov_redirect=true"><div><div><div class="lWX0_T" style="height:280px;width:200px"><img loading="eager" class="UCc1lI" alt="LG 46.99 cm (19 inch) HD LED Backlit TN Panel Monitor (19M38HB-B.BTRS)" src="https://rukminim2.flixcart.com/image/612/612/xif0q/monitor/z/k/a/-original-imagpu2tdgyjnrxu.jpeg?q=70"/></div></div></div><div class="SJekt1 bEnCjh"><div class="JiknFv"><svg xmlns="http://www.w3.org/2000/svg" class="rE8OAo" width="16" height="16" viewBox="0 0 20 16"><path d="M8.695 16.682C4.06 12.382 1 9.536 1 6.065 1 3.219 3.178 1 5.95 1c1.566 0 3.069.746 4.05 1.915C10.981 1.745 12.484 1 14.05 1 16.822 1 19 3.22 19 6.065c0 3.471-3.06 6.316-7.695 10.617L10 17.897l-1.305-1.215z" fill="#2874F0" class="JX9D2X" stroke="#FFF" fill-rule="evenodd" opacity=".9"></path></svg></div></div></a><a class="pIpigb" title="LG 46.99 cm (19 inch) HD LED Backlit TN Panel Monitor (19M38HB-B.BTRS)" target="_blank" rel="noopener noreferrer" href="/lg-46-99-cm-19-inch-hd-led-backlit-tn-panel-monitor-19m38hb-b-btrs/p/itmeuchf5jfmqw8x?pid=MONF4WBNPAADGXQV&amp;lid=LSTMONF4WBNPAADGXQVJVJV0P&amp;marketplace=FLIPKART&amp;q=LSTERGHP8HG8CJUABTGYQVQRS&amp;store=search.flipkart.com&amp;srno=s_1_4&amp;otracker=search&amp;fm=organic&amp;iid=fa1f4cda-67d0-4e3d-87da-8a18daff88ff.MONF4WBNPAADGXQV.SEARCH&amp;ppt=None&amp;ppn=None&amp;ssid=km2e65hgkg0000001790496364815&amp;qH=0330ad6eea85baab&amp;ov_redirect=true&amp;ov_redirect=true">LG 46.99 cm (19 inch) HD LED Backlit TN Panel Monitor (...</a><div class="U_GKRr">Response Time: 5 ms, 60 Hz Refresh Rate</div><div class="a7saXW WDsrYC"><span id="productRating_LSTMONF4WBNPAADGXQVJVJV0P_MONF4WBNPAADGXQV_" class="CjyrHS"><div class="MKiFS6">4.2<img src="data:image/svg+xml;base64,PHN2ZyB4bWxucz0iaHR0cDovL3d3dy53My5vcmcvMjAwMC9zdmciIHdpZHRoPSIxMyIgaGVpZ2h0PSIxMiI+PHBhdGggZmlsbD0iI0ZGRiIgZD0iTTYuNSA5LjQzOWwtMy42NzQgMi4yMy45NC00LjI2LTMuMjEtMi44ODMgNC4yNTQtLjQwNEw2LjUuMTEybDEuNjkgNC4wMSA0LjI1NC40MDQtMy4yMSAyLjg4Mi45NCA0LjI2eiIvPjwvc3ZnPg==" class="PZfbSE"/></div></span><span class="PvbNMB">(1,527)</span></div><div class="FIdGa1"><img height="21" src="//static-assets-web.flixcart.com/fk-p-linchpin-web/fk-cp-zion/img/fa_9e47c1.png"/></div><a class="fb4uj3" target="_blank" rel="noopener noreferrer" href="/lg-46-99-cm-19-inch-hd-led-backlit-tn-panel-monitor-19m38hb-b-btrs/p/itmeuchf5jfmqw8x?pid=MONF4WBNPAADGXQV&amp;lid=LSTMONF4WBNPAADGXQVJVJV0P&amp;marketplace=FLIPKART&amp;q=LSTERGHP8HG8CJUABTGYQVQRS&amp;store=search.flipkart.com&amp;srno=s_1_4&amp;otracker=search&amp;fm=organic&amp;iid=fa1f4cda-67d0-4e3d-87da-8a18daff88ff.MONF4WBNPAADGXQV.SEARCH&amp;ppt=None&amp;ppn=None&amp;ssid=km2e65hgkg0000001790496364815&amp;qH=0330ad6eea85baab&amp;ov_redirect=true&amp;ov_redirect=true"><div class="QiMO5r"><div class="hZ3P6w">₹6,299</div><div class="kRYCnD">₹<!-- -->7,999</div><div class="HQe8jr"><span>21% off</span></div></div></a><div class="MaiFhH"><div class="hx1EGN" style="padding-top:4px;padding-right:4px;padding-bottom:4px;padding-left:4px;border-radius:2px;background-color:#F4F2FF"><div class="HZ0E6r Rm9_cy" style="color:#5209DB;font-size:12px;font-style:normal;font-weight:500">Big Billion Days Price</div></div></div></div></div></div></div><div class="lvJbLV col-12-12"><div class="nZIRY7"><div data-id="WMNHBK4HGV8VVH8G" style="width:25%"><div class="RGLWAk"><a class="GnxRXv" target="_blank" rel="noopener noreferrer" href="/godrej-8-kg-inbuilt-heater-unbalanced-load-sensing-fully-automatic-top-washing-machine-in-built-grey/p/itme4b97eaccaa08?pid=WMNHBK4HGV8VVH8G&amp;lid=LSTWMNHBK4HGV8VVH8GPDRVPP&amp;marketplace=FLIPKART&amp;q=LSTERGHP8HG8CJUABTGYQVQRS&amp;store=search.flipkart.com&amp;srno=s_1_5&amp;otracker=search&amp;fm=organic&amp;iid=fa1f4cda-67d0-4e3d-87da-8a18daff88ff.WMNHBK4HGV8VVH8G.SEARCH&amp;ppt=None&amp;ppn=None&amp;ssid=km2e65hgkg0000001790496364815&amp;qH=0330ad6eea85baab&amp;ov_redirect=true&amp;ov_redirect=true"><div><div><div class="lWX0_T" style="height:280px;width:200px"><img loading="eager" class="UCc1lI" alt="Godrej 8 kg Inbuilt Heater with Unbalanced Load Sensing Fully Automatic Top Load Washing Machine with In-built Heater Grey" src="https://rukminim2.flixcart.com/image/612/612/xif0q/washing-machine-new/u/x/2/-resized-original-imahmjqshbgaz4tn.jpeg?q=70"/></div></div></div><div class="SJekt1 bEnCjh"><div class="JiknFv"><svg xmlns="http://www.w3.org/2000/svg" class="rE8OAo" width="16" height="16" viewBox="0 0 20 16"><path d="M8.695 16.682C4.06 12.382 1 9.536 1 6.065 1 3.219 3.178 1 5.95 1c1.566 0 3.069.746 4.05 1.915C10.981 1.745 12.484 1 14.05 1 16.822 1 19 3.22 19 6.065c0 3.471-3.06 6.316-7.695 10.617L10 17.897l-1.305-1.215z" fill="#2874F0" class="JX9D2X" stroke="#FFF" fill-rule="evenodd" opacity=".9"></path></svg></div></div></a><a class="pIpigb" title="Godrej 8 kg Inbuilt Heater with Unbalanced Load Sensing Fully Automatic Top Load Washing Machine with In-built Heater Grey" target="_blank" rel="noopener noreferrer" href="/godrej-8-kg-inbuilt-heater-unbalanced-load-sensing-fully-automatic-top-washing-machine-in-built-grey/p/itme4b97eaccaa08?pid=WMNHBK4HGV8VVH8G&amp;lid=LSTWMNHBK4HGV8VVH8GPDRVPP&amp;marketplace=FLIPKART&amp;q=LSTERGHP8HG8CJUABTGYQVQRS&amp;store=search.flipkart.com&amp;srno=s_1_5&amp;otracker=search&amp;fm=organic&amp;iid=fa1f4cda-67d0-4e3d-87da-8a18daff88ff.WMNHBK4HGV8VVH8G.SEARCH&amp;ppt=None&amp;ppn=None&amp;ssid=km2e65hgkg0000001790496364815&amp;qH=0330ad6eea85baab&amp;ov_redirect=true&amp;ov_redirect=true">Godrej 8 kg Inbuilt Heater with Unbalanced Load Sensing...</a><div class="U_GKRr">WTEON ADAC 80 5.0 FEFH GLGR</div><div class="a7saXW WDsrYC"><span id="productRating_LSTWMNHBK4HGV8VVH8GPDRVPP_WMNHBK4HGV8VVH8G_" class="CjyrHS"><div class="MKiFS6">4.2<img src="data:image/svg+xml;base64,PHN2ZyB4bWxucz0iaHR0cDovL3d3dy53My5vcmcvMjAwMC9zdmciIHdpZHRoPSIxMyIgaGVpZ2h0PSIxMiI+PHBhdGggZmlsbD0iI0ZGRiIgZD0iTTYuNSA5LjQzOWwtMy42NzQgMi4yMy45NC00LjI2LTMuMjEtMi44ODMgNC4yNTQtLjQwNEw2LjUuMTEybDEuNjkgNC4wMSA0LjI1NC40MDQtMy4yMSAyLjg4Mi45NCA0LjI2eiIvPjwvc3ZnPg==" class="PZfbSE"/></div></span><span class="PvbNMB">(7,279)</span></div><div class="FIdGa1"><img height="21" src="//static-assets-web.flixcart.com/fk-p-linchpin-web/fk-cp-zion/img/fa_9e47c1.png"/></div><a class="fb4uj3" target="_blank" rel="noopener noreferrer" href="/godrej-8-kg-inbuilt-heater-unbalanced-load-sensing-fully-automatic-top-washing-machine-in-built-grey/p/itme4b97eaccaa08?pid=WMNHBK4HGV8VVH8G&amp;lid=LSTWMNHBK4HGV8VVH8GPDRVPP&amp;marketplace=FLIPKART&amp;q=LSTERGHP8HG8CJUABTGYQVQRS&amp;store=search.flipkart.com&amp;srno=s_1_5&amp;otracker=search&amp;fm=organic&amp;iid=fa1f4cda-67d0-4e3d-87da-8a18daff88ff.WMNHBK4HGV8VVH8G.SEARCH&amp;ppt=None&amp;ppn=None&amp;ssid=km2e65hgkg0000001790496364815&amp;qH=0330ad6eea85baab&amp;ov_redirect=true&amp;ov_redirect=true"><div class="QiMO5r"><div class="hZ3P6w">₹19,470</div><div class="kRYCnD">₹<!-- -->34,000</div><div class="HQe8jr"><span>42% off</span></div></div></a><div class="MaiFhH"><div class="hx1EGN" style="padding-top:4px;padding-right:4px;padding-bottom:4px;padding-left:4px;border-radius:2px;background-color:#E7F8EC"><div class="HZ0E6r Rm9_cy" style="color:#26A541;font-size:12px;font-weight:700">Hot Deal</div></div></div><div class="t2K9pO"><div class="ruPvob"><div class="FJ7IAS"><span class="ZhHnSZ"><label class="BMOCJ3"><input type="checkbox" class="UXWKAE" readonly=""/><div class="ybaCDx"></div></label></span><label class="fU6cHR"><span>Add to Compare</span></label></div></div></div></div></div><div data-id="ACCHMY5KTBRGDGUH" style="width:25%"><div class="RGLWAk"><a class="GnxRXv" target="_blank" rel="noopener noreferrer" href="/seagate-one-touch-desktop-external-hard-drive-8-tb-disk-hdd/p/itmbf7f2c0228b54?pid=ACCHMY5KTBRGDGUH&amp;lid=LSTACCHMY5KTBRGDGUH86I3US&amp;marketplace=FLIPKART&amp;q=LSTERGHP8HG8CJUABTGYQVQRS&amp;store=search.flipkart.com&amp;srno=s_1_6&amp;otracker=search&amp;fm=organic&amp;iid=en_KgyAxcSoevqk9sXdceqlLIF0U1J69O9MAVeaNis5ZAad2KhDRx58MAIJvUkP874ZjOCqhRRYhLi40BUMOzdTrgQaZh9lw8-_LYTHIpCs5AqK2W4pUP6RCRSgqDZM4OsB&amp;ppt=None&amp;ppn=None&amp;ssid=km2e65hgkg0000001790496364815&amp;qH=0330ad6eea85baab&amp;ov_redirect=true&amp;ov_redirect=true"><div><div><div class="lWX0_T" style="height:280px;width:200px"><img loading="eager" class="UCc1lI" alt="Seagate One Touch desktop external hard drive 8 TB External Hard Disk Drive (HDD)" src="https://rukminim2.flixcart.com/image/612/612/xif0q/external-hard-drive/h/p/k/-original-imahzw9ygwpd8sct.jpeg?q=70"/></div></div></div><div class="SJekt1 bEnCjh"><div class="JiknFv"><svg xmlns="http://www.w3.org/2000/svg" class="rE8OAo" width="16" height="16" viewBox="0 0 20 16"><path d="M8.695 16.682C4.06 12.382 1 9.536 1 6.065 1 3.219 3.178 1 5.95 1c1.566 0 3.069.746 4.05 1.915C10.981 1.745 12.484 1 14.05 1 16.822 1 19 3.22 19 6.065c0 3.471-3.06 6.316-7.695 10.617L10 17.897l-1.305-1.215z" fill="#2874F0" class="JX9D2X" stroke="#FFF" fill-rule="evenodd" opacity=".9"></path></svg></div></div></a><div class="IxWX8O"><svg width="62" height="18" xmlns="http://www.w3.org/2000/svg" class=""><rect width="62" height="18" fill="white"></rect><path d="M5.82955 6.45455C5.77841 6.02273 5.57102 5.6875 5.20739 5.44886C4.84375 5.21023 4.39773 5.09091 3.86932 5.09091C3.48295 5.09091 3.14489 5.15341 2.85511 5.27841C2.56818 5.40341 2.34375 5.57528 2.18182 5.79403C2.02273 6.01278 1.94318 6.26136 1.94318 6.53977C1.94318 6.77273 1.99858 6.97301 2.10938 7.14062C2.22301 7.3054 2.3679 7.44318 2.54403 7.55398C2.72017 7.66193 2.90483 7.75142 3.09801 7.82244C3.29119 7.89062 3.46875 7.94602 3.63068 7.98864L4.51705 8.22727C4.74432 8.28693 4.99716 8.36932 5.27557 8.47443C5.55682 8.57955 5.82528 8.72301 6.08097 8.90483C6.33949 9.08381 6.55256 9.31392 6.72017 9.59517C6.88778 9.87642 6.97159 10.2216 6.97159 10.6307C6.97159 11.1023 6.84801 11.5284 6.60085 11.9091C6.35653 12.2898 5.99858 12.5923 5.52699 12.8168C5.05824 13.0412 4.48864 13.1534 3.81818 13.1534C3.19318 13.1534 2.65199 13.0526 2.1946 12.8509C1.74006 12.6491 1.3821 12.3679 1.12074 12.0071C0.862216 11.6463 0.715909 11.2273 0.681818 10.75H1.77273C1.80114 11.0795 1.91193 11.3523 2.10511 11.5682C2.30114 11.7812 2.5483 11.9403 2.84659 12.0455C3.14773 12.1477 3.47159 12.1989 3.81818 12.1989C4.22159 12.1989 4.58381 12.1335 4.90483 12.0028C5.22585 11.8693 5.48011 11.6847 5.66761 11.4489C5.85511 11.2102 5.94886 10.9318 5.94886 10.6136C5.94886 10.3239 5.8679 10.0881 5.70597 9.90625C5.54403 9.72443 5.33097 9.5767 5.06676 9.46307C4.80256 9.34943 4.51705 9.25 4.21023 9.16477L3.13636 8.85795C2.45455 8.66193 1.91477 8.3821 1.51705 8.01847C1.11932 7.65483 0.920455 7.17898 0.920455 6.59091C0.920455 6.10227 1.05256 5.67614 1.31676 5.3125C1.58381 4.94602 1.94176 4.66193 2.39062 4.46023C2.84233 4.25568 3.34659 4.15341 3.90341 4.15341C4.46591 4.15341 4.96591 4.25426 5.40341 4.45597C5.84091 4.65483 6.1875 4.92756 6.44318 5.27415C6.7017 5.62074 6.83807 6.0142 6.85227 6.45455H5.82955ZM8.5728 15.4545V6.45455H9.54439V7.49432H9.66371C9.73757 7.38068 9.83984 7.2358 9.97053 7.05966C10.104 6.88068 10.2944 6.72159 10.5415 6.58239C10.7915 6.44034 11.1296 6.36932 11.5558 6.36932C12.1069 6.36932 12.5927 6.5071 13.0131 6.78267C13.4336 7.05824 13.7617 7.44886 13.9975 7.95455C14.2333 8.46023 14.3512 9.05682 14.3512 9.74432C14.3512 10.4375 14.2333 11.0384 13.9975 11.5469C13.7617 12.0526 13.435 12.4446 13.0174 12.723C12.5998 12.9986 12.1183 13.1364 11.5728 13.1364C11.1523 13.1364 10.8157 13.0668 10.5629 12.9276C10.31 12.7855 10.1154 12.625 9.97905 12.446C9.84268 12.2642 9.73757 12.1136 9.66371 11.9943H9.57848V15.4545H8.5728ZM9.56143 9.72727C9.56143 10.2216 9.63388 10.6577 9.77876 11.0355C9.92365 11.4105 10.1353 11.7045 10.4137 11.9176C10.6921 12.1278 11.033 12.233 11.4364 12.233C11.8569 12.233 12.2077 12.1222 12.489 11.9006C12.7731 11.6761 12.9862 11.375 13.1282 10.9972C13.2731 10.6165 13.3455 10.1932 13.3455 9.72727C13.3455 9.26705 13.2745 8.85227 13.1325 8.48295C12.9933 8.1108 12.7816 7.81676 12.4975 7.60085C12.2163 7.3821 11.8626 7.27273 11.4364 7.27273C11.0273 7.27273 10.6836 7.37642 10.4052 7.58381C10.1268 7.78835 9.91655 8.07528 9.7745 8.4446C9.63246 8.81108 9.56143 9.23864 9.56143 9.72727ZM18.5444 13.1364C17.9535 13.1364 17.435 12.9957 16.989 12.7145C16.5458 12.4332 16.1992 12.0398 15.9492 11.5341C15.7021 11.0284 15.5785 10.4375 15.5785 9.76136C15.5785 9.07955 15.7021 8.48437 15.9492 7.97585C16.1992 7.46733 16.5458 7.07244 16.989 6.79119C17.435 6.50994 17.9535 6.36932 18.5444 6.36932C19.1353 6.36932 19.6523 6.50994 20.0955 6.79119C20.5415 7.07244 20.8881 7.46733 21.1353 7.97585C21.3853 8.48437 21.5103 9.07955 21.5103 9.76136C21.5103 10.4375 21.3853 11.0284 21.1353 11.5341C20.8881 12.0398 20.5415 12.4332 20.0955 12.7145C19.6523 12.9957 19.1353 13.1364 18.5444 13.1364ZM18.5444 12.233C18.9933 12.233 19.3626 12.1179 19.6523 11.8878C19.9421 11.6577 20.1566 11.3551 20.2958 10.9801C20.435 10.6051 20.5046 10.1989 20.5046 9.76136C20.5046 9.32386 20.435 8.91619 20.2958 8.53835C20.1566 8.16051 19.9421 7.85511 19.6523 7.62216C19.3626 7.3892 18.9933 7.27273 18.5444 7.27273C18.0955 7.27273 17.7262 7.3892 17.4364 7.62216C17.1467 7.85511 16.9322 8.16051 16.793 8.53835C16.6538 8.91619 16.5842 9.32386 16.5842 9.76136C16.5842 10.1989 16.6538 10.6051 16.793 10.9801C16.9322 11.3551 17.1467 11.6577 17.4364 11.8878C17.7262 12.1179 18.0955 12.233 18.5444 12.233ZM24.0511 9.0625V13H23.0455V6.45455H24.017V7.47727H24.1023C24.2557 7.14489 24.4886 6.87784 24.8011 6.67614C25.1136 6.47159 25.517 6.36932 26.0114 6.36932C26.4545 6.36932 26.8423 6.46023 27.1747 6.64205C27.5071 6.82102 27.7656 7.09375 27.9503 7.46023C28.1349 7.82386 28.2273 8.28409 28.2273 8.84091V13H27.2216V8.90909C27.2216 8.39489 27.0881 7.99432 26.821 7.70739C26.554 7.41761 26.1875 7.27273 25.7216 7.27273C25.4006 7.27273 25.1136 7.34233 24.8608 7.48153C24.6108 7.62074 24.4134 7.82386 24.2685 8.09091C24.1236 8.35795 24.0511 8.68182 24.0511 9.0625ZM34.7013 7.92045L33.7979 8.17614C33.7411 8.02557 33.6573 7.87926 33.5465 7.73722C33.4386 7.59233 33.2908 7.47301 33.1033 7.37926C32.9158 7.28551 32.6758 7.23864 32.3832 7.23864C31.9826 7.23864 31.6488 7.33097 31.3817 7.51562C31.1175 7.69744 30.9854 7.92898 30.9854 8.21023C30.9854 8.46023 31.0763 8.65767 31.2582 8.80256C31.44 8.94744 31.7241 9.06818 32.1104 9.16477L33.082 9.40341C33.6673 9.54545 34.1033 9.76278 34.3903 10.0554C34.6772 10.3452 34.8207 10.7187 34.8207 11.1761C34.8207 11.5511 34.7127 11.8864 34.4968 12.1818C34.2837 12.4773 33.9854 12.7102 33.6019 12.8807C33.2184 13.0511 32.7724 13.1364 32.2638 13.1364C31.5962 13.1364 31.0437 12.9915 30.6062 12.7017C30.1687 12.4119 29.8917 11.9886 29.7752 11.4318L30.7298 11.1932C30.8207 11.5455 30.9925 11.8097 31.2454 11.9858C31.5011 12.1619 31.8349 12.25 32.2468 12.25C32.7156 12.25 33.0877 12.1506 33.3633 11.9517C33.6417 11.75 33.7809 11.5085 33.7809 11.2273C33.7809 11 33.7013 10.8097 33.5423 10.6562C33.3832 10.5 33.1388 10.3835 32.8093 10.3068L31.7184 10.0511C31.119 9.90909 30.6786 9.68892 30.3974 9.39062C30.119 9.08949 29.9798 8.71307 29.9798 8.26136C29.9798 7.89205 30.0835 7.56534 30.2908 7.28125C30.5011 6.99716 30.7866 6.77415 31.1474 6.61222C31.511 6.45028 31.9229 6.36932 32.3832 6.36932C33.0309 6.36932 33.5394 6.51136 33.9087 6.79545C34.2809 7.07955 34.5451 7.45455 34.7013 7.92045ZM38.9936 13.1364C38.4027 13.1364 37.8842 12.9957 37.4382 12.7145C36.995 12.4332 36.6484 12.0398 36.3984 11.5341C36.1513 11.0284 36.0277 10.4375 36.0277 9.76136C36.0277 9.07955 36.1513 8.48437 36.3984 7.97585C36.6484 7.46733 36.995 7.07244 37.4382 6.79119C37.8842 6.50994 38.4027 6.36932 38.9936 6.36932C39.5845 6.36932 40.1016 6.50994 40.5447 6.79119C40.9908 7.07244 41.3374 7.46733 41.5845 7.97585C41.8345 8.48437 41.9595 9.07955 41.9595 9.76136C41.9595 10.4375 41.8345 11.0284 41.5845 11.5341C41.3374 12.0398 40.9908 12.4332 40.5447 12.7145C40.1016 12.9957 39.5845 13.1364 38.9936 13.1364ZM38.9936 12.233C39.4425 12.233 39.8118 12.1179 40.1016 11.8878C40.3913 11.6577 40.6058 11.3551 40.745 10.9801C40.8842 10.6051 40.9538 10.1989 40.9538 9.76136C40.9538 9.32386 40.8842 8.91619 40.745 8.53835C40.6058 8.16051 40.3913 7.85511 40.1016 7.62216C39.8118 7.3892 39.4425 7.27273 38.9936 7.27273C38.5447 7.27273 38.1754 7.3892 37.8857 7.62216C37.5959 7.85511 37.3814 8.16051 37.2422 8.53835C37.103 8.91619 37.0334 9.32386 37.0334 9.76136C37.0334 10.1989 37.103 10.6051 37.2422 10.9801C37.3814 11.3551 37.5959 11.6577 37.8857 11.8878C38.1754 12.1179 38.5447 12.233 38.9936 12.233ZM43.4947 13V6.45455H44.4663V7.44318H44.5344C44.6538 7.11932 44.8697 6.85653 45.1822 6.65483C45.4947 6.45312 45.8469 6.35227 46.239 6.35227C46.3129 6.35227 46.4052 6.35369 46.516 6.35653C46.6268 6.35937 46.7106 6.36364 46.7674 6.36932V7.39205C46.7333 7.38352 46.6552 7.37074 46.533 7.35369C46.4137 7.33381 46.2873 7.32386 46.1538 7.32386C45.8356 7.32386 45.5515 7.39062 45.3015 7.52415C45.0543 7.65483 44.8583 7.83665 44.7134 8.0696C44.5714 8.29972 44.5004 8.5625 44.5004 8.85795V13H43.4947ZM50.5046 13.1364C49.8739 13.1364 49.3299 12.9972 48.8725 12.7188C48.418 12.4375 48.0671 12.0455 47.82 11.5426C47.5756 11.0369 47.4535 10.4489 47.4535 9.77841C47.4535 9.10795 47.5756 8.51705 47.82 8.00568C48.0671 7.49148 48.4109 7.09091 48.8512 6.80398C49.2944 6.5142 49.8114 6.36932 50.4023 6.36932C50.7433 6.36932 51.0799 6.42614 51.4123 6.53977C51.7447 6.65341 52.0472 6.83807 52.32 7.09375C52.5927 7.34659 52.81 7.68182 52.9719 8.09943C53.1339 8.51705 53.2148 9.03125 53.2148 9.64205V10.0682H48.1694V9.19886H52.1921C52.1921 8.82955 52.1183 8.5 51.9705 8.21023C51.8256 7.92045 51.6183 7.69176 51.3484 7.52415C51.0813 7.35653 50.766 7.27273 50.4023 7.27273C50.0018 7.27273 49.6552 7.37216 49.3626 7.57102C49.0728 7.76705 48.8498 8.02273 48.6935 8.33807C48.5373 8.65341 48.4592 8.99148 48.4592 9.35227V9.93182C48.4592 10.4261 48.5444 10.8452 48.7148 11.1889C48.8881 11.5298 49.1282 11.7898 49.435 11.9688C49.7418 12.1449 50.0984 12.233 50.5046 12.233C50.7688 12.233 51.0075 12.196 51.2205 12.1222C51.4364 12.0455 51.6225 11.9318 51.7788 11.7812C51.935 11.6278 52.0558 11.4375 52.141 11.2102L53.1126 11.483C53.0103 11.8125 52.8384 12.1023 52.5969 12.3523C52.3555 12.5994 52.0572 12.7926 51.7021 12.9318C51.3469 13.0682 50.9478 13.1364 50.5046 13.1364ZM57.2163 13.1364C56.6708 13.1364 56.1893 12.9986 55.7717 12.723C55.354 12.4446 55.0273 12.0526 54.7915 11.5469C54.5558 11.0384 54.4379 10.4375 54.4379 9.74432C54.4379 9.05682 54.5558 8.46023 54.7915 7.95455C55.0273 7.44886 55.3555 7.05824 55.7759 6.78267C56.1964 6.5071 56.6822 6.36932 57.2333 6.36932C57.6594 6.36932 57.9961 6.44034 58.2433 6.58239C58.4933 6.72159 58.6836 6.88068 58.8143 7.05966C58.9478 7.2358 59.0515 7.38068 59.1254 7.49432H59.2106V4.27273H60.2163V13H59.2447V11.9943H59.1254C59.0515 12.1136 58.9464 12.2642 58.81 12.446C58.6737 12.625 58.479 12.7855 58.2262 12.9276C57.9734 13.0668 57.6367 13.1364 57.2163 13.1364ZM57.3526 12.233C57.756 12.233 58.0969 12.1278 58.3754 11.9176C58.6538 11.7045 58.8654 11.4105 59.0103 11.0355C59.1552 10.6577 59.2276 10.2216 59.2276 9.72727C59.2276 9.23864 59.1566 8.81108 59.0146 8.4446C58.8725 8.07528 58.6623 7.78835 58.3839 7.58381C58.1055 7.37642 57.7617 7.27273 57.3526 7.27273C56.9265 7.27273 56.5714 7.3821 56.2873 7.60085C56.006 7.81676 55.7944 8.1108 55.6523 8.48295C55.5131 8.85227 55.4435 9.26705 55.4435 9.72727C55.4435 10.1932 55.5146 10.6165 55.6566 10.9972C55.8015 11.375 56.0146 11.6761 56.2958 11.9006C56.5799 12.1222 56.9322 12.233 57.3526 12.233Z" fill="#9E9E9E"></path></svg></div><a class="pIpigb" title="Seagate One Touch desktop external hard drive 8 TB External Hard Disk Drive (HDD)" target="_blank" rel="noopener noreferrer" href="/seagate-one-touch-desktop-external-hard-drive-8-tb-disk-hdd/p/itmbf7f2c0228b54?pid=ACCHMY5KTBRGDGUH&amp;lid=LSTACCHMY5KTBRGDGUH86I3US&amp;marketplace=FLIPKART&amp;q=LSTERGHP8HG8CJUABTGYQVQRS&amp;store=search.flipkart.com&amp;srno=s_1_6&amp;otracker=search&amp;fm=organic&amp;iid=en_KgyAxcSoevqk9sXdceqlLIF0U1J69O9MAVeaNis5ZAad2KhDRx58MAIJvUkP874ZjOCqhRRYhLi40BUMOzdTrgQaZh9lw8-_LYTHIpCs5AqK2W4pUP6RCRSgqDZM4OsB&amp;ppt=None&amp;ppn=None&amp;ssid=km2e65hgkg0000001790496364815&amp;qH=0330ad6eea85baab&amp;ov_redirect=true&amp;ov_redirect=true">Seagate One Touch desktop external hard drive 8 TB Exte...</a><div class="U_GKRr">Space Grey</div><div class="a7saXW WDsrYC"><span id="productRating_LSTACCHMY5KTBRGDGUH86I3US_ACCHMY5KTBRGDGUH_" class="CjyrHS"><div class="MKiFS6">4.6<img src="data:image/svg+xml;base64,PHN2ZyB4bWxucz0iaHR0cDovL3d3dy53My5vcmcvMjAwMC9zdmciIHdpZHRoPSIxMyIgaGVpZ2h0PSIxMiI+PHBhdGggZmlsbD0iI0ZGRiIgZD0iTTYuNSA5LjQzOWwtMy42NzQgMi4yMy45NC00LjI2LTMuMjEtMi44ODMgNC4yNTQtLjQwNEw2LjUuMTEybDEuNjkgNC4wMSA0LjI1NC40MDQtMy4yMSAyLjg4Mi45NCA0LjI2eiIvPjwvc3ZnPg==" class="PZfbSE"/></div></span><span class="PvbNMB">(20)</span></div><div class="FIdGa1"><img height="21" src="//static-assets-web.flixcart.com/fk-p-linchpin-web/fk-cp-zion/img/fa_9e47c1.png"/></div><a class="fb4uj3" target="_blank" rel="noopener noreferrer" href="/seagate-one-touch-desktop-external-hard-drive-8-tb-disk-hdd/p/itmbf7f2c0228b54?pid=ACCHMY5KTBRGDGUH&amp;lid=LSTACCHMY5KTBRGDGUH86I3US&amp;marketplace=FLIPKART&amp;q=LSTERGHP8HG8CJUABTGYQVQRS&amp;store=search.flipkart.com&amp;srno=s_1_6&amp;otracker=search&amp;fm=organic&amp;iid=en_KgyAxcSoevqk9sXdceqlLIF0U1J69O9MAVeaNis5ZAad2KhDRx58MAIJvUkP874ZjOCqhRRYhLi40BUMOzdTrgQaZh9lw8-_LYTHIpCs5AqK2W4pUP6RCRSgqDZM4OsB&amp;ppt=None&amp;ppn=None&amp;ssid=km2e65hgkg0000001790496364815&amp;qH=0330ad6eea85baab&amp;ov_redirect=true&amp;ov_redirect=true"><div class="QiMO5r"><div class="hZ3P6w">₹29,499</div><div class="kRYCnD">₹<!-- -->49,999</div><div class="HQe8jr"><span>41% off</span></div></div></a><div class="MaiFhH"><div class="hx1EGN" style="padding-top:4px;padding-right:4px;padding-bottom:4px;padding-left:4px;border-radius:2px;background-color:#F4F2FF"><div class="HZ0E6r Rm9_cy" style="color:#5209DB;font-size:12px;font-style:normal;font-weight:500">Big Billion Days Price</div></div></div><div class="t2K9pO"><div class="ruPvob"><div class="FJ7IAS"><span class="ZhHnSZ"><label class="BMOCJ3"><input type="checkbox" class="UXWKAE" readonly=""/><div class="ybaCDx"></div></label></span><label class="fU6cHR"><span>Add to Compare</span></label></div></div></div></div></div><div data-id="PSRGQWT4QENHJZU7" style="width:25%"><div class="RGLWAk"><a class="GnxRXv" target="_blank" rel="noopener noreferrer" href="/processsor-ultra-i3-7100-3-9-ghz-lga-1151-2-core-processor-designed-desktop/p/itm4364b92851ae2?pid=PSRGQWT4QENHJZU7&amp;lid=LSTPSRGQWT4QENHJZU7PAEM4O&amp;marketplace=FLIPKART&amp;q=LSTERGHP8HG8CJUABTGYQVQRS&amp;store=search.flipkart.com&amp;srno=s_1_7&amp;otracker=search&amp;fm=organic&amp;iid=fa1f4cda-67d0-4e3d-87da-8a18daff88ff.PSRGQWT4QENHJZU7.SEARCH&amp;ppt=None&amp;ppn=None&amp;ssid=km2e65hgkg0000001790496364815&amp;qH=0330ad6eea85baab&amp;ov_redirect=true&amp;ov_redirect=true"><div><div><div class="lWX0_T" style="height:280px;width:200px"><img loading="eager" class="UCc1lI" alt="processsor Ultra I3-7100 3.9 GHz LGA 1151 2 Core Processor Designed for Desktop" src="https://rukminim2.flixcart.com/image/612/612/xif0q/processor/q/a/f/i3-7100-processsor-ultra-original-imahyjsyfcdws6ps.jpeg?q=70"/></div></div></div><div class="SJekt1 bEnCjh"><div class="JiknFv"><svg xmlns="http://www.w3.org/2000/svg" class="rE8OAo" width="16" height="16" viewBox="0 0 20 16"><path d="M8.695 16.682C4.06 12.382 1 9.536 1 6.065 1 3.219 3.178 1 5.95 1c1.566 0 3.069.746 4.05 1.915C10.981 1.745 12.484 1 14.05 1 16.822 1 19 3.22 19 6.065c0 3.471-3.06 6.316-7.695 10.617L10 17.897l-1.305-1.215z" fill="#2874F0" class="JX9D2X" stroke="#FFF" fill-rule="evenodd" opacity=".9"></path></svg></div></div></a><a class="pIpigb" title="processsor Ultra I3-7100 3.9 GHz LGA 1151 2 Core Processor Designed for Desktop" target="_blank" rel="noopener noreferrer" href="/processsor-ultra-i3-7100-3-9-ghz-lga-1151-2-core-processor-designed-desktop/p/itm4364b92851ae2?pid=PSRGQWT4QENHJZU7&amp;lid=LSTPSRGQWT4QENHJZU7PAEM4O&amp;marketplace=FLIPKART&amp;q=LSTERGHP8HG8CJUABTGYQVQRS&amp;store=search.flipkart.com&amp;srno=s_1_7&amp;otracker=search&amp;fm=organic&amp;iid=fa1f4cda-67d0-4e3d-87da-8a18daff88ff.PSRGQWT4QENHJZU7.SEARCH&amp;ppt=None&amp;ppn=None&amp;ssid=km2e65hgkg0000001790496364815&amp;qH=0330ad6eea85baab&amp;ov_redirect=true&amp;ov_redirect=true">processsor Ultra I3-7100 3.9 GHz LGA 1151 2 Core Proces...</a><div class="U_GKRr">Silver</div><div class="a7saXW WDsrYC"><span id="productRating_LSTPSRGQWT4QENHJZU7PAEM4O_PSRGQWT4QENHJZU7_" class="CjyrHS"><div class="MKiFS6">3.4<img src="data:image/svg+xml;base64,PHN2ZyB4bWxucz0iaHR0cDovL3d3dy53My5vcmcvMjAwMC9zdmciIHdpZHRoPSIxMyIgaGVpZ2h0PSIxMiI+PHBhdGggZmlsbD0iI0ZGRiIgZD0iTTYuNSA5LjQzOWwtMy42NzQgMi4yMy45NC00LjI2LTMuMjEtMi44ODMgNC4yNTQtLjQwNEw2LjUuMTEybDEuNjkgNC4wMSA0LjI1NC40MDQtMy4yMSAyLjg4Mi45NCA0LjI2eiIvPjwvc3ZnPg==" class="PZfbSE"/></div></span><span class="PvbNMB">(56)</span></div><a class="fb4uj3" target="_blank" rel="noopener noreferrer" href="/processsor-ultra-i3-7100-3-9-ghz-lga-1151-2-core-processor-designed-desktop/p/itm4364b92851ae2?pid=PSRGQWT4QENHJZU7&amp;lid=LSTPSRGQWT4QENHJZU7PAEM4O&amp;marketplace=FLIPKART&amp;q=LSTERGHP8HG8CJUABTGYQVQRS&amp;store=search.flipkart.com&amp;srno=s_1_7&amp;otracker=search&amp;fm=organic&amp;iid=fa1f4cda-67d0-4e3d-87da-8a18daff88ff.PSRGQWT4QENHJZU7.SEARCH&amp;ppt=None&amp;ppn=None&amp;ssid=km2e65hgkg0000001790496364815&amp;qH=0330ad6eea85baab&amp;ov_redirect=true&amp;ov_redirect=true"><div class="QiMO5r"><div class="hZ3P6w">₹649</div><div class="kRYCnD">₹<!-- -->5,199</div><div class="HQe8jr"><span>87% off</span></div></div></a><div class="MaiFhH"><div class="hx1EGN"><div class="HZ0E6r Rm9_cy" style="color:#C70055;font-size:12px;font-weight:700">Only few left</div></div></div><div class="t2K9pO"><div class="ruPvob"><div class="FJ7IAS"><span class="ZhHnSZ"><label class="BMOCJ3"><input type="checkbox" class="UXWKAE" readonly=""/><div class="ybaCDx"></div></label></span><label class="fU6cHR"><span>Add to Compare</span></label></div></div></div></div></div><div data-id="GAMHHY9NQHXHRNZ9" style="width:25%"><div class="RGLWAk"><a class="GnxRXv" target="_blank" rel="noopener noreferrer" href="/project-igi-god-war-8-in1-combo-pc-game-dvd-offine-only-complete-games-dvd-rom-comeplete-edition/p/itm68d1a1697eb09?pid=GAMHHY9NQHXHRNZ9&amp;lid=LSTGAMHHY9NQHXHRNZ9XEECLQ&amp;marketplace=FLIPKART&amp;q=LSTERGHP8HG8CJUABTGYQVQRS&amp;store=search.flipkart.com&amp;srno=s_1_8&amp;otracker=search&amp;fm=organic&amp;iid=fa1f4cda-67d0-4e3d-87da-8a18daff88ff.GAMHHY9NQHXHRNZ9.SEARCH&amp;ppt=None&amp;ppn=None&amp;ssid=km2e65hgkg0000001790496364815&amp;qH=0330ad6eea85baab&amp;ov_redirect=true&amp;ov_redirect=true"><div><div><div class="lWX0_T" style="height:280px;width:200px"><img loading="eager" class="UCc1lI" alt="Project IGI God war 8 in1 combo pc game DVD (offine only) complete Games [dvd_rom] (COMEPLETE EDITION)" src="https://rukminim2.flixcart.com/image/612/612/xif0q/physical-game/s/f/w/no-complete-edition-god-of-war-8-in-1-combo-pc-game-dvd-offline-original-imah2b77gwwgxhgy.jpeg?q=70"/></div></div></div><div class="SJekt1 bEnCjh"><div class="JiknFv"><svg xmlns="http://www.w3.org/2000/svg" class="rE8OAo" width="16" height="16" viewBox="0 0 20 16"><path d="M8.695 16.682C4.06 12.382 1 9.536 1 6.065 1 3.219 3.178 1 5.95 1c1.566 0 3.069.746 4.05 1.915C10.981 1.745 12.484 1 14.05 1 16.822 1 19 3.22 19 6.065c0 3.471-3.06 6.316-7.695 10.617L10 17.897l-1.305-1.215z" fill="#2874F0" class="JX9D2X" stroke="#FFF" fill-rule="evenodd" opacity=".9"></path></svg></div></div></a><a class="pIpigb" title="Project IGI God war 8 in1 combo pc game DVD (offine only) complete Games [dvd_rom] (COMEPLETE EDITION)" target="_blank" rel="noopener noreferrer" href="/project-igi-god-war-8-in1-combo-pc-game-dvd-offine-only-complete-games-dvd-rom-comeplete-edition/p/itm68d1a1697eb09?pid=GAMHHY9NQHXHRNZ9&amp;lid=LSTGAMHHY9NQHXHRNZ9XEECLQ&amp;marketplace=FLIPKART&amp;q=LSTERGHP8HG8CJUABTGYQVQRS&amp;store=search.flipkart.com&amp;srno=s_1_8&amp;otracker=search&amp;fm=organic&amp;iid=fa1f4cda-67d0-4e3d-87da-8a18daff88ff.GAMHHY9NQHXHRNZ9.SEARCH&amp;ppt=None&amp;ppn=None&amp;ssid=km2e65hgkg0000001790496364815&amp;qH=0330ad6eea85baab&amp;ov_redirect=true&amp;ov_redirect=true">Project IGI God war 8 in1 combo pc game DVD (offine onl...</a><div class="U_GKRr">for PC</div><div class="a7saXW WDsrYC"><span id="productRating_LSTGAMHHY9NQHXHRNZ9XEECLQ_GAMHHY9NQHXHRNZ9_" class="CjyrHS"><div class="MKiFS6">3<img src="data:image/svg+xml;base64,PHN2ZyB4bWxucz0iaHR0cDovL3d3dy53My5vcmcvMjAwMC9zdmciIHdpZHRoPSIxMyIgaGVpZ2h0PSIxMiI+PHBhdGggZmlsbD0iI0ZGRiIgZD0iTTYuNSA5LjQzOWwtMy42NzQgMi4yMy45NC00LjI2LTMuMjEtMi44ODMgNC4yNTQtLjQwNEw2LjUuMTEybDEuNjkgNC4wMSA0LjI1NC40MDQtMy4yMSAyLjg4Mi45NCA0LjI2eiIvPjwvc3ZnPg==" class="PZfbSE"/></div></span><span class="PvbNMB">(4)</span></div><a class="fb4uj3" target="_blank" rel="noopener noreferrer" href="/project-igi-god-war-8-in1-combo-pc-game-dvd-offine-only-complete-games-dvd-rom-comeplete-edition/p/itm68d1a1697eb09?pid=GAMHHY9NQHXHRNZ9&amp;lid=LSTGAMHHY9NQHXHRNZ9XEECLQ&amp;marketplace=FLIPKART&amp;q=LSTERGHP8HG8CJUABTGYQVQRS&amp;store=search.flipkart.com&amp;srno=s_1_8&amp;otracker=search&amp;fm=organic&amp;iid=fa1f4cda-67d0-4e3d-87da-8a18daff88ff.GAMHHY9NQHXHRNZ9.SEARCH&amp;ppt=None&amp;ppn=None&amp;ssid=km2e65hgkg0000001790496364815&amp;qH=0330ad6eea85baab&amp;ov_redirect=true&amp;ov_redirect=true"><div class="QiMO5r"><div class="hZ3P6w">₹273</div><div class="kRYCnD">₹<!-- -->1,199</div><div class="HQe8jr"><span>77% off</span></div></div></a><div class="MaiFhH"><div class="hx1EGN"><div class="HZ0E6r Rm9_cy" style="color:#C70055;font-size:12px;font-weight:700">Only few left</div></div></div></div></div></div></div><div class="lvJbLV col-12-12"><div class="nZIRY7"><div data-id="MONG6Z8GQEHKGZKF" style="width:25%"><div class="RGLWAk"><a class="GnxRXv" target="_blank" rel="noopener noreferrer" href="/zebronics-v-series-46-99-cm-19-inch-hd-led-backlit-tn-panel-hdmi-vga-input-1366-x-768-16-7m-colors-glossy-panel-slim-design-wall-mountable-monitor-zeb-v19hd-led/p/itmcd404240dd818?pid=MONG6Z8GQEHKGZKF&amp;lid=LSTMONG6Z8GQEHKGZKFFPHMJ5&amp;marketplace=FLIPKART&amp;q=LSTERGHP8HG8CJUABTGYQVQRS&amp;store=search.flipkart.com&amp;srno=s_1_9&amp;otracker=search&amp;fm=organic&amp;iid=fa1f4cda-67d0-4e3d-87da-8a18daff88ff.MONG6Z8GQEHKGZKF.SEARCH&amp;ppt=None&amp;ppn=None&amp;ssid=km2e65hgkg0000001790496364815&amp;qH=0330ad6eea85baab&amp;ov_redirect=true&amp;ov_redirect=true"><div><div><div class="lWX0_T" style="height:280px;width:200px"><img loading="eager" class="UCc1lI" alt="ZEBRONICS V-Series 46.99 cm (19 inch) HD LED Backlit TN Panel HDMI, VGA Input, HD 1366 x 768, 16.7M Colors, Glossy Panel, Slim Design, Wall Mountable Monitor (ZEB-V19HD LED)" src="https://rukminim2.flixcart.com/image/612/612/xif0q/monitor/t/w/a/zeb-v19hd-led-hd-18-5-2021-zeb-v19hd-led-zebronics-enriched-transparent-original-imahhyfjvdggneaf.png?q=70"/></div></div></div><div class="SJekt1 bEnCjh"><div class="JiknFv"><svg xmlns="http://www.w3.org/2000/svg" class="rE8OAo" width="16" height="16" viewBox="0 0 20 16"><path d="M8.695 16.682C4.06 12.382 1 9.536 1 6.065 1 3.219 3.178 1 5.95 1c1.566 0 3.069.746 4.05 1.915C10.981 1.745 12.484 1 14.05 1 16.822 1 19 3.22 19 6.065c0 3.471-3.06 6.316-7.695 10.617L10 17.897l-1.305-1.215z" fill="#2874F0" class="JX9D2X" stroke="#FFF" fill-rule="evenodd" opacity=".9"></path></svg></div></div></a><a class="pIpigb" title="ZEBRONICS V-Series 46.99 cm (19 inch) HD LED Backlit TN Panel HDMI, VGA Input, HD 1366 x 768, 16.7M Colors, Glossy Panel, Slim Design, Wall Mountable Monitor (ZEB-V19HD LED)" target="_blank" rel="noopener noreferrer" href="/zebronics-v-series-46-99-cm-19-inch-hd-led-backlit-tn-panel-hdmi-vga-input-1366-x-768-16-7m-colors-glossy-panel-slim-design-wall-mountable-monitor-zeb-v19hd-led/p/itmcd404240dd818?pid=MONG6Z8GQEHKGZKF&amp;lid=LSTMONG6Z8GQEHKGZKFFPHMJ5&amp;marketplace=FLIPKART&amp;q=LSTERGHP8HG8CJUABTGYQVQRS&amp;store=search.flipkart.com&amp;srno=s_1_9&amp;otracker=search&amp;fm=organic&amp;iid=fa1f4cda-67d0-4e3d-87da-8a18daff88ff.MONG6Z8GQEHKGZKF.SEARCH&amp;ppt=None&amp;ppn=None&amp;ssid=km2e65hgkg0000001790496364815&amp;qH=0330ad6eea85baab&amp;ov_redirect=true&amp;ov_redirect=true">ZEBRONICS V-Series 46.99 cm (19 inch) HD LED Backlit TN...</a><div class="U_GKRr">Response Time: 8 ms, 60 Hz Refresh Rate</div><div class="a7saXW WDsrYC"><span id="productRating_LSTMONG6Z8GQEHKGZKFFPHMJ5_MONG6Z8GQEHKGZKF_" class="CjyrHS"><div class="MKiFS6">3.9<img src="data:image/svg+xml;base64,PHN2ZyB4bWxucz0iaHR0cDovL3d3dy53My5vcmcvMjAwMC9zdmciIHdpZHRoPSIxMyIgaGVpZ2h0PSIxMiI+PHBhdGggZmlsbD0iI0ZGRiIgZD0iTTYuNSA5LjQzOWwtMy42NzQgMi4yMy45NC00LjI2LTMuMjEtMi44ODMgNC4yNTQtLjQwNEw2LjUuMTEybDEuNjkgNC4wMSA0LjI1NC40MDQtMy4yMSAyLjg4Mi45NCA0LjI2eiIvPjwvc3ZnPg==" class="PZfbSE"/></div></span><span class="PvbNMB">(11,420)</span></div><a class="fb4uj3" target="_blank" rel="noopener noreferrer" href="/zebronics-v-series-46-99-cm-19-inch-hd-led-backlit-tn-panel-hdmi-vga-input-1366-x-768-16-7m-colors-glossy-panel-slim-design-wall-mountable-monitor-zeb-v19hd-led/p/itmcd404240dd818?pid=MONG6Z8GQEHKGZKF&amp;lid=LSTMONG6Z8GQEHKGZKFFPHMJ5&amp;marketplace=FLIPKART&amp;q=LSTERGHP8HG8CJUABTGYQVQRS&amp;store=search.flipkart.com&amp;srno=s_1_9&amp;otracker=search&amp;fm=organic&amp;iid=fa1f4cda-67d0-4e3d-87da-8a18daff88ff.MONG6Z8GQEHKGZKF.SEARCH&amp;ppt=None&amp;ppn=None&amp;ssid=km2e65hgkg0000001790496364815&amp;qH=0330ad6eea85baab&amp;ov_redirect=true&amp;ov_redirect=true"><div class="QiMO5r"><div class="hZ3P6w">₹2,499</div><div class="kRYCnD">₹<!-- -->5,199</div><div class="HQe8jr"><span>51% off</span></div></div></a><div class="MaiFhH"><div class="hx1EGN" style="padding-top:4px;padding-right:4px;padding-bottom:4px;padding-left:4px;border-radius:2px;background-color:#F4F2FF"><div class="HZ0E6r Rm9_cy" style="color:#5209DB;font-size:12px;font-style:normal;font-weight:500">Big Billion Days Price</div></div></div></div></div><div data-id="MONF95HF3H5BZMVB" style="width:25%"><div class="RGLWAk"><a class="GnxRXv" target="_blank" rel="noopener noreferrer" href="/asus-60-96-cm-24-inch-full-hd-tn-panel-anti-glare-stereo-speakers-gaming-monitor-vg248qe/p/itmf96cya9yy3cjh?pid=MONF95HF3H5BZMVB&amp;lid=LSTMONF95HF3H5BZMVBM2IVWX&amp;marketplace=FLIPKART&amp;q=LSTERGHP8HG8CJUABTGYQVQRS&amp;store=search.flipkart.com&amp;srno=s_1_10&amp;otracker=search&amp;fm=organic&amp;iid=fa1f4cda-67d0-4e3d-87da-8a18daff88ff.MONF95HF3H5BZMVB.SEARCH&amp;ppt=None&amp;ppn=None&amp;ssid=km2e65hgkg0000001790496364815&amp;qH=0330ad6eea85baab&amp;ov_redirect=true&amp;ov_redirect=true"><div><div><div class="lWX0_T" style="height:280px;width:200px"><img loading="eager" class="UCc1lI" alt="ASUS 60.96 cm (24 inch) Full HD TN Panel Anti Glare||Stereo Speakers Gaming Monitor (VG248QE)" src="https://rukminim2.flixcart.com/image/612/612/kb5eikw0/monitor/m/v/b/vg248qe-vg248qe-asus-original-imafsjzaayyqwd4p.jpeg?q=70"/></div></div></div><div class="SJekt1 bEnCjh"><div class="JiknFv"><svg xmlns="http://www.w3.org/2000/svg" class="rE8OAo" width="16" height="16" viewBox="0 0 20 16"><path d="M8.695 16.682C4.06 12.382 1 9.536 1 6.065 1 3.219 3.178 1 5.95 1c1.566 0 3.069.746 4.05 1.915C10.981 1.745 12.484 1 14.05 1 16.822 1 19 3.22 19 6.065c0 3.471-3.06 6.316-7.695 10.617L10 17.897l-1.305-1.215z" fill="#2874F0" class="JX9D2X" stroke="#FFF" fill-rule="evenodd" opacity=".9"></path></svg></div></div></a><a class="pIpigb" title="ASUS 60.96 cm (24 inch) Full HD TN Panel Anti Glare||Stereo Speakers Gaming Monitor (VG248QE)" target="_blank" rel="noopener noreferrer" href="/asus-60-96-cm-24-inch-full-hd-tn-panel-anti-glare-stereo-speakers-gaming-monitor-vg248qe/p/itmf96cya9yy3cjh?pid=MONF95HF3H5BZMVB&amp;lid=LSTMONF95HF3H5BZMVBM2IVWX&amp;marketplace=FLIPKART&amp;q=LSTERGHP8HG8CJUABTGYQVQRS&amp;store=search.flipkart.com&amp;srno=s_1_10&amp;otracker=search&amp;fm=organic&amp;iid=fa1f4cda-67d0-4e3d-87da-8a18daff88ff.MONF95HF3H5BZMVB.SEARCH&amp;ppt=None&amp;ppn=None&amp;ssid=km2e65hgkg0000001790496364815&amp;qH=0330ad6eea85baab&amp;ov_redirect=true&amp;ov_redirect=true">ASUS 60.96 cm (24 inch) Full HD TN Panel Anti Glare||St...</a><div class="U_GKRr">Response Time: 1 ms, 144 Hz Refresh Rate</div><div class="a7saXW WDsrYC"><span id="productRating_LSTMONF95HF3H5BZMVBM2IVWX_MONF95HF3H5BZMVB_" class="CjyrHS"><div class="MKiFS6">4.5<img src="data:image/svg+xml;base64,PHN2ZyB4bWxucz0iaHR0cDovL3d3dy53My5vcmcvMjAwMC9zdmciIHdpZHRoPSIxMyIgaGVpZ2h0PSIxMiI+PHBhdGggZmlsbD0iI0ZGRiIgZD0iTTYuNSA5LjQzOWwtMy42NzQgMi4yMy45NC00LjI2LTMuMjEtMi44ODMgNC4yNTQtLjQwNEw2LjUuMTEybDEuNjkgNC4wMSA0LjI1NC40MDQtMy4yMSAyLjg4Mi45NCA0LjI2eiIvPjwvc3ZnPg==" class="PZfbSE"/></div></span><span class="PvbNMB">(31)</span></div><a class="fb4uj3" target="_blank" rel="noopener noreferrer" href="/asus-60-96-cm-24-inch-full-hd-tn-panel-anti-glare-stereo-speakers-gaming-monitor-vg248qe/p/itmf96cya9yy3cjh?pid=MONF95HF3H5BZMVB&amp;lid=LSTMONF95HF3H5BZMVBM2IVWX&amp;marketplace=FLIPKART&amp;q=LSTERGHP8HG8CJUABTGYQVQRS&amp;store=search.flipkart.com&amp;srno=s_1_10&amp;otracker=search&amp;fm=organic&amp;iid=fa1f4cda-67d0-4e3d-87da-8a18daff88ff.MONF95HF3H5BZMVB.SEARCH&amp;ppt=None&amp;ppn=None&amp;ssid=km2e65hgkg0000001790496364815&amp;qH=0330ad6eea85baab&amp;ov_redirect=true&amp;ov_redirect=true"><div class="QiMO5r"><div class="hZ3P6w">₹18,599</div><div class="kRYCnD">₹<!-- -->30,099</div><div class="HQe8jr"><span>38% off</span></div></div></a><div class="MaiFhH"><div class="hx1EGN"><div class="HZ0E6r Rm9_cy" style="color:#C70055;font-size:12px;font-weight:700">Only 1 left</div></div></div></div></div><div data-id="MONH5P8FY5GGQ6GE" style="width:25%"><div class="RGLWAk"><a class="GnxRXv" target="_blank" rel="noopener noreferrer" href="/lenovo-l-series-68-58-cm-27-inch-quad-hd-led-backlit-ips-panel-99-srgb-90-dci-p3-4x-usb-a-1xusb-type-c-2xhdmi-2-1-1xdp-1-4-tilt-swivel-pivot-height-adjustable-stand-3wx2-inbuilt-speakers-customization-artery-smart-display-monitor-l27h-4a/p/itma1bf8c73c0df0?pid=MONH5P8FY5GGQ6GE&amp;lid=LSTMONH5P8FY5GGQ6GE2IAWPL&amp;marketplace=FLIPKART&amp;q=LSTERGHP8HG8CJUABTGYQVQRS&amp;store=search.flipkart.com&amp;srno=s_1_11&amp;otracker=search&amp;fm=organic&amp;iid=en_KgyAxcSoevqk9sXdceqlLIF0U1J69O9MAVeaNis5ZAaeAs446jUSOwLgnS5WHgnTdckl5GBkeGIfTb6wUpcrWRn1ljrS1zZ2PpzPh69g6kCK2W4pUP6RCRSgqDZM4OsB&amp;ppt=None&amp;ppn=None&amp;ssid=km2e65hgkg0000001790496364815&amp;qH=0330ad6eea85baab&amp;ov_redirect=true&amp;ov_redirect=true"><div><div><div class="lWX0_T" style="height:280px;width:200px"><img loading="eager" class="UCc1lI" alt="Lenovo L-Series 68.58 cm (27 inch) Quad HD LED Backlit IPS Panel with 99% sRGB, 90% DCI-P3, 4x USB-A, 1xUSB Type-C, 2xHDMI 2.1, 1xDP 1.4, Tilt/Swivel/Pivot/Height Adjustable Stand, 3WX2 Inbuilt Speakers, Customization Artery, Smart Display Monitor (L27h-4A)" src="https://rukminim2.flixcart.com/image/612/612/xif0q/monitor/c/y/i/-original-imah9ax8f7fec5ef.jpeg?q=70"/></div></div></div><div class="SJekt1 bEnCjh"><div class="JiknFv"><svg xmlns="http://www.w3.org/2000/svg" class="rE8OAo" width="16" height="16" viewBox="0 0 20 16"><path d="M8.695 16.682C4.06 12.382 1 9.536 1 6.065 1 3.219 3.178 1 5.95 1c1.566 0 3.069.746 4.05 1.915C10.981 1.745 12.484 1 14.05 1 16.822 1 19 3.22 19 6.065c0 3.471-3.06 6.316-7.695 10.617L10 17.897l-1.305-1.215z" fill="#2874F0" class="JX9D2X" stroke="#FFF" fill-rule="evenodd" opacity=".9"></path></svg></div></div></a><div class="IxWX8O"><svg width="62" height="18" xmlns="http://www.w3.org/2000/svg" class=""><rect width="62" height="18" fill="white"></rect><path d="M5.82955 6.45455C5.77841 6.02273 5.57102 5.6875 5.20739 5.44886C4.84375 5.21023 4.39773 5.09091 3.86932 5.09091C3.48295 5.09091 3.14489 5.15341 2.85511 5.27841C2.56818 5.40341 2.34375 5.57528 2.18182 5.79403C2.02273 6.01278 1.94318 6.26136 1.94318 6.53977C1.94318 6.77273 1.99858 6.97301 2.10938 7.14062C2.22301 7.3054 2.3679 7.44318 2.54403 7.55398C2.72017 7.66193 2.90483 7.75142 3.09801 7.82244C3.29119 7.89062 3.46875 7.94602 3.63068 7.98864L4.51705 8.22727C4.74432 8.28693 4.99716 8.36932 5.27557 8.47443C5.55682 8.57955 5.82528 8.72301 6.08097 8.90483C6.33949 9.08381 6.55256 9.31392 6.72017 9.59517C6.88778 9.87642 6.97159 10.2216 6.97159 10.6307C6.97159 11.1023 6.84801 11.5284 6.60085 11.9091C6.35653 12.2898 5.99858 12.5923 5.52699 12.8168C5.05824 13.0412 4.48864 13.1534 3.81818 13.1534C3.19318 13.1534 2.65199 13.0526 2.1946 12.8509C1.74006 12.6491 1.3821 12.3679 1.12074 12.0071C0.862216 11.6463 0.715909 11.2273 0.681818 10.75H1.77273C1.80114 11.0795 1.91193 11.3523 2.10511 11.5682C2.30114 11.7812 2.5483 11.9403 2.84659 12.0455C3.14773 12.1477 3.47159 12.1989 3.81818 12.1989C4.22159 12.1989 4.58381 12.1335 4.90483 12.0028C5.22585 11.8693 5.48011 11.6847 5.66761 11.4489C5.85511 11.2102 5.94886 10.9318 5.94886 10.6136C5.94886 10.3239 5.8679 10.0881 5.70597 9.90625C5.54403 9.72443 5.33097 9.5767 5.06676 9.46307C4.80256 9.34943 4.51705 9.25 4.21023 9.16477L3.13636 8.85795C2.45455 8.66193 1.91477 8.3821 1.51705 8.01847C1.11932 7.65483 0.920455 7.17898 0.920455 6.59091C0.920455 6.10227 1.05256 5.67614 1.31676 5.3125C1.58381 4.94602 1.94176 4.66193 2.39062 4.46023C2.84233 4.25568 3.34659 4.15341 3.90341 4.15341C4.46591 4.15341 4.96591 4.25426 5.40341 4.45597C5.84091 4.65483 6.1875 4.92756 6.44318 5.27415C6.7017 5.62074 6.83807 6.0142 6.85227 6.45455H5.82955ZM8.5728 15.4545V6.45455H9.54439V7.49432H9.66371C9.73757 7.38068 9.83984 7.2358 9.97053 7.05966C10.104 6.88068 10.2944 6.72159 10.5415 6.58239C10.7915 6.44034 11.1296 6.36932 11.5558 6.36932C12.1069 6.36932 12.5927 6.5071 13.0131 6.78267C13.4336 7.05824 13.7617 7.44886 13.9975 7.95455C14.2333 8.46023 14.3512 9.05682 14.3512 9.74432C14.3512 10.4375 14.2333 11.0384 13.9975 11.5469C13.7617 12.0526 13.435 12.4446 13.0174 12.723C12.5998 12.9986 12.1183 13.1364 11.5728 13.1364C11.1523 13.1364 10.8157 13.0668 10.5629 12.9276C10.31 12.7855 10.1154 12.625 9.97905 12.446C9.84268 12.2642 9.73757 12.1136 9.66371 11.9943H9.57848V15.4545H8.5728ZM9.56143 9.72727C9.56143 10.2216 9.63388 10.6577 9.77876 11.0355C9.92365 11.4105 10.1353 11.7045 10.4137 11.9176C10.6921 12.1278 11.033 12.233 11.4364 12.233C11.8569 12.233 12.2077 12.1222 12.489 11.9006C12.7731 11.6761 12.9862 11.375 13.1282 10.9972C13.2731 10.6165 13.3455 10.1932 13.3455 9.72727C13.3455 9.26705 13.2745 8.85227 13.1325 8.48295C12.9933 8.1108 12.7816 7.81676 12.4975 7.60085C12.2163 7.3821 11.8626 7.27273 11.4364 7.27273C11.0273 7.27273 10.6836 7.37642 10.4052 7.58381C10.1268 7.78835 9.91655 8.07528 9.7745 8.4446C9.63246 8.81108 9.56143 9.23864 9.56143 9.72727ZM18.5444 13.1364C17.9535 13.1364 17.435 12.9957 16.989 12.7145C16.5458 12.4332 16.1992 12.0398 15.9492 11.5341C15.7021 11.0284 15.5785 10.4375 15.5785 9.76136C15.5785 9.07955 15.7021 8.48437 15.9492 7.97585C16.1992 7.46733 16.5458 7.07244 16.989 6.79119C17.435 6.50994 17.9535 6.36932 18.5444 6.36932C19.1353 6.36932 19.6523 6.50994 20.0955 6.79119C20.5415 7.07244 20.8881 7.46733 21.1353 7.97585C21.3853 8.48437 21.5103 9.07955 21.5103 9.76136C21.5103 10.4375 21.3853 11.0284 21.1353 11.5341C20.8881 12.0398 20.5415 12.4332 20.0955 12.7145C19.6523 12.9957 19.1353 13.1364 18.5444 13.1364ZM18.5444 12.233C18.9933 12.233 19.3626 12.1179 19.6523 11.8878C19.9421 11.6577 20.1566 11.3551 20.2958 10.9801C20.435 10.6051 20.5046 10.1989 20.5046 9.76136C20.5046 9.32386 20.435 8.91619 20.2958 8.53835C20.1566 8.16051 19.9421 7.85511 19.6523 7.62216C19.3626 7.3892 18.9933 7.27273 18.5444 7.27273C18.0955 7.27273 17.7262 7.3892 17.4364 7.62216C17.1467 7.85511 16.9322 8.16051 16.793 8.53835C16.6538 8.91619 16.5842 9.32386 16.5842 9.76136C16.5842 10.1989 16.6538 10.6051 16.793 10.9801C16.9322 11.3551 17.1467 11.6577 17.4364 11.8878C17.7262 12.1179 18.0955 12.233 18.5444 12.233ZM24.0511 9.0625V13H23.0455V6.45455H24.017V7.47727H24.1023C24.2557 7.14489 24.4886 6.87784 24.8011 6.67614C25.1136 6.47159 25.517 6.36932 26.0114 6.36932C26.4545 6.36932 26.8423 6.46023 27.1747 6.64205C27.5071 6.82102 27.7656 7.09375 27.9503 7.46023C28.1349 7.82386 28.2273 8.28409 28.2273 8.84091V13H27.2216V8.90909C27.2216 8.39489 27.0881 7.99432 26.821 7.70739C26.554 7.41761 26.1875 7.27273 25.7216 7.27273C25.4006 7.27273 25.1136 7.34233 24.8608 7.48153C24.6108 7.62074 24.4134 7.82386 24.2685 8.09091C24.1236 8.35795 24.0511 8.68182 24.0511 9.0625ZM34.7013 7.92045L33.7979 8.17614C33.7411 8.02557 33.6573 7.87926 33.5465 7.73722C33.4386 7.59233 33.2908 7.47301 33.1033 7.37926C32.9158 7.28551 32.6758 7.23864 32.3832 7.23864C31.9826 7.23864 31.6488 7.33097 31.3817 7.51562C31.1175 7.69744 30.9854 7.92898 30.9854 8.21023C30.9854 8.46023 31.0763 8.65767 31.2582 8.80256C31.44 8.94744 31.7241 9.06818 32.1104 9.16477L33.082 9.40341C33.6673 9.54545 34.1033 9.76278 34.3903 10.0554C34.6772 10.3452 34.8207 10.7187 34.8207 11.1761C34.8207 11.5511 34.7127 11.8864 34.4968 12.1818C34.2837 12.4773 33.9854 12.7102 33.6019 12.8807C33.2184 13.0511 32.7724 13.1364 32.2638 13.1364C31.5962 13.1364 31.0437 12.9915 30.6062 12.7017C30.1687 12.4119 29.8917 11.9886 29.7752 11.4318L30.7298 11.1932C30.8207 11.5455 30.9925 11.8097 31.2454 11.9858C31.5011 12.1619 31.8349 12.25 32.2468 12.25C32.7156 12.25 33.0877 12.1506 33.3633 11.9517C33.6417 11.75 33.7809 11.5085 33.7809 11.2273C33.7809 11 33.7013 10.8097 33.5423 10.6562C33.3832 10.5 33.1388 10.3835 32.8093 10.3068L31.7184 10.0511C31.119 9.90909 30.6786 9.68892 30.3974 9.39062C30.119 9.08949 29.9798 8.71307 29.9798 8.26136C29.9798 7.89205 30.0835 7.56534 30.2908 7.28125C30.5011 6.99716 30.7866 6.77415 31.1474 6.61222C31.511 6.45028 31.9229 6.36932 32.3832 6.36932C33.0309 6.36932 33.5394 6.51136 33.9087 6.79545C34.2809 7.07955 34.5451 7.45455 34.7013 7.92045ZM38.9936 13.1364C38.4027 13.1364 37.8842 12.9957 37.4382 12.7145C36.995 12.4332 36.6484 12.0398 36.3984 11.5341C36.1513 11.0284 36.0277 10.4375 36.0277 9.76136C36.0277 9.07955 36.1513 8.48437 36.3984 7.97585C36.6484 7.46733 36.995 7.07244 37.4382 6.79119C37.8842 6.50994 38.4027 6.36932 38.9936 6.36932C39.5845 6.36932 40.1016 6.50994 40.5447 6.79119C40.9908 7.07244 41.3374 7.46733 41.5845 7.97585C41.8345 8.48437 41.9595 9.07955 41.9595 9.76136C41.9595 10.4375 41.8345 11.0284 41.5845 11.5341C41.3374 12.0398 40.9908 12.4332 40.5447 12.7145C40.1016 12.9957 39.5845 13.1364 38.9936 13.1364ZM38.9936 12.233C39.4425 12.233 39.8118 12.1179 40.1016 11.8878C40.3913 11.6577 40.6058 11.3551 40.745 10.9801C40.8842 10.6051 40.9538 10.1989 40.9538 9.76136C40.9538 9.32386 40.8842 8.91619 40.745 8.53835C40.6058 8.16051 40.3913 7.85511 40.1016 7.62216C39.8118 7.3892 39.4425 7.27273 38.9936 7.27273C38.5447 7.27273 38.1754 7.3892 37.8857 7.62216C37.5959 7.85511 37.3814 8.16051 37.2422 8.53835C37.103 8.91619 37.0334 9.32386 37.0334 9.76136C37.0334 10.1989 37.103 10.6051 37.2422 10.9801C37.3814 11.3551 37.5959 11.6577 37.8857 11.8878C38.1754 12.1179 38.5447 12.233 38.9936 12.233ZM43.4947 13V6.45455H44.4663V7.44318H44.5344C44.6538 7.11932 44.8697 6.85653 45.1822 6.65483C45.4947 6.45312 45.8469 6.35227 46.239 6.35227C46.3129 6.35227 46.4052 6.35369 46.516 6.35653C46.6268 6.35937 46.7106 6.36364 46.7674 6.36932V7.39205C46.7333 7.38352 46.6552 7.37074 46.533 7.35369C46.4137 7.33381 46.2873 7.32386 46.1538 7.32386C45.8356 7.32386 45.5515 7.39062 45.3015 7.52415C45.0543 7.65483 44.8583 7.83665 44.7134 8.0696C44.5714 8.29972 44.5004 8.5625 44.5004 8.85795V13H43.4947ZM50.5046 13.1364C49.8739 13.1364 49.3299 12.9972 48.8725 12.7188C48.418 12.4375 48.0671 12.0455 47.82 11.5426C47.5756 11.0369 47.4535 10.4489 47.4535 9.77841C47.4535 9.10795 47.5756 8.51705 47.82 8.00568C48.0671 7.49148 48.4109 7.09091 48.8512 6.80398C49.2944 6.5142 49.8114 6.36932 50.4023 6.36932C50.7433 6.36932 51.0799 6.42614 51.4123 6.53977C51.7447 6.65341 52.0472 6.83807 52.32 7.09375C52.5927 7.34659 52.81 7.68182 52.9719 8.09943C53.1339 8.51705 53.2148 9.03125 53.2148 9.64205V10.0682H48.1694V9.19886H52.1921C52.1921 8.82955 52.1183 8.5 51.9705 8.21023C51.8256 7.92045 51.6183 7.69176 51.3484 7.52415C51.0813 7.35653 50.766 7.27273 50.4023 7.27273C50.0018 7.27273 49.6552 7.37216 49.3626 7.57102C49.0728 7.76705 48.8498 8.02273 48.6935 8.33807C48.5373 8.65341 48.4592 8.99148 48.4592 9.35227V9.93182C48.4592 10.4261 48.5444 10.8452 48.7148 11.1889C48.8881 11.5298 49.1282 11.7898 49.435 11.9688C49.7418 12.1449 50.0984 12.233 50.5046 12.233C50.7688 12.233 51.0075 12.196 51.2205 12.1222C51.4364 12.0455 51.6225 11.9318 51.7788 11.7812C51.935 11.6278 52.0558 11.4375 52.141 11.2102L53.1126 11.483C53.0103 11.8125 52.8384 12.1023 52.5969 12.3523C52.3555 12.5994 52.0572 12.7926 51.7021 12.9318C51.3469 13.0682 50.9478 13.1364 50.5046 13.1364ZM57.2163 13.1364C56.6708 13.1364 56.1893 12.9986 55.7717 12.723C55.354 12.4446 55.0273 12.0526 54.7915 11.5469C54.5558 11.0384 54.4379 10.4375 54.4379 9.74432C54.4379 9.05682 54.5558 8.46023 54.7915 7.95455C55.0273 7.44886 55.3555 7.05824 55.7759 6.78267C56.1964 6.5071 56.6822 6.36932 57.2333 6.36932C57.6594 6.36932 57.9961 6.44034 58.2433 6.58239C58.4933 6.72159 58.6836 6.88068 58.8143 7.05966C58.9478 7.2358 59.0515 7.38068 59.1254 7.49432H59.2106V4.27273H60.2163V13H59.2447V11.9943H59.1254C59.0515 12.1136 58.9464 12.2642 58.81 12.446C58.6737 12.625 58.479 12.7855 58.2262 12.9276C57.9734 13.0668 57.6367 13.1364 57.2163 13.1364ZM57.3526 12.233C57.756 12.233 58.0969 12.1278 58.3754 11.9176C58.6538 11.7045 58.8654 11.4105 59.0103 11.0355C59.1552 10.6577 59.2276 10.2216 59.2276 9.72727C59.2276 9.23864 59.1566 8.81108 59.0146 8.4446C58.8725 8.07528 58.6623 7.78835 58.3839 7.58381C58.1055 7.37642 57.7617 7.27273 57.3526 7.27273C56.9265 7.27273 56.5714 7.3821 56.2873 7.60085C56.006 7.81676 55.7944 8.1108 55.6523 8.48295C55.5131 8.85227 55.4435 9.26705 55.4435 9.72727C55.4435 10.1932 55.5146 10.6165 55.6566 10.9972C55.8015 11.375 56.0146 11.6761 56.2958 11.9006C56.5799 12.1222 56.9322 12.233 57.3526 12.233Z" fill="#9E9E9E"></path></svg></div><a class="pIpigb" title="Lenovo L-Series 68.58 cm (27 inch) Quad HD LED Backlit IPS Panel with 99% sRGB, 90% DCI-P3, 4x USB-A, 1xUSB Type-C, 2xHDMI 2.1, 1xDP 1.4, Tilt/Swivel/Pivot/Height Adjustable Stand, 3WX2 Inbuilt Speakers, Customization Artery, Smart Display Monitor (L27h-4A)" target="_blank" rel="noopener noreferrer" href="/lenovo-l-series-68-58-cm-27-inch-quad-hd-led-backlit-ips-panel-99-srgb-90-dci-p3-4x-usb-a-1xusb-type-c-2xhdmi-2-1-1xdp-1-4-tilt-swivel-pivot-height-adjustable-stand-3wx2-inbuilt-speakers-customization-artery-smart-display-monitor-l27h-4a/p/itma1bf8c73c0df0?pid=MONH5P8FY5GGQ6GE&amp;lid=LSTMONH5P8FY5GGQ6GE2IAWPL&amp;marketplace=FLIPKART&amp;q=LSTERGHP8HG8CJUABTGYQVQRS&amp;store=search.flipkart.com&amp;srno=s_1_11&amp;otracker=search&amp;fm=organic&amp;iid=en_KgyAxcSoevqk9sXdceqlLIF0U1J69O9MAVeaNis5ZAaeAs446jUSOwLgnS5WHgnTdckl5GBkeGIfTb6wUpcrWRn1ljrS1zZ2PpzPh69g6kCK2W4pUP6RCRSgqDZM4OsB&amp;ppt=None&amp;ppn=None&amp;ssid=km2e65hgkg0000001790496364815&amp;qH=0330ad6eea85baab&amp;ov_redirect=true&amp;ov_redirect=true">Lenovo L-Series 68.58 cm (27 inch) Quad HD LED Backlit ...</a><div class="U_GKRr">AMD Free Sync, Response Time: 1 ms, 100 Hz Refresh Rate</div><div class="a7saXW WDsrYC"><span id="productRating_LSTMONH5P8FY5GGQ6GE2IAWPL_MONH5P8FY5GGQ6GE_" class="CjyrHS"><div class="MKiFS6">3.8<img src="data:image/svg+xml;base64,PHN2ZyB4bWxucz0iaHR0cDovL3d3dy53My5vcmcvMjAwMC9zdmciIHdpZHRoPSIxMyIgaGVpZ2h0PSIxMiI+PHBhdGggZmlsbD0iI0ZGRiIgZD0iTTYuNSA5LjQzOWwtMy42NzQgMi4yMy45NC00LjI2LTMuMjEtMi44ODMgNC4yNTQtLjQwNEw2LjUuMTEybDEuNjkgNC4wMSA0LjI1NC40MDQtMy4yMSAyLjg4Mi45NCA0LjI2eiIvPjwvc3ZnPg==" class="PZfbSE"/></div></span><span class="PvbNMB">(80)</span></div><a class="fb4uj3" target="_blank" rel="noopener noreferrer" href="/lenovo-l-series-68-58-cm-27-inch-quad-hd-led-backlit-ips-panel-99-srgb-90-dci-p3-4x-usb-a-1xusb-type-c-2xhdmi-2-1-1xdp-1-4-tilt-swivel-pivot-height-adjustable-stand-3wx2-inbuilt-speakers-customization-artery-smart-display-monitor-l27h-4a/p/itma1bf8c73c0df0?pid=MONH5P8FY5GGQ6GE&amp;lid=LSTMONH5P8FY5GGQ6GE2IAWPL&amp;marketplace=FLIPKART&amp;q=LSTERGHP8HG8CJUABTGYQVQRS&amp;store=search.flipkart.com&amp;srno=s_1_11&amp;otracker=search&amp;fm=organic&amp;iid=en_KgyAxcSoevqk9sXdceqlLIF0U1J69O9MAVeaNis5ZAaeAs446jUSOwLgnS5WHgnTdckl5GBkeGIfTb6wUpcrWRn1ljrS1zZ2PpzPh69g6kCK2W4pUP6RCRSgqDZM4OsB&amp;ppt=None&amp;ppn=None&amp;ssid=km2e65hgkg0000001790496364815&amp;qH=0330ad6eea85baab&amp;ov_redirect=true&amp;ov_redirect=true"><div class="QiMO5r"><div class="hZ3P6w">₹19,355</div><div class="kRYCnD">₹<!-- -->26,190</div><div class="HQe8jr"><span>26% off</span></div></div></a></div></div><div data-id="MONHHHSYTZXS8DQP" style="width:25%"><div class="RGLWAk"><a class="GnxRXv" target="_blank" rel="noopener noreferrer" href="/samsung-odyssey-g5-80-1-cm-32-inch-quad-hd-led-backlit-ips-panel-hdr10-g-sync-ports-dp-hdmi-headphone-height-tilt-swivel-pivot-adjustable-stand-fast-gaming-monitor-ls32fg502ewxxl/p/itm3b21266d885db?pid=MONHHHSYTZXS8DQP&amp;lid=LSTMONHHHSYTZXS8DQPMGMZNJ&amp;marketplace=FLIPKART&amp;q=LSTERGHP8HG8CJUABTGYQVQRS&amp;store=search.flipkart.com&amp;srno=s_1_12&amp;otracker=search&amp;fm=organic&amp;iid=en_KgyAxcSoevqk9sXdceqlLIF0U1J69O9MAVeaNis5ZAaD-9S0eW18c8Y1b2ynOyVuzTYIvt5LvLU8qu34GFt-Tf9YGs1DSIJt4HKqPGVD4s-K2W4pUP6RCRSgqDZM4OsB&amp;ppt=None&amp;ppn=None&amp;ssid=km2e65hgkg0000001790496364815&amp;qH=0330ad6eea85baab&amp;ov_redirect=true&amp;ov_redirect=true"><div><div><div class="lWX0_T" style="height:280px;width:200px"><img loading="eager" class="UCc1lI" alt="Samsung Odyssey G5 80.1 cm (32 inch) Quad HD LED Backlit IPS Panel with HDR10, G-Sync, Ports-DP,HDMI,Headphone, Height-Tilt-Swivel-Pivot Adjustable Stand, Fast Gaming Gaming Monitor (LS32FG502EWXXL)" src="https://rukminim2.flixcart.com/image/612/612/xif0q/monitor/k/k/x/-original-imahppchcgf9mwax.jpeg?q=70"/></div></div></div><div class="SJekt1 bEnCjh"><div class="JiknFv"><svg xmlns="http://www.w3.org/2000/svg" class="rE8OAo" width="16" height="16" viewBox="0 0 20 16"><path d="M8.695 16.682C4.06 12.382 1 9.536 1 6.065 1 3.219 3.178 1 5.95 1c1.566 0 3.069.746 4.05 1.915C10.981 1.745 12.484 1 14.05 1 16.822 1 19 3.22 19 6.065c0 3.471-3.06 6.316-7.695 10.617L10 17.897l-1.305-1.215z" fill="#2874F0" class="JX9D2X" stroke="#FFF" fill-rule="evenodd" opacity=".9"></path></svg></div></div></a><div class="IxWX8O"><svg width="62" height="18" xmlns="http://www.w3.org/2000/svg" class=""><rect width="62" height="18" fill="white"></rect><path d="M5.82955 6.45455C5.77841 6.02273 5.57102 5.6875 5.20739 5.44886C4.84375 5.21023 4.39773 5.09091 3.86932 5.09091C3.48295 5.09091 3.14489 5.15341 2.85511 5.27841C2.56818 5.40341 2.34375 5.57528 2.18182 5.79403C2.02273 6.01278 1.94318 6.26136 1.94318 6.53977C1.94318 6.77273 1.99858 6.97301 2.10938 7.14062C2.22301 7.3054 2.3679 7.44318 2.54403 7.55398C2.72017 7.66193 2.90483 7.75142 3.09801 7.82244C3.29119 7.89062 3.46875 7.94602 3.63068 7.98864L4.51705 8.22727C4.74432 8.28693 4.99716 8.36932 5.27557 8.47443C5.55682 8.57955 5.82528 8.72301 6.08097 8.90483C6.33949 9.08381 6.55256 9.31392 6.72017 9.59517C6.88778 9.87642 6.97159 10.2216 6.97159 10.6307C6.97159 11.1023 6.84801 11.5284 6.60085 11.9091C6.35653 12.2898 5.99858 12.5923 5.52699 12.8168C5.05824 13.0412 4.48864 13.1534 3.81818 13.1534C3.19318 13.1534 2.65199 13.0526 2.1946 12.8509C1.74006 12.6491 1.3821 12.3679 1.12074 12.0071C0.862216 11.6463 0.715909 11.2273 0.681818 10.75H1.77273C1.80114 11.0795 1.91193 11.3523 2.10511 11.5682C2.30114 11.7812 2.5483 11.9403 2.84659 12.0455C3.14773 12.1477 3.47159 12.1989 3.81818 12.1989C4.22159 12.1989 4.58381 12.1335 4.90483 12.0028C5.22585 11.8693 5.48011 11.6847 5.66761 11.4489C5.85511 11.2102 5.94886 10.9318 5.94886 10.6136C5.94886 10.3239 5.8679 10.0881 5.70597 9.90625C5.54403 9.72443 5.33097 9.5767 5.06676 9.46307C4.80256 9.34943 4.51705 9.25 4.21023 9.16477L3.13636 8.85795C2.45455 8.66193 1.91477 8.3821 1.51705 8.01847C1.11932 7.65483 0.920455 7.17898 0.920455 6.59091C0.920455 6.10227 1.05256 5.67614 1.31676 5.3125C1.58381 4.94602 1.94176 4.66193 2.39062 4.46023C2.84233 4.25568 3.34659 4.15341 3.90341 4.15341C4.46591 4.15341 4.96591 4.25426 5.40341 4.45597C5.84091 4.65483 6.1875 4.92756 6.44318 5.27415C6.7017 5.62074 6.83807 6.0142 6.85227 6.45455H5.82955ZM8.5728 15.4545V6.45455H9.54439V7.49432H9.66371C9.73757 7.38068 9.83984 7.2358 9.97053 7.05966C10.104 6.88068 10.2944 6.72159 10.5415 6.58239C10.7915 6.44034 11.1296 6.36932 11.5558 6.36932C12.1069 6.36932 12.5927 6.5071 13.0131 6.78267C13.4336 7.05824 13.7617 7.44886 13.9975 7.95455C14.2333 8.46023 14.3512 9.05682 14.3512 9.74432C14.3512 10.4375 14.2333 11.0384 13.9975 11.5469C13.7617 12.0526 13.435 12.4446 13.0174 12.723C12.5998 12.9986 12.1183 13.1364 11.5728 13.1364C11.1523 13.1364 10.8157 13.0668 10.5629 12.9276C10.31 12.7855 10.1154 12.625 9.97905 12.446C9.84268 12.2642 9.73757 12.1136 9.66371 11.9943H9.57848V15.4545H8.5728ZM9.56143 9.72727C9.56143 10.2216 9.63388 10.6577 9.77876 11.0355C9.92365 11.4105 10.1353 11.7045 10.4137 11.9176C10.6921 12.1278 11.033 12.233 11.4364 12.233C11.8569 12.233 12.2077 12.1222 12.489 11.9006C12.7731 11.6761 12.9862 11.375 13.1282 10.9972C13.2731 10.6165 13.3455 10.1932 13.3455 9.72727C13.3455 9.26705 13.2745 8.85227 13.1325 8.48295C12.9933 8.1108 12.7816 7.81676 12.4975 7.60085C12.2163 7.3821 11.8626 7.27273 11.4364 7.27273C11.0273 7.27273 10.6836 7.37642 10.4052 7.58381C10.1268 7.78835 9.91655 8.07528 9.7745 8.4446C9.63246 8.81108 9.56143 9.23864 9.56143 9.72727ZM18.5444 13.1364C17.9535 13.1364 17.435 12.9957 16.989 12.7145C16.5458 12.4332 16.1992 12.0398 15.9492 11.5341C15.7021 11.0284 15.5785 10.4375 15.5785 9.76136C15.5785 9.07955 15.7021 8.48437 15.9492 7.97585C16.1992 7.46733 16.5458 7.07244 16.989 6.79119C17.435 6.50994 17.9535 6.36932 18.5444 6.36932C19.1353 6.36932 19.6523 6.50994 20.0955 6.79119C20.5415 7.07244 20.8881 7.46733 21.1353 7.97585C21.3853 8.48437 21.5103 9.07955 21.5103 9.76136C21.5103 10.4375 21.3853 11.0284 21.1353 11.5341C20.8881 12.0398 20.5415 12.4332 20.0955 12.7145C19.6523 12.9957 19.1353 13.1364 18.5444 13.1364ZM18.5444 12.233C18.9933 12.233 19.3626 12.1179 19.6523 11.8878C19.9421 11.6577 20.1566 11.3551 20.2958 10.9801C20.435 10.6051 20.5046 10.1989 20.5046 9.76136C20.5046 9.32386 20.435 8.91619 20.2958 8.53835C20.1566 8.16051 19.9421 7.85511 19.6523 7.62216C19.3626 7.3892 18.9933 7.27273 18.5444 7.27273C18.0955 7.27273 17.7262 7.3892 17.4364 7.62216C17.1467 7.85511 16.9322 8.16051 16.793 8.53835C16.6538 8.91619 16.5842 9.32386 16.5842 9.76136C16.5842 10.1989 16.6538 10.6051 16.793 10.9801C16.9322 11.3551 17.1467 11.6577 17.4364 11.8878C17.7262 12.1179 18.0955 12.233 18.5444 12.233ZM24.0511 9.0625V13H23.0455V6.45455H24.017V7.47727H24.1023C24.2557 7.14489 24.4886 6.87784 24.8011 6.67614C25.1136 6.47159 25.517 6.36932 26.0114 6.36932C26.4545 6.36932 26.8423 6.46023 27.1747 6.64205C27.5071 6.82102 27.7656 7.09375 27.9503 7.46023C28.1349 7.82386 28.2273 8.28409 28.2273 8.84091V13H27.2216V8.90909C27.2216 8.39489 27.0881 7.99432 26.821 7.70739C26.554 7.41761 26.1875 7.27273 25.7216 7.27273C25.4006 7.27273 25.1136 7.34233 24.8608 7.48153C24.6108 7.62074 24.4134 7.82386 24.2685 8.09091C24.1236 8.35795 24.0511 8.68182 24.0511 9.0625ZM34.7013 7.92045L33.7979 8.17614C33.7411 8.02557 33.6573 7.87926 33.5465 7.73722C33.4386 7.59233 33.2908 7.47301 33.1033 7.37926C32.9158 7.28551 32.6758 7.23864 32.3832 7.23864C31.9826 7.23864 31.6488 7.33097 31.3817 7.51562C31.1175 7.69744 30.9854 7.92898 30.9854 8.21023C30.9854 8.46023 31.0763 8.65767 31.2582 8.80256C31.44 8.94744 31.7241 9.06818 32.1104 9.16477L33.082 9.40341C33.6673 9.54545 34.1033 9.76278 34.3903 10.0554C34.6772 10.3452 34.8207 10.7187 34.8207 11.1761C34.8207 11.5511 34.7127 11.8864 34.4968 12.1818C34.2837 12.4773 33.9854 12.7102 33.6019 12.8807C33.2184 13.0511 32.7724 13.1364 32.2638 13.1364C31.5962 13.1364 31.0437 12.9915 30.6062 12.7017C30.1687 12.4119 29.8917 11.9886 29.7752 11.4318L30.7298 11.1932C30.8207 11.5455 30.9925 11.8097 31.2454 11.9858C31.5011 12.1619 31.8349 12.25 32.2468 12.25C32.7156 12.25 33.0877 12.1506 33.3633 11.9517C33.6417 11.75 33.7809 11.5085 33.7809 11.2273C33.7809 11 33.7013 10.8097 33.5423 10.6562C33.3832 10.5 33.1388 10.3835 32.8093 10.3068L31.7184 10.0511C31.119 9.90909 30.6786 9.68892 30.3974 9.39062C30.119 9.08949 29.9798 8.71307 29.9798 8.26136C29.9798 7.89205 30.0835 7.56534 30.2908 7.28125C30.5011 6.99716 30.7866 6.77415 31.1474 6.61222C31.511 6.45028 31.9229 6.36932 32.3832 6.36932C33.0309 6.36932 33.5394 6.51136 33.9087 6.79545C34.2809 7.07955 34.5451 7.45455 34.7013 7.92045ZM38.9936 13.1364C38.4027 13.1364 37.8842 12.9957 37.4382 12.7145C36.995 12.4332 36.6484 12.0398 36.3984 11.5341C36.1513 11.0284 36.0277 10.4375 36.0277 9.76136C36.0277 9.07955 36.1513 8.48437 36.3984 7.97585C36.6484 7.46733 36.995 7.07244 37.4382 6.79119C37.8842 6.50994 38.4027 6.36932 38.9936 6.36932C39.5845 6.36932 40.1016 6.50994 40.5447 6.79119C40.9908 7.07244 41.3374 7.46733 41.5845 7.97585C41.8345 8.48437 41.9595 9.07955 41.9595 9.76136C41.9595 10.4375 41.8345 11.0284 41.5845 11.5341C41.3374 12.0398 40.9908 12.4332 40.5447 12.7145C40.1016 12.9957 39.5845 13.1364 38.9936 13.1364ZM38.9936 12.233C39.4425 12.233 39.8118 12.1179 40.1016 11.8878C40.3913 11.6577 40.6058 11.3551 40.745 10.9801C40.8842 10.6051 40.9538 10.1989 40.9538 9.76136C40.9538 9.32386 40.8842 8.91619 40.745 8.53835C40.6058 8.16051 40.3913 7.85511 40.1016 7.62216C39.8118 7.3892 39.4425 7.27273 38.9936 7.27273C38.5447 7.27273 38.1754 7.3892 37.8857 7.62216C37.5959 7.85511 37.3814 8.16051 37.2422 8.53835C37.103 8.91619 37.0334 9.32386 37.0334 9.76136C37.0334 10.1989 37.103 10.6051 37.2422 10.9801C37.3814 11.3551 37.5959 11.6577 37.8857 11.8878C38.1754 12.1179 38.5447 12.233 38.9936 12.233ZM43.4947 13V6.45455H44.4663V7.44318H44.5344C44.6538 7.11932 44.8697 6.85653 45.1822 6.65483C45.4947 6.45312 45.8469 6.35227 46.239 6.35227C46.3129 6.35227 46.4052 6.35369 46.516 6.35653C46.6268 6.35937 46.7106 6.36364 46.7674 6.36932V7.39205C46.7333 7.38352 46.6552 7.37074 46.533 7.35369C46.4137 7.33381 46.2873 7.32386 46.1538 7.32386C45.8356 7.32386 45.5515 7.39062 45.3015 7.52415C45.0543 7.65483 44.8583 7.83665 44.7134 8.0696C44.5714 8.29972 44.5004 8.5625 44.5004 8.85795V13H43.4947ZM50.5046 13.1364C49.8739 13.1364 49.3299 12.9972 48.8725 12.7188C48.418 12.4375 48.0671 12.0455 47.82 11.5426C47.5756 11.0369 47.4535 10.4489 47.4535 9.77841C47.4535 9.10795 47.5756 8.51705 47.82 8.00568C48.0671 7.49148 48.4109 7.09091 48.8512 6.80398C49.2944 6.5142 49.8114 6.36932 50.4023 6.36932C50.7433 6.36932 51.0799 6.42614 51.4123 6.53977C51.7447 6.65341 52.0472 6.83807 52.32 7.09375C52.5927 7.34659 52.81 7.68182 52.9719 8.09943C53.1339 8.51705 53.2148 9.03125 53.2148 9.64205V10.0682H48.1694V9.19886H52.1921C52.1921 8.82955 52.1183 8.5 51.9705 8.21023C51.8256 7.92045 51.6183 7.69176 51.3484 7.52415C51.0813 7.35653 50.766 7.27273 50.4023 7.27273C50.0018 7.27273 49.6552 7.37216 49.3626 7.57102C49.0728 7.76705 48.8498 8.02273 48.6935 8.33807C48.5373 8.65341 48.4592 8.99148 48.4592 9.35227V9.93182C48.4592 10.4261 48.5444 10.8452 48.7148 11.1889C48.8881 11.5298 49.1282 11.7898 49.435 11.9688C49.7418 12.1449 50.0984 12.233 50.5046 12.233C50.7688 12.233 51.0075 12.196 51.2205 12.1222C51.4364 12.0455 51.6225 11.9318 51.7788 11.7812C51.935 11.6278 52.0558 11.4375 52.141 11.2102L53.1126 11.483C53.0103 11.8125 52.8384 12.1023 52.5969 12.3523C52.3555 12.5994 52.0572 12.7926 51.7021 12.9318C51.3469 13.0682 50.9478 13.1364 50.5046 13.1364ZM57.2163 13.1364C56.6708 13.1364 56.1893 12.9986 55.7717 12.723C55.354 12.4446 55.0273 12.0526 54.7915 11.5469C54.5558 11.0384 54.4379 10.4375 54.4379 9.74432C54.4379 9.05682 54.5558 8.46023 54.7915 7.95455C55.0273 7.44886 55.3555 7.05824 55.7759 6.78267C56.1964 6.5071 56.6822 6.36932 57.2333 6.36932C57.6594 6.36932 57.9961 6.44034 58.2433 6.58239C58.4933 6.72159 58.6836 6.88068 58.8143 7.05966C58.9478 7.2358 59.0515 7.38068 59.1254 7.49432H59.2106V4.27273H60.2163V13H59.2447V11.9943H59.1254C59.0515 12.1136 58.9464 12.2642 58.81 12.446C58.6737 12.625 58.479 12.7855 58.2262 12.9276C57.9734 13.0668 57.6367 13.1364 57.2163 13.1364ZM57.3526 12.233C57.756 12.233 58.0969 12.1278 58.3754 11.9176C58.6538 11.7045 58.8654 11.4105 59.0103 11.0355C59.1552 10.6577 59.2276 10.2216 59.2276 9.72727C59.2276 9.23864 59.1566 8.81108 59.0146 8.4446C58.8725 8.07528 58.6623 7.78835 58.3839 7.58381C58.1055 7.37642 57.7617 7.27273 57.3526 7.27273C56.9265 7.27273 56.5714 7.3821 56.2873 7.60085C56.006 7.81676 55.7944 8.1108 55.6523 8.48295C55.5131 8.85227 55.4435 9.26705 55.4435 9.72727C55.4435 10.1932 55.5146 10.6165 55.6566 10.9972C55.8015 11.375 56.0146 11.6761 56.2958 11.9006C56.5799 12.1222 56.9322 12.233 57.3526 12.233Z" fill="#9E9E9E"></path></svg></div><a class="pIpigb" title="Samsung Odyssey G5 80.1 cm (32 inch) Quad HD LED Backlit IPS Panel with HDR10, G-Sync, Ports-DP,HDMI,Headphone, Height-Tilt-Swivel-Pivot Adjustable Stand, Fast Gaming Gaming Monitor (LS32FG502EWXXL)" target="_blank" rel="noopener noreferrer" href="/samsung-odyssey-g5-80-1-cm-32-inch-quad-hd-led-backlit-ips-panel-hdr10-g-sync-ports-dp-hdmi-headphone-height-tilt-swivel-pivot-adjustable-stand-fast-gaming-monitor-ls32fg502ewxxl/p/itm3b21266d885db?pid=MONHHHSYTZXS8DQP&amp;lid=LSTMONHHHSYTZXS8DQPMGMZNJ&amp;marketplace=FLIPKART&amp;q=LSTERGHP8HG8CJUABTGYQVQRS&amp;store=search.flipkart.com&amp;srno=s_1_12&amp;otracker=search&amp;fm=organic&amp;iid=en_KgyAxcSoevqk9sXdceqlLIF0U1J69O9MAVeaNis5ZAaD-9S0eW18c8Y1b2ynOyVuzTYIvt5LvLU8qu34GFt-Tf9YGs1DSIJt4HKqPGVD4s-K2W4pUP6RCRSgqDZM4OsB&amp;ppt=None&amp;ppn=None&amp;ssid=km2e65hgkg0000001790496364815&amp;qH=0330ad6eea85baab&amp;ov_redirect=true&amp;ov_redirect=true">Samsung Odyssey G5 80.1 cm (32 inch) Quad HD LED Backli...</a><div class="U_GKRr">AMD Free Sync, Response Time: 1 ms, 180 Hz Refresh Rate</div><div class="a7saXW WDsrYC"><span id="productRating_LSTMONHHHSYTZXS8DQPMGMZNJ_MONHHHSYTZXS8DQP_" class="CjyrHS"><div class="MKiFS6">4.4<img src="data:image/svg+xml;base64,PHN2ZyB4bWxucz0iaHR0cDovL3d3dy53My5vcmcvMjAwMC9zdmciIHdpZHRoPSIxMyIgaGVpZ2h0PSIxMiI+PHBhdGggZmlsbD0iI0ZGRiIgZD0iTTYuNSA5LjQzOWwtMy42NzQgMi4yMy45NC00LjI2LTMuMjEtMi44ODMgNC4yNTQtLjQwNEw2LjUuMTEybDEuNjkgNC4wMSA0LjI1NC40MDQtMy4yMSAyLjg4Mi45NCA0LjI2eiIvPjwvc3ZnPg==" class="PZfbSE"/></div></span><span class="PvbNMB">(59)</span></div><div class="FIdGa1"><img height="21" src="//static-assets-web.flixcart.com/fk-p-linchpin-web/fk-cp-zion/img/fa_9e47c1.png"/></div><a class="fb4uj3" target="_blank" rel="noopener noreferrer" href="/samsung-odyssey-g5-80-1-cm-32-inch-quad-hd-led-backlit-ips-panel-hdr10-g-sync-ports-dp-hdmi-headphone-height-tilt-swivel-pivot-adjustable-stand-fast-gaming-monitor-ls32fg502ewxxl/p/itm3b21266d885db?pid=MONHHHSYTZXS8DQP&amp;lid=LSTMONHHHSYTZXS8DQPMGMZNJ&amp;marketplace=FLIPKART&amp;q=LSTERGHP8HG8CJUABTGYQVQRS&amp;store=search.flipkart.com&amp;srno=s_1_12&amp;otracker=search&amp;fm=organic&amp;iid=en_KgyAxcSoevqk9sXdceqlLIF0U1J69O9MAVeaNis5ZAaD-9S0eW18c8Y1b2ynOyVuzTYIvt5LvLU8qu34GFt-Tf9YGs1DSIJt4HKqPGVD4s-K2W4pUP6RCRSgqDZM4OsB&amp;ppt=None&amp;ppn=None&amp;ssid=km2e65hgkg0000001790496364815&amp;qH=0330ad6eea85baab&amp;ov_redirect=true&amp;ov_redirect=true"><div class="QiMO5r"><div class="hZ3P6w">₹24,690</div><div class="kRYCnD">₹<!-- -->31,500</div><div class="HQe8jr"><span>21% off</span></div></div></a><div class="MaiFhH"><div class="hx1EGN" style="padding-top:4px;padding-right:4px;padding-bottom:4px;padding-left:4px;border-radius:2px;background-color:#F4F2FF"><div class="HZ0E6r Rm9_cy" style="color:#5209DB;font-size:12px;font-style:normal;font-weight:500">Big Billion Days Price</div></div></div></div></div></div></div><div class="lvJbLV col-12-12"><div class="nZIRY7"><div data-id="GAMHN99ZBTMHGTU2" style="width:25%"><div class="RGLWAk"><a class="GnxRXv" target="_blank" rel="noopener noreferrer" href="/gta-v-iv-pc-games-offline-complete-complete-games/p/itm306e8ead0b6ef?pid=GAMHN99ZBTMHGTU2&amp;lid=LSTGAMHN99ZBTMHGTU2S6SR6B&amp;marketplace=FLIPKART&amp;q=LSTERGHP8HG8CJUABTGYQVQRS&amp;store=search.flipkart.com&amp;srno=s_1_13&amp;otracker=search&amp;fm=organic&amp;iid=fa1f4cda-67d0-4e3d-87da-8a18daff88ff.GAMHN99ZBTMHGTU2.SEARCH&amp;ppt=None&amp;ppn=None&amp;ssid=km2e65hgkg0000001790496364815&amp;qH=0330ad6eea85baab&amp;ov_redirect=true&amp;ov_redirect=true"><div><div><div class="lWX0_T" style="height:280px;width:200px"><img loading="eager" class="UCc1lI" alt="GTA V AND GTA IV edition PC GAMES (OFFLINE GAMES ) COMPLETE GAMES (COMPLETE GAMES)" src="https://rukminim2.flixcart.com/image/612/612/xif0q/physical-game/r/v/w/no-complete-games-gta-v-and-gta-iv-pc-games-offline-games-original-imahn4nttjyhpfmg.jpeg?q=70"/></div></div></div><div class="SJekt1 bEnCjh"><div class="JiknFv"><svg xmlns="http://www.w3.org/2000/svg" class="rE8OAo" width="16" height="16" viewBox="0 0 20 16"><path d="M8.695 16.682C4.06 12.382 1 9.536 1 6.065 1 3.219 3.178 1 5.95 1c1.566 0 3.069.746 4.05 1.915C10.981 1.745 12.484 1 14.05 1 16.822 1 19 3.22 19 6.065c0 3.471-3.06 6.316-7.695 10.617L10 17.897l-1.305-1.215z" fill="#2874F0" class="JX9D2X" stroke="#FFF" fill-rule="evenodd" opacity=".9"></path></svg></div></div></a><a class="pIpigb" title="GTA V AND GTA IV edition PC GAMES (OFFLINE GAMES ) COMPLETE GAMES (COMPLETE GAMES)" target="_blank" rel="noopener noreferrer" href="/gta-v-iv-pc-games-offline-complete-complete-games/p/itm306e8ead0b6ef?pid=GAMHN99ZBTMHGTU2&amp;lid=LSTGAMHN99ZBTMHGTU2S6SR6B&amp;marketplace=FLIPKART&amp;q=LSTERGHP8HG8CJUABTGYQVQRS&amp;store=search.flipkart.com&amp;srno=s_1_13&amp;otracker=search&amp;fm=organic&amp;iid=fa1f4cda-67d0-4e3d-87da-8a18daff88ff.GAMHN99ZBTMHGTU2.SEARCH&amp;ppt=None&amp;ppn=None&amp;ssid=km2e65hgkg0000001790496364815&amp;qH=0330ad6eea85baab&amp;ov_redirect=true&amp;ov_redirect=true">GTA V AND GTA IV edition PC GAMES (OFFLINE GAMES ) COMP...</a><div class="U_GKRr">PC, for PC</div><div class="a7saXW WDsrYC"><span id="productRating_LSTGAMHN99ZBTMHGTU2S6SR6B_GAMHN99ZBTMHGTU2_" class="CjyrHS"><div class="MKiFS6">3.7<img src="data:image/svg+xml;base64,PHN2ZyB4bWxucz0iaHR0cDovL3d3dy53My5vcmcvMjAwMC9zdmciIHdpZHRoPSIxMyIgaGVpZ2h0PSIxMiI+PHBhdGggZmlsbD0iI0ZGRiIgZD0iTTYuNSA5LjQzOWwtMy42NzQgMi4yMy45NC00LjI2LTMuMjEtMi44ODMgNC4yNTQtLjQwNEw2LjUuMTEybDEuNjkgNC4wMSA0LjI1NC40MDQtMy4yMSAyLjg4Mi45NCA0LjI2eiIvPjwvc3ZnPg==" class="PZfbSE"/></div></span><span class="PvbNMB">(3)</span></div><a class="fb4uj3" target="_blank" rel="noopener noreferrer" href="/gta-v-iv-pc-games-offline-complete-complete-games/p/itm306e8ead0b6ef?pid=GAMHN99ZBTMHGTU2&amp;lid=LSTGAMHN99ZBTMHGTU2S6SR6B&amp;marketplace=FLIPKART&amp;q=LSTERGHP8HG8CJUABTGYQVQRS&amp;store=search.flipkart.com&amp;srno=s_1_13&amp;otracker=search&amp;fm=organic&amp;iid=fa1f4cda-67d0-4e3d-87da-8a18daff88ff.GAMHN99ZBTMHGTU2.SEARCH&amp;ppt=None&amp;ppn=None&amp;ssid=km2e65hgkg0000001790496364815&amp;qH=0330ad6eea85baab&amp;ov_redirect=true&amp;ov_redirect=true"><div class="QiMO5r"><div class="hZ3P6w">₹285</div><div class="kRYCnD">₹<!-- -->999</div><div class="HQe8jr"><span>71% off</span></div></div></a><div class="MaiFhH"><div class="hx1EGN"><div class="HZ0E6r Rm9_cy" style="color:#C70055;font-size:12px;font-weight:700">Only few left</div></div></div></div></div><div data-id="CGEHAY4NGT8DFSC8" style="width:25%"><div class="RGLWAk"><a class="GnxRXv" target="_blank" rel="noopener noreferrer" href="/project-igi-god-war-8-1-combo-pc-game-download-offline-only-full-games-complete/p/itm681fa2f877461?pid=CGEHAY4NGT8DFSC8&amp;lid=LSTCGEHAY4NGT8DFSC8M3VAJI&amp;marketplace=FLIPKART&amp;q=LSTERGHP8HG8CJUABTGYQVQRS&amp;store=search.flipkart.com&amp;srno=s_1_14&amp;otracker=search&amp;fm=organic&amp;iid=fa1f4cda-67d0-4e3d-87da-8a18daff88ff.CGEHAY4NGT8DFSC8.SEARCH&amp;ppt=None&amp;ppn=None&amp;ssid=km2e65hgkg0000001790496364815&amp;qH=0330ad6eea85baab&amp;ov_redirect=true&amp;ov_redirect=true"><div><div><div class="lWX0_T" style="height:280px;width:200px"><img loading="eager" class="UCc1lI" alt="Project IGI God Of war 8 In 1 Combo Pc Game Download (Offline only) Full Games Complete Edition" src="https://rukminim2.flixcart.com/image/612/612/xif0q/physical-game/n/c/1/no-complete-edition-2cap-god-of-war-project-igi-8-in-1-combo-pc-original-imagpy3ybfg6byju.jpeg?q=70"/></div></div></div><div class="SJekt1 bEnCjh"><div class="JiknFv"><svg xmlns="http://www.w3.org/2000/svg" class="rE8OAo" width="16" height="16" viewBox="0 0 20 16"><path d="M8.695 16.682C4.06 12.382 1 9.536 1 6.065 1 3.219 3.178 1 5.95 1c1.566 0 3.069.746 4.05 1.915C10.981 1.745 12.484 1 14.05 1 16.822 1 19 3.22 19 6.065c0 3.471-3.06 6.316-7.695 10.617L10 17.897l-1.305-1.215z" fill="#2874F0" class="JX9D2X" stroke="#FFF" fill-rule="evenodd" opacity=".9"></path></svg></div></div></a><a class="pIpigb" title="Project IGI God Of war 8 In 1 Combo Pc Game Download (Offline only) Full Games Complete Edition" target="_blank" rel="noopener noreferrer" href="/project-igi-god-war-8-1-combo-pc-game-download-offline-only-full-games-complete/p/itm681fa2f877461?pid=CGEHAY4NGT8DFSC8&amp;lid=LSTCGEHAY4NGT8DFSC8M3VAJI&amp;marketplace=FLIPKART&amp;q=LSTERGHP8HG8CJUABTGYQVQRS&amp;store=search.flipkart.com&amp;srno=s_1_14&amp;otracker=search&amp;fm=organic&amp;iid=fa1f4cda-67d0-4e3d-87da-8a18daff88ff.CGEHAY4NGT8DFSC8.SEARCH&amp;ppt=None&amp;ppn=None&amp;ssid=km2e65hgkg0000001790496364815&amp;qH=0330ad6eea85baab&amp;ov_redirect=true&amp;ov_redirect=true">Project IGI God Of war 8 In 1 Combo Pc Game Download (O...</a><div class="U_GKRr">Code in the Box - for PC</div><div class="a7saXW WDsrYC"><span id="productRating_LSTCGEHAY4NGT8DFSC8M3VAJI_CGEHAY4NGT8DFSC8_" class="CjyrHS"><div class="MKiFS6">3<img src="data:image/svg+xml;base64,PHN2ZyB4bWxucz0iaHR0cDovL3d3dy53My5vcmcvMjAwMC9zdmciIHdpZHRoPSIxMyIgaGVpZ2h0PSIxMiI+PHBhdGggZmlsbD0iI0ZGRiIgZD0iTTYuNSA5LjQzOWwtMy42NzQgMi4yMy45NC00LjI2LTMuMjEtMi44ODMgNC4yNTQtLjQwNEw2LjUuMTEybDEuNjkgNC4wMSA0LjI1NC40MDQtMy4yMSAyLjg4Mi45NCA0LjI2eiIvPjwvc3ZnPg==" class="PZfbSE"/></div></span><span class="PvbNMB">(8)</span></div><a class="fb4uj3" target="_blank" rel="noopener noreferrer" href="/project-igi-god-war-8-1-combo-pc-game-download-offline-only-full-games-complete/p/itm681fa2f877461?pid=CGEHAY4NGT8DFSC8&amp;lid=LSTCGEHAY4NGT8DFSC8M3VAJI&amp;marketplace=FLIPKART&amp;q=LSTERGHP8HG8CJUABTGYQVQRS&amp;store=search.flipkart.com&amp;srno=s_1_14&amp;otracker=search&amp;fm=organic&amp;iid=fa1f4cda-67d0-4e3d-87da-8a18daff88ff.CGEHAY4NGT8DFSC8.SEARCH&amp;ppt=None&amp;ppn=None&amp;ssid=km2e65hgkg0000001790496364815&amp;qH=0330ad6eea85baab&amp;ov_redirect=true&amp;ov_redirect=true"><div class="QiMO5r"><div class="hZ3P6w">₹241</div><div class="kRYCnD">₹<!-- -->599</div><div class="HQe8jr"><span>59% off</span></div></div></a><div class="MaiFhH"><div class="hx1EGN"><div class="HZ0E6r Rm9_cy" style="color:#C70055;font-size:12px;font-weight:700">Only few left</div></div></div></div></div><div data-id="MONHDVMDBZ6YEXHW" style="width:25%"><div class="RGLWAk"><a class="GnxRXv" target="_blank" rel="noopener noreferrer" href="/zebster-50-8-cm-20-inch-hd-va-panel-gaming-monitor-hd-20-inch-monitor/p/itm662bf31a971fa?pid=MONHDVMDBZ6YEXHW&amp;lid=LSTMONHDVMDBZ6YEXHWMUQJ9I&amp;marketplace=FLIPKART&amp;q=LSTERGHP8HG8CJUABTGYQVQRS&amp;store=search.flipkart.com&amp;srno=s_1_15&amp;otracker=search&amp;fm=organic&amp;iid=fa1f4cda-67d0-4e3d-87da-8a18daff88ff.MONHDVMDBZ6YEXHW.SEARCH&amp;ppt=None&amp;ppn=None&amp;ssid=km2e65hgkg0000001790496364815&amp;qH=0330ad6eea85baab&amp;ov_redirect=true&amp;ov_redirect=true"><div><div><div class="lWX0_T" style="height:280px;width:200px"><img loading="eager" class="UCc1lI" alt="ZEBSTER 50.8 cm (20 inch) HD VA Panel Gaming Monitor (HD 20 INCH MONITOR)" src="https://rukminim2.flixcart.com/image/612/612/xif0q/monitor/u/9/i/hd-20-inch-monitor-hd-20-2025-hd-zeb-hdmi-20-inch-monitor-original-imahdvmdnkcccgwr.jpeg?q=70"/></div></div></div><div class="SJekt1 bEnCjh"><div class="JiknFv"><svg xmlns="http://www.w3.org/2000/svg" class="rE8OAo" width="16" height="16" viewBox="0 0 20 16"><path d="M8.695 16.682C4.06 12.382 1 9.536 1 6.065 1 3.219 3.178 1 5.95 1c1.566 0 3.069.746 4.05 1.915C10.981 1.745 12.484 1 14.05 1 16.822 1 19 3.22 19 6.065c0 3.471-3.06 6.316-7.695 10.617L10 17.897l-1.305-1.215z" fill="#2874F0" class="JX9D2X" stroke="#FFF" fill-rule="evenodd" opacity=".9"></path></svg></div></div></a><a class="pIpigb" title="ZEBSTER 50.8 cm (20 inch) HD VA Panel Gaming Monitor (HD 20 INCH MONITOR)" target="_blank" rel="noopener noreferrer" href="/zebster-50-8-cm-20-inch-hd-va-panel-gaming-monitor-hd-20-inch-monitor/p/itm662bf31a971fa?pid=MONHDVMDBZ6YEXHW&amp;lid=LSTMONHDVMDBZ6YEXHWMUQJ9I&amp;marketplace=FLIPKART&amp;q=LSTERGHP8HG8CJUABTGYQVQRS&amp;store=search.flipkart.com&amp;srno=s_1_15&amp;otracker=search&amp;fm=organic&amp;iid=fa1f4cda-67d0-4e3d-87da-8a18daff88ff.MONHDVMDBZ6YEXHW.SEARCH&amp;ppt=None&amp;ppn=None&amp;ssid=km2e65hgkg0000001790496364815&amp;qH=0330ad6eea85baab&amp;ov_redirect=true&amp;ov_redirect=true">ZEBSTER 50.8 cm (20 inch) HD VA Panel Gaming Monitor (H...</a><div class="U_GKRr">Response Time: 8 ms, 60 Hz Refresh Rate</div><div class="a7saXW WDsrYC"><span id="productRating_LSTMONHDVMDBZ6YEXHWMUQJ9I_MONHDVMDBZ6YEXHW_" class="CjyrHS"><div class="MKiFS6">3.8<img src="data:image/svg+xml;base64,PHN2ZyB4bWxucz0iaHR0cDovL3d3dy53My5vcmcvMjAwMC9zdmciIHdpZHRoPSIxMyIgaGVpZ2h0PSIxMiI+PHBhdGggZmlsbD0iI0ZGRiIgZD0iTTYuNSA5LjQzOWwtMy42NzQgMi4yMy45NC00LjI2LTMuMjEtMi44ODMgNC4yNTQtLjQwNEw2LjUuMTEybDEuNjkgNC4wMSA0LjI1NC40MDQtMy4yMSAyLjg4Mi45NCA0LjI2eiIvPjwvc3ZnPg==" class="PZfbSE"/></div></span><span class="PvbNMB">(202)</span></div><a class="fb4uj3" target="_blank" rel="noopener noreferrer" href="/zebster-50-8-cm-20-inch-hd-va-panel-gaming-monitor-hd-20-inch-monitor/p/itm662bf31a971fa?pid=MONHDVMDBZ6YEXHW&amp;lid=LSTMONHDVMDBZ6YEXHWMUQJ9I&amp;marketplace=FLIPKART&amp;q=LSTERGHP8HG8CJUABTGYQVQRS&amp;store=search.flipkart.com&amp;srno=s_1_15&amp;otracker=search&amp;fm=organic&amp;iid=fa1f4cda-67d0-4e3d-87da-8a18daff88ff.MONHDVMDBZ6YEXHW.SEARCH&amp;ppt=None&amp;ppn=None&amp;ssid=km2e65hgkg0000001790496364815&amp;qH=0330ad6eea85baab&amp;ov_redirect=true&amp;ov_redirect=true"><div class="QiMO5r"><div class="hZ3P6w">₹2,999</div><div class="kRYCnD">₹<!-- -->8,999</div><div class="HQe8jr"><span>66% off</span></div></div></a></div></div><div data-id="MONHCASWJZFQ2QZM" style="width:25%"><div class="RGLWAk"><a class="GnxRXv" target="_blank" rel="noopener noreferrer" href="/benq-gw2491-60-45-cm-24-inch-full-hd-led-backlit-ips-panel-eye-care-99-srgb-hdmi-displayport-tuv-certified-flicker-free-low-blue-light-plus-ultra-slim-bezel-monitor-gw2491/p/itm91d451a60c9c2?pid=MONHCASWJZFQ2QZM&amp;lid=LSTMONHCASWJZFQ2QZMH2XQAK&amp;marketplace=FLIPKART&amp;q=LSTERGHP8HG8CJUABTGYQVQRS&amp;store=search.flipkart.com&amp;srno=s_1_16&amp;otracker=search&amp;fm=organic&amp;iid=fa1f4cda-67d0-4e3d-87da-8a18daff88ff.MONHCASWJZFQ2QZM.SEARCH&amp;ppt=None&amp;ppn=None&amp;ssid=km2e65hgkg0000001790496364815&amp;qH=0330ad6eea85baab&amp;ov_redirect=true&amp;ov_redirect=true"><div><div><div class="lWX0_T" style="height:280px;width:200px"><img loading="eager" class="UCc1lI" alt="BenQ GW2491 60.45 cm (24 inch) Full HD LED Backlit IPS Panel with Eye-Care, 99% sRGB, HDMI, DisplayPort, TUV-Certified, Flicker-Free, Low Blue Light Plus, Ultra Slim Bezel Monitor (GW2491)" src="https://rukminim2.flixcart.com/image/612/612/xif0q/monitor/z/x/h/-original-imahrc3khuhaywew.jpeg?q=70"/></div></div></div><div class="SJekt1 bEnCjh"><div class="JiknFv"><svg xmlns="http://www.w3.org/2000/svg" class="rE8OAo" width="16" height="16" viewBox="0 0 20 16"><path d="M8.695 16.682C4.06 12.382 1 9.536 1 6.065 1 3.219 3.178 1 5.95 1c1.566 0 3.069.746 4.05 1.915C10.981 1.745 12.484 1 14.05 1 16.822 1 19 3.22 19 6.065c0 3.471-3.06 6.316-7.695 10.617L10 17.897l-1.305-1.215z" fill="#2874F0" class="JX9D2X" stroke="#FFF" fill-rule="evenodd" opacity=".9"></path></svg></div></div></a><a class="pIpigb" title="BenQ GW2491 60.45 cm (24 inch) Full HD LED Backlit IPS Panel with Eye-Care, 99% sRGB, HDMI, DisplayPort, TUV-Certified, Flicker-Free, Low Blue Light Plus, Ultra Slim Bezel Monitor (GW2491)" target="_blank" rel="noopener noreferrer" href="/benq-gw2491-60-45-cm-24-inch-full-hd-led-backlit-ips-panel-eye-care-99-srgb-hdmi-displayport-tuv-certified-flicker-free-low-blue-light-plus-ultra-slim-bezel-monitor-gw2491/p/itm91d451a60c9c2?pid=MONHCASWJZFQ2QZM&amp;lid=LSTMONHCASWJZFQ2QZMH2XQAK&amp;marketplace=FLIPKART&amp;q=LSTERGHP8HG8CJUABTGYQVQRS&amp;store=search.flipkart.com&amp;srno=s_1_16&amp;otracker=search&amp;fm=organic&amp;iid=fa1f4cda-67d0-4e3d-87da-8a18daff88ff.MONHCASWJZFQ2QZM.SEARCH&amp;ppt=None&amp;ppn=None&amp;ssid=km2e65hgkg0000001790496364815&amp;qH=0330ad6eea85baab&amp;ov_redirect=true&amp;ov_redirect=true">BenQ GW2491 60.45 cm (24 inch) Full HD LED Backlit IPS ...</a><div class="U_GKRr">Response Time: 5 ms, 100 Hz Refresh Rate</div><div class="a7saXW WDsrYC"><span id="productRating_LSTMONHCASWJZFQ2QZMH2XQAK_MONHCASWJZFQ2QZM_" class="CjyrHS"><div class="MKiFS6">4.4<img src="data:image/svg+xml;base64,PHN2ZyB4bWxucz0iaHR0cDovL3d3dy53My5vcmcvMjAwMC9zdmciIHdpZHRoPSIxMyIgaGVpZ2h0PSIxMiI+PHBhdGggZmlsbD0iI0ZGRiIgZD0iTTYuNSA5LjQzOWwtMy42NzQgMi4yMy45NC00LjI2LTMuMjEtMi44ODMgNC4yNTQtLjQwNEw2LjUuMTEybDEuNjkgNC4wMSA0LjI1NC40MDQtMy4yMSAyLjg4Mi45NCA0LjI2eiIvPjwvc3ZnPg==" class="PZfbSE"/></div></span><span class="PvbNMB">(5,095)</span></div><div class="FIdGa1"><img height="21" src="//static-assets-web.flixcart.com/fk-p-linchpin-web/fk-cp-zion/img/fa_9e47c1.png"/></div><a class="fb4uj3" target="_blank" rel="noopener noreferrer" href="/benq-gw2491-60-45-cm-24-inch-full-hd-led-backlit-ips-panel-eye-care-99-srgb-hdmi-displayport-tuv-certified-flicker-free-low-blue-light-plus-ultra-slim-bezel-monitor-gw2491/p/itm91d451a60c9c2?pid=MONHCASWJZFQ2QZM&amp;lid=LSTMONHCASWJZFQ2QZMH2XQAK&amp;marketplace=FLIPKART&amp;q=LSTERGHP8HG8CJUABTGYQVQRS&amp;store=search.flipkart.com&amp;srno=s_1_16&amp;otracker=search&amp;fm=organic&amp;iid=fa1f4cda-67d0-4e3d-87da-8a18daff88ff.MONHCASWJZFQ2QZM.SEARCH&amp;ppt=None&amp;ppn=None&amp;ssid=km2e65hgkg0000001790496364815&amp;qH=0330ad6eea85baab&amp;ov_redirect=true&amp;ov_redirect=true"><div class="QiMO5r"><div class="hZ3P6w">₹7,798</div><div class="kRYCnD">₹<!-- -->10,000</div><div class="HQe8jr"><span>22% off</span></div></div></a><div class="MaiFhH"><div class="hx1EGN"><div class="HZ0E6r Rm9_cy" style="color:#26A541;font-size:12px;font-weight:700">Super Deals</div></div></div></div></div></div></div><div class="lvJbLV col-12-12"><div class="nZIRY7"><div data-id="MONHZ3KCH9HRSPSU" style="width:25%"><div class="RGLWAk"><a class="GnxRXv" target="_blank" rel="noopener noreferrer" href="/samsung-viewfinity-s8-68-4-cm-27-inches-4k-ultra-hd-led-backlit-ips-panel-gaming-monitor-27-ls27h800eawxxl-black/p/itm7abda85472673?pid=MONHZ3KCH9HRSPSU&amp;lid=LSTMONHZ3KCH9HRSPSUECBM5V&amp;marketplace=FLIPKART&amp;q=LSTERGHP8HG8CJUABTGYQVQRS&amp;store=search.flipkart.com&amp;srno=s_1_17&amp;otracker=search&amp;fm=organic&amp;iid=en_KgyAxcSoevqk9sXdceqlLIF0U1J69O9MAVeaNis5ZAYa2GtzhnBCt7Zm-WmRwPzZK8mkWF3zkWV5jmigRz-6e5kF5tfH8dvFV7o0quiJQaOK2W4pUP6RCRSgqDZM4OsB&amp;ppt=None&amp;ppn=None&amp;ssid=km2e65hgkg0000001790496364815&amp;qH=0330ad6eea85baab&amp;ov_redirect=true&amp;ov_redirect=true"><div><div><div class="lWX0_T" style="height:280px;width:200px"><img loading="eager" class="UCc1lI" alt="Samsung ViewFinity S8 68.4 cm (27 inches) 4K Ultra HD LED Backlit IPS Panel Gaming Monitor (27&quot; 4K ViewFinity S8 Monitor LS27H800EAWXXL, Black)" src="https://rukminim2.flixcart.com/image/612/612/xif0q/monitor/4/b/x/-original-imahqmzngdfwwdbb.jpeg?q=70"/></div></div></div><div class="SJekt1 bEnCjh"><div class="JiknFv"><svg xmlns="http://www.w3.org/2000/svg" class="rE8OAo" width="16" height="16" viewBox="0 0 20 16"><path d="M8.695 16.682C4.06 12.382 1 9.536 1 6.065 1 3.219 3.178 1 5.95 1c1.566 0 3.069.746 4.05 1.915C10.981 1.745 12.484 1 14.05 1 16.822 1 19 3.22 19 6.065c0 3.471-3.06 6.316-7.695 10.617L10 17.897l-1.305-1.215z" fill="#2874F0" class="JX9D2X" stroke="#FFF" fill-rule="evenodd" opacity=".9"></path></svg></div></div></a><div class="IxWX8O"><svg width="62" height="18" xmlns="http://www.w3.org/2000/svg" class=""><rect width="62" height="18" fill="white"></rect><path d="M5.82955 6.45455C5.77841 6.02273 5.57102 5.6875 5.20739 5.44886C4.84375 5.21023 4.39773 5.09091 3.86932 5.09091C3.48295 5.09091 3.14489 5.15341 2.85511 5.27841C2.56818 5.40341 2.34375 5.57528 2.18182 5.79403C2.02273 6.01278 1.94318 6.26136 1.94318 6.53977C1.94318 6.77273 1.99858 6.97301 2.10938 7.14062C2.22301 7.3054 2.3679 7.44318 2.54403 7.55398C2.72017 7.66193 2.90483 7.75142 3.09801 7.82244C3.29119 7.89062 3.46875 7.94602 3.63068 7.98864L4.51705 8.22727C4.74432 8.28693 4.99716 8.36932 5.27557 8.47443C5.55682 8.57955 5.82528 8.72301 6.08097 8.90483C6.33949 9.08381 6.55256 9.31392 6.72017 9.59517C6.88778 9.87642 6.97159 10.2216 6.97159 10.6307C6.97159 11.1023 6.84801 11.5284 6.60085 11.9091C6.35653 12.2898 5.99858 12.5923 5.52699 12.8168C5.05824 13.0412 4.48864 13.1534 3.81818 13.1534C3.19318 13.1534 2.65199 13.0526 2.1946 12.8509C1.74006 12.6491 1.3821 12.3679 1.12074 12.0071C0.862216 11.6463 0.715909 11.2273 0.681818 10.75H1.77273C1.80114 11.0795 1.91193 11.3523 2.10511 11.5682C2.30114 11.7812 2.5483 11.9403 2.84659 12.0455C3.14773 12.1477 3.47159 12.1989 3.81818 12.1989C4.22159 12.1989 4.58381 12.1335 4.90483 12.0028C5.22585 11.8693 5.48011 11.6847 5.66761 11.4489C5.85511 11.2102 5.94886 10.9318 5.94886 10.6136C5.94886 10.3239 5.8679 10.0881 5.70597 9.90625C5.54403 9.72443 5.33097 9.5767 5.06676 9.46307C4.80256 9.34943 4.51705 9.25 4.21023 9.16477L3.13636 8.85795C2.45455 8.66193 1.91477 8.3821 1.51705 8.01847C1.11932 7.65483 0.920455 7.17898 0.920455 6.59091C0.920455 6.10227 1.05256 5.67614 1.31676 5.3125C1.58381 4.94602 1.94176 4.66193 2.39062 4.46023C2.84233 4.25568 3.34659 4.15341 3.90341 4.15341C4.46591 4.15341 4.96591 4.25426 5.40341 4.45597C5.84091 4.65483 6.1875 4.92756 6.44318 5.27415C6.7017 5.62074 6.83807 6.0142 6.85227 6.45455H5.82955ZM8.5728 15.4545V6.45455H9.54439V7.49432H9.66371C9.73757 7.38068 9.83984 7.2358 9.97053 7.05966C10.104 6.88068 10.2944 6.72159 10.5415 6.58239C10.7915 6.44034 11.1296 6.36932 11.5558 6.36932C12.1069 6.36932 12.5927 6.5071 13.0131 6.78267C13.4336 7.05824 13.7617 7.44886 13.9975 7.95455C14.2333 8.46023 14.3512 9.05682 14.3512 9.74432C14.3512 10.4375 14.2333 11.0384 13.9975 11.5469C13.7617 12.0526 13.435 12.4446 13.0174 12.723C12.5998 12.9986 12.1183 13.1364 11.5728 13.1364C11.1523 13.1364 10.8157 13.0668 10.5629 12.9276C10.31 12.7855 10.1154 12.625 9.97905 12.446C9.84268 12.2642 9.73757 12.1136 9.66371 11.9943H9.57848V15.4545H8.5728ZM9.56143 9.72727C9.56143 10.2216 9.63388 10.6577 9.77876 11.0355C9.92365 11.4105 10.1353 11.7045 10.4137 11.9176C10.6921 12.1278 11.033 12.233 11.4364 12.233C11.8569 12.233 12.2077 12.1222 12.489 11.9006C12.7731 11.6761 12.9862 11.375 13.1282 10.9972C13.2731 10.6165 13.3455 10.1932 13.3455 9.72727C13.3455 9.26705 13.2745 8.85227 13.1325 8.48295C12.9933 8.1108 12.7816 7.81676 12.4975 7.60085C12.2163 7.3821 11.8626 7.27273 11.4364 7.27273C11.0273 7.27273 10.6836 7.37642 10.4052 7.58381C10.1268 7.78835 9.91655 8.07528 9.7745 8.4446C9.63246 8.81108 9.56143 9.23864 9.56143 9.72727ZM18.5444 13.1364C17.9535 13.1364 17.435 12.9957 16.989 12.7145C16.5458 12.4332 16.1992 12.0398 15.9492 11.5341C15.7021 11.0284 15.5785 10.4375 15.5785 9.76136C15.5785 9.07955 15.7021 8.48437 15.9492 7.97585C16.1992 7.46733 16.5458 7.07244 16.989 6.79119C17.435 6.50994 17.9535 6.36932 18.5444 6.36932C19.1353 6.36932 19.6523 6.50994 20.0955 6.79119C20.5415 7.07244 20.8881 7.46733 21.1353 7.97585C21.3853 8.48437 21.5103 9.07955 21.5103 9.76136C21.5103 10.4375 21.3853 11.0284 21.1353 11.5341C20.8881 12.0398 20.5415 12.4332 20.0955 12.7145C19.6523 12.9957 19.1353 13.1364 18.5444 13.1364ZM18.5444 12.233C18.9933 12.233 19.3626 12.1179 19.6523 11.8878C19.9421 11.6577 20.1566 11.3551 20.2958 10.9801C20.435 10.6051 20.5046 10.1989 20.5046 9.76136C20.5046 9.32386 20.435 8.91619 20.2958 8.53835C20.1566 8.16051 19.9421 7.85511 19.6523 7.62216C19.3626 7.3892 18.9933 7.27273 18.5444 7.27273C18.0955 7.27273 17.7262 7.3892 17.4364 7.62216C17.1467 7.85511 16.9322 8.16051 16.793 8.53835C16.6538 8.91619 16.5842 9.32386 16.5842 9.76136C16.5842 10.1989 16.6538 10.6051 16.793 10.9801C16.9322 11.3551 17.1467 11.6577 17.4364 11.8878C17.7262 12.1179 18.0955 12.233 18.5444 12.233ZM24.0511 9.0625V13H23.0455V6.45455H24.017V7.47727H24.1023C24.2557 7.14489 24.4886 6.87784 24.8011 6.67614C25.1136 6.47159 25.517 6.36932 26.0114 6.36932C26.4545 6.36932 26.8423 6.46023 27.1747 6.64205C27.5071 6.82102 27.7656 7.09375 27.9503 7.46023C28.1349 7.82386 28.2273 8.28409 28.2273 8.84091V13H27.2216V8.90909C27.2216 8.39489 27.0881 7.99432 26.821 7.70739C26.554 7.41761 26.1875 7.27273 25.7216 7.27273C25.4006 7.27273 25.1136 7.34233 24.8608 7.48153C24.6108 7.62074 24.4134 7.82386 24.2685 8.09091C24.1236 8.35795 24.0511 8.68182 24.0511 9.0625ZM34.7013 7.92045L33.7979 8.17614C33.7411 8.02557 33.6573 7.87926 33.5465 7.73722C33.4386 7.59233 33.2908 7.47301 33.1033 7.37926C32.9158 7.28551 32.6758 7.23864 32.3832 7.23864C31.9826 7.23864 31.6488 7.33097 31.3817 7.51562C31.1175 7.69744 30.9854 7.92898 30.9854 8.21023C30.9854 8.46023 31.0763 8.65767 31.2582 8.80256C31.44 8.94744 31.7241 9.06818 32.1104 9.16477L33.082 9.40341C33.6673 9.54545 34.1033 9.76278 34.3903 10.0554C34.6772 10.3452 34.8207 10.7187 34.8207 11.1761C34.8207 11.5511 34.7127 11.8864 34.4968 12.1818C34.2837 12.4773 33.9854 12.7102 33.6019 12.8807C33.2184 13.0511 32.7724 13.1364 32.2638 13.1364C31.5962 13.1364 31.0437 12.9915 30.6062 12.7017C30.1687 12.4119 29.8917 11.9886 29.7752 11.4318L30.7298 11.1932C30.8207 11.5455 30.9925 11.8097 31.2454 11.9858C31.5011 12.1619 31.8349 12.25 32.2468 12.25C32.7156 12.25 33.0877 12.1506 33.3633 11.9517C33.6417 11.75 33.7809 11.5085 33.7809 11.2273C33.7809 11 33.7013 10.8097 33.5423 10.6562C33.3832 10.5 33.1388 10.3835 32.8093 10.3068L31.7184 10.0511C31.119 9.90909 30.6786 9.68892 30.3974 9.39062C30.119 9.08949 29.9798 8.71307 29.9798 8.26136C29.9798 7.89205 30.0835 7.56534 30.2908 7.28125C30.5011 6.99716 30.7866 6.77415 31.1474 6.61222C31.511 6.45028 31.9229 6.36932 32.3832 6.36932C33.0309 6.36932 33.5394 6.51136 33.9087 6.79545C34.2809 7.07955 34.5451 7.45455 34.7013 7.92045ZM38.9936 13.1364C38.4027 13.1364 37.8842 12.9957 37.4382 12.7145C36.995 12.4332 36.6484 12.0398 36.3984 11.5341C36.1513 11.0284 36.0277 10.4375 36.0277 9.76136C36.0277 9.07955 36.1513 8.48437 36.3984 7.97585C36.6484 7.46733 36.995 7.07244 37.4382 6.79119C37.8842 6.50994 38.4027 6.36932 38.9936 6.36932C39.5845 6.36932 40.1016 6.50994 40.5447 6.79119C40.9908 7.07244 41.3374 7.46733 41.5845 7.97585C41.8345 8.48437 41.9595 9.07955 41.9595 9.76136C41.9595 10.4375 41.8345 11.0284 41.5845 11.5341C41.3374 12.0398 40.9908 12.4332 40.5447 12.7145C40.1016 12.9957 39.5845 13.1364 38.9936 13.1364ZM38.9936 12.233C39.4425 12.233 39.8118 12.1179 40.1016 11.8878C40.3913 11.6577 40.6058 11.3551 40.745 10.9801C40.8842 10.6051 40.9538 10.1989 40.9538 9.76136C40.9538 9.32386 40.8842 8.91619 40.745 8.53835C40.6058 8.16051 40.3913 7.85511 40.1016 7.62216C39.8118 7.3892 39.4425 7.27273 38.9936 7.27273C38.5447 7.27273 38.1754 7.3892 37.8857 7.62216C37.5959 7.85511 37.3814 8.16051 37.2422 8.53835C37.103 8.91619 37.0334 9.32386 37.0334 9.76136C37.0334 10.1989 37.103 10.6051 37.2422 10.9801C37.3814 11.3551 37.5959 11.6577 37.8857 11.8878C38.1754 12.1179 38.5447 12.233 38.9936 12.233ZM43.4947 13V6.45455H44.4663V7.44318H44.5344C44.6538 7.11932 44.8697 6.85653 45.1822 6.65483C45.4947 6.45312 45.8469 6.35227 46.239 6.35227C46.3129 6.35227 46.4052 6.35369 46.516 6.35653C46.6268 6.35937 46.7106 6.36364 46.7674 6.36932V7.39205C46.7333 7.38352 46.6552 7.37074 46.533 7.35369C46.4137 7.33381 46.2873 7.32386 46.1538 7.32386C45.8356 7.32386 45.5515 7.39062 45.3015 7.52415C45.0543 7.65483 44.8583 7.83665 44.7134 8.0696C44.5714 8.29972 44.5004 8.5625 44.5004 8.85795V13H43.4947ZM50.5046 13.1364C49.8739 13.1364 49.3299 12.9972 48.8725 12.7188C48.418 12.4375 48.0671 12.0455 47.82 11.5426C47.5756 11.0369 47.4535 10.4489 47.4535 9.77841C47.4535 9.10795 47.5756 8.51705 47.82 8.00568C48.0671 7.49148 48.4109 7.09091 48.8512 6.80398C49.2944 6.5142 49.8114 6.36932 50.4023 6.36932C50.7433 6.36932 51.0799 6.42614 51.4123 6.53977C51.7447 6.65341 52.0472 6.83807 52.32 7.09375C52.5927 7.34659 52.81 7.68182 52.9719 8.09943C53.1339 8.51705 53.2148 9.03125 53.2148 9.64205V10.0682H48.1694V9.19886H52.1921C52.1921 8.82955 52.1183 8.5 51.9705 8.21023C51.8256 7.92045 51.6183 7.69176 51.3484 7.52415C51.0813 7.35653 50.766 7.27273 50.4023 7.27273C50.0018 7.27273 49.6552 7.37216 49.3626 7.57102C49.0728 7.76705 48.8498 8.02273 48.6935 8.33807C48.5373 8.65341 48.4592 8.99148 48.4592 9.35227V9.93182C48.4592 10.4261 48.5444 10.8452 48.7148 11.1889C48.8881 11.5298 49.1282 11.7898 49.435 11.9688C49.7418 12.1449 50.0984 12.233 50.5046 12.233C50.7688 12.233 51.0075 12.196 51.2205 12.1222C51.4364 12.0455 51.6225 11.9318 51.7788 11.7812C51.935 11.6278 52.0558 11.4375 52.141 11.2102L53.1126 11.483C53.0103 11.8125 52.8384 12.1023 52.5969 12.3523C52.3555 12.5994 52.0572 12.7926 51.7021 12.9318C51.3469 13.0682 50.9478 13.1364 50.5046 13.1364ZM57.2163 13.1364C56.6708 13.1364 56.1893 12.9986 55.7717 12.723C55.354 12.4446 55.0273 12.0526 54.7915 11.5469C54.5558 11.0384 54.4379 10.4375 54.4379 9.74432C54.4379 9.05682 54.5558 8.46023 54.7915 7.95455C55.0273 7.44886 55.3555 7.05824 55.7759 6.78267C56.1964 6.5071 56.6822 6.36932 57.2333 6.36932C57.6594 6.36932 57.9961 6.44034 58.2433 6.58239C58.4933 6.72159 58.6836 6.88068 58.8143 7.05966C58.9478 7.2358 59.0515 7.38068 59.1254 7.49432H59.2106V4.27273H60.2163V13H59.2447V11.9943H59.1254C59.0515 12.1136 58.9464 12.2642 58.81 12.446C58.6737 12.625 58.479 12.7855 58.2262 12.9276C57.9734 13.0668 57.6367 13.1364 57.2163 13.1364ZM57.3526 12.233C57.756 12.233 58.0969 12.1278 58.3754 11.9176C58.6538 11.7045 58.8654 11.4105 59.0103 11.0355C59.1552 10.6577 59.2276 10.2216 59.2276 9.72727C59.2276 9.23864 59.1566 8.81108 59.0146 8.4446C58.8725 8.07528 58.6623 7.78835 58.3839 7.58381C58.1055 7.37642 57.7617 7.27273 57.3526 7.27273C56.9265 7.27273 56.5714 7.3821 56.2873 7.60085C56.006 7.81676 55.7944 8.1108 55.6523 8.48295C55.5131 8.85227 55.4435 9.26705 55.4435 9.72727C55.4435 10.1932 55.5146 10.6165 55.6566 10.9972C55.8015 11.375 56.0146 11.6761 56.2958 11.9006C56.5799 12.1222 56.9322 12.233 57.3526 12.233Z" fill="#9E9E9E"></path></svg></div><a class="pIpigb" title="Samsung ViewFinity S8 68.4 cm (27 inches) 4K Ultra HD LED Backlit IPS Panel Gaming Monitor (27&quot; 4K ViewFinity S8 Monitor LS27H800EAWXXL, Black)" target="_blank" rel="noopener noreferrer" href="/samsung-viewfinity-s8-68-4-cm-27-inches-4k-ultra-hd-led-backlit-ips-panel-gaming-monitor-27-ls27h800eawxxl-black/p/itm7abda85472673?pid=MONHZ3KCH9HRSPSU&amp;lid=LSTMONHZ3KCH9HRSPSUECBM5V&amp;marketplace=FLIPKART&amp;q=LSTERGHP8HG8CJUABTGYQVQRS&amp;store=search.flipkart.com&amp;srno=s_1_17&amp;otracker=search&amp;fm=organic&amp;iid=en_KgyAxcSoevqk9sXdceqlLIF0U1J69O9MAVeaNis5ZAYa2GtzhnBCt7Zm-WmRwPzZK8mkWF3zkWV5jmigRz-6e5kF5tfH8dvFV7o0quiJQaOK2W4pUP6RCRSgqDZM4OsB&amp;ppt=None&amp;ppn=None&amp;ssid=km2e65hgkg0000001790496364815&amp;qH=0330ad6eea85baab&amp;ov_redirect=true&amp;ov_redirect=true">Samsung ViewFinity S8 68.4 cm (27 inches) 4K Ultra HD L...</a><div class="U_GKRr">Response Time: 5 ms, 60 Hz Refresh Rate</div><a class="fb4uj3" target="_blank" rel="noopener noreferrer" href="/samsung-viewfinity-s8-68-4-cm-27-inches-4k-ultra-hd-led-backlit-ips-panel-gaming-monitor-27-ls27h800eawxxl-black/p/itm7abda85472673?pid=MONHZ3KCH9HRSPSU&amp;lid=LSTMONHZ3KCH9HRSPSUECBM5V&amp;marketplace=FLIPKART&amp;q=LSTERGHP8HG8CJUABTGYQVQRS&amp;store=search.flipkart.com&amp;srno=s_1_17&amp;otracker=search&amp;fm=organic&amp;iid=en_KgyAxcSoevqk9sXdceqlLIF0U1J69O9MAVeaNis5ZAYa2GtzhnBCt7Zm-WmRwPzZK8mkWF3zkWV5jmigRz-6e5kF5tfH8dvFV7o0quiJQaOK2W4pUP6RCRSgqDZM4OsB&amp;ppt=None&amp;ppn=None&amp;ssid=km2e65hgkg0000001790496364815&amp;qH=0330ad6eea85baab&amp;ov_redirect=true&amp;ov_redirect=true"><div class="QiMO5r"><div class="hZ3P6w">₹28,399</div><div class="kRYCnD">₹<!-- -->35,900</div><div class="HQe8jr"><span>20% off</span></div></div></a></div></div><div data-id="MONHQ5UXX35MZDEV" style="width:25%"><div class="RGLWAk"><a class="GnxRXv" target="_blank" rel="noopener noreferrer" href="/samsung-viewfinity-s7-monitor-203-2-cm-80-cm-uhd-led-backlit-ips-panel-gaming-ls32h710eawxxl/p/itm25c16a4c663af?pid=MONHQ5UXX35MZDEV&amp;lid=LSTMONHQ5UXX35MZDEVG16IRX&amp;marketplace=FLIPKART&amp;q=LSTERGHP8HG8CJUABTGYQVQRS&amp;store=search.flipkart.com&amp;srno=s_1_18&amp;otracker=search&amp;fm=organic&amp;iid=en_KgyAxcSoevqk9sXdceqlLIF0U1J69O9MAVeaNis5ZAYj4Yc0VagDi3egVX9cJYFcgwL-PJ9-wL1B5WB8LnyxBzekHlqq-Kg2b1LKmFikz1iK2W4pUP6RCRSgqDZM4OsB&amp;ppt=None&amp;ppn=None&amp;ssid=km2e65hgkg0000001790496364815&amp;qH=0330ad6eea85baab&amp;ov_redirect=true&amp;ov_redirect=true"><div><div><div class="lWX0_T" style="height:280px;width:200px"><img loading="eager" class="UCc1lI" alt="Samsung ViewFinity S7 Monitor 203.2 cm (80 cm) UHD LED Backlit IPS Panel Gaming Monitor (LS32H710EAWXXL)" src="https://rukminim2.flixcart.com/image/612/612/xif0q/monitor/y/b/f/-original-imahrhtfz3aqngdc.jpeg?q=70"/></div></div></div><div class="SJekt1 bEnCjh"><div class="JiknFv"><svg xmlns="http://www.w3.org/2000/svg" class="rE8OAo" width="16" height="16" viewBox="0 0 20 16"><path d="M8.695 16.682C4.06 12.382 1 9.536 1 6.065 1 3.219 3.178 1 5.95 1c1.566 0 3.069.746 4.05 1.915C10.981 1.745 12.484 1 14.05 1 16.822 1 19 3.22 19 6.065c0 3.471-3.06 6.316-7.695 10.617L10 17.897l-1.305-1.215z" fill="#2874F0" class="JX9D2X" stroke="#FFF" fill-rule="evenodd" opacity=".9"></path></svg></div></div></a><div class="IxWX8O"><svg width="62" height="18" xmlns="http://www.w3.org/2000/svg" class=""><rect width="62" height="18" fill="white"></rect><path d="M5.82955 6.45455C5.77841 6.02273 5.57102 5.6875 5.20739 5.44886C4.84375 5.21023 4.39773 5.09091 3.86932 5.09091C3.48295 5.09091 3.14489 5.15341 2.85511 5.27841C2.56818 5.40341 2.34375 5.57528 2.18182 5.79403C2.02273 6.01278 1.94318 6.26136 1.94318 6.53977C1.94318 6.77273 1.99858 6.97301 2.10938 7.14062C2.22301 7.3054 2.3679 7.44318 2.54403 7.55398C2.72017 7.66193 2.90483 7.75142 3.09801 7.82244C3.29119 7.89062 3.46875 7.94602 3.63068 7.98864L4.51705 8.22727C4.74432 8.28693 4.99716 8.36932 5.27557 8.47443C5.55682 8.57955 5.82528 8.72301 6.08097 8.90483C6.33949 9.08381 6.55256 9.31392 6.72017 9.59517C6.88778 9.87642 6.97159 10.2216 6.97159 10.6307C6.97159 11.1023 6.84801 11.5284 6.60085 11.9091C6.35653 12.2898 5.99858 12.5923 5.52699 12.8168C5.05824 13.0412 4.48864 13.1534 3.81818 13.1534C3.19318 13.1534 2.65199 13.0526 2.1946 12.8509C1.74006 12.6491 1.3821 12.3679 1.12074 12.0071C0.862216 11.6463 0.715909 11.2273 0.681818 10.75H1.77273C1.80114 11.0795 1.91193 11.3523 2.10511 11.5682C2.30114 11.7812 2.5483 11.9403 2.84659 12.0455C3.14773 12.1477 3.47159 12.1989 3.81818 12.1989C4.22159 12.1989 4.58381 12.1335 4.90483 12.0028C5.22585 11.8693 5.48011 11.6847 5.66761 11.4489C5.85511 11.2102 5.94886 10.9318 5.94886 10.6136C5.94886 10.3239 5.8679 10.0881 5.70597 9.90625C5.54403 9.72443 5.33097 9.5767 5.06676 9.46307C4.80256 9.34943 4.51705 9.25 4.21023 9.16477L3.13636 8.85795C2.45455 8.66193 1.91477 8.3821 1.51705 8.01847C1.11932 7.65483 0.920455 7.17898 0.920455 6.59091C0.920455 6.10227 1.05256 5.67614 1.31676 5.3125C1.58381 4.94602 1.94176 4.66193 2.39062 4.46023C2.84233 4.25568 3.34659 4.15341 3.90341 4.15341C4.46591 4.15341 4.96591 4.25426 5.40341 4.45597C5.84091 4.65483 6.1875 4.92756 6.44318 5.27415C6.7017 5.62074 6.83807 6.0142 6.85227 6.45455H5.82955ZM8.5728 15.4545V6.45455H9.54439V7.49432H9.66371C9.73757 7.38068 9.83984 7.2358 9.97053 7.05966C10.104 6.88068 10.2944 6.72159 10.5415 6.58239C10.7915 6.44034 11.1296 6.36932 11.5558 6.36932C12.1069 6.36932 12.5927 6.5071 13.0131 6.78267C13.4336 7.05824 13.7617 7.44886 13.9975 7.95455C14.2333 8.46023 14.3512 9.05682 14.3512 9.74432C14.3512 10.4375 14.2333 11.0384 13.9975 11.5469C13.7617 12.0526 13.435 12.4446 13.0174 12.723C12.5998 12.9986 12.1183 13.1364 11.5728 13.1364C11.1523 13.1364 10.8157 13.0668 10.5629 12.9276C10.31 12.7855 10.1154 12.625 9.97905 12.446C9.84268 12.2642 9.73757 12.1136 9.66371 11.9943H9.57848V15.4545H8.5728ZM9.56143 9.72727C9.56143 10.2216 9.63388 10.6577 9.77876 11.0355C9.92365 11.4105 10.1353 11.7045 10.4137 11.9176C10.6921 12.1278 11.033 12.233 11.4364 12.233C11.8569 12.233 12.2077 12.1222 12.489 11.9006C12.7731 11.6761 12.9862 11.375 13.1282 10.9972C13.2731 10.6165 13.3455 10.1932 13.3455 9.72727C13.3455 9.26705 13.2745 8.85227 13.1325 8.48295C12.9933 8.1108 12.7816 7.81676 12.4975 7.60085C12.2163 7.3821 11.8626 7.27273 11.4364 7.27273C11.0273 7.27273 10.6836 7.37642 10.4052 7.58381C10.1268 7.78835 9.91655 8.07528 9.7745 8.4446C9.63246 8.81108 9.56143 9.23864 9.56143 9.72727ZM18.5444 13.1364C17.9535 13.1364 17.435 12.9957 16.989 12.7145C16.5458 12.4332 16.1992 12.0398 15.9492 11.5341C15.7021 11.0284 15.5785 10.4375 15.5785 9.76136C15.5785 9.07955 15.7021 8.48437 15.9492 7.97585C16.1992 7.46733 16.5458 7.07244 16.989 6.79119C17.435 6.50994 17.9535 6.36932 18.5444 6.36932C19.1353 6.36932 19.6523 6.50994 20.0955 6.79119C20.5415 7.07244 20.8881 7.46733 21.1353 7.97585C21.3853 8.48437 21.5103 9.07955 21.5103 9.76136C21.5103 10.4375 21.3853 11.0284 21.1353 11.5341C20.8881 12.0398 20.5415 12.4332 20.0955 12.7145C19.6523 12.9957 19.1353 13.1364 18.5444 13.1364ZM18.5444 12.233C18.9933 12.233 19.3626 12.1179 19.6523 11.8878C19.9421 11.6577 20.1566 11.3551 20.2958 10.9801C20.435 10.6051 20.5046 10.1989 20.5046 9.76136C20.5046 9.32386 20.435 8.91619 20.2958 8.53835C20.1566 8.16051 19.9421 7.85511 19.6523 7.62216C19.3626 7.3892 18.9933 7.27273 18.5444 7.27273C18.0955 7.27273 17.7262 7.3892 17.4364 7.62216C17.1467 7.85511 16.9322 8.16051 16.793 8.53835C16.6538 8.91619 16.5842 9.32386 16.5842 9.76136C16.5842 10.1989 16.6538 10.6051 16.793 10.9801C16.9322 11.3551 17.1467 11.6577 17.4364 11.8878C17.7262 12.1179 18.0955 12.233 18.5444 12.233ZM24.0511 9.0625V13H23.0455V6.45455H24.017V7.47727H24.1023C24.2557 7.14489 24.4886 6.87784 24.8011 6.67614C25.1136 6.47159 25.517 6.36932 26.0114 6.36932C26.4545 6.36932 26.8423 6.46023 27.1747 6.64205C27.5071 6.82102 27.7656 7.09375 27.9503 7.46023C28.1349 7.82386 28.2273 8.28409 28.2273 8.84091V13H27.2216V8.90909C27.2216 8.39489 27.0881 7.99432 26.821 7.70739C26.554 7.41761 26.1875 7.27273 25.7216 7.27273C25.4006 7.27273 25.1136 7.34233 24.8608 7.48153C24.6108 7.62074 24.4134 7.82386 24.2685 8.09091C24.1236 8.35795 24.0511 8.68182 24.0511 9.0625ZM34.7013 7.92045L33.7979 8.17614C33.7411 8.02557 33.6573 7.87926 33.5465 7.73722C33.4386 7.59233 33.2908 7.47301 33.1033 7.37926C32.9158 7.28551 32.6758 7.23864 32.3832 7.23864C31.9826 7.23864 31.6488 7.33097 31.3817 7.51562C31.1175 7.69744 30.9854 7.92898 30.9854 8.21023C30.9854 8.46023 31.0763 8.65767 31.2582 8.80256C31.44 8.94744 31.7241 9.06818 32.1104 9.16477L33.082 9.40341C33.6673 9.54545 34.1033 9.76278 34.3903 10.0554C34.6772 10.3452 34.8207 10.7187 34.8207 11.1761C34.8207 11.5511 34.7127 11.8864 34.4968 12.1818C34.2837 12.4773 33.9854 12.7102 33.6019 12.8807C33.2184 13.0511 32.7724 13.1364 32.2638 13.1364C31.5962 13.1364 31.0437 12.9915 30.6062 12.7017C30.1687 12.4119 29.8917 11.9886 29.7752 11.4318L30.7298 11.1932C30.8207 11.5455 30.9925 11.8097 31.2454 11.9858C31.5011 12.1619 31.8349 12.25 32.2468 12.25C32.7156 12.25 33.0877 12.1506 33.3633 11.9517C33.6417 11.75 33.7809 11.5085 33.7809 11.2273C33.7809 11 33.7013 10.8097 33.5423 10.6562C33.3832 10.5 33.1388 10.3835 32.8093 10.3068L31.7184 10.0511C31.119 9.90909 30.6786 9.68892 30.3974 9.39062C30.119 9.08949 29.9798 8.71307 29.9798 8.26136C29.9798 7.89205 30.0835 7.56534 30.2908 7.28125C30.5011 6.99716 30.7866 6.77415 31.1474 6.61222C31.511 6.45028 31.9229 6.36932 32.3832 6.36932C33.0309 6.36932 33.5394 6.51136 33.9087 6.79545C34.2809 7.07955 34.5451 7.45455 34.7013 7.92045ZM38.9936 13.1364C38.4027 13.1364 37.8842 12.9957 37.4382 12.7145C36.995 12.4332 36.6484 12.0398 36.3984 11.5341C36.1513 11.0284 36.0277 10.4375 36.0277 9.76136C36.0277 9.07955 36.1513 8.48437 36.3984 7.97585C36.6484 7.46733 36.995 7.07244 37.4382 6.79119C37.8842 6.50994 38.4027 6.36932 38.9936 6.36932C39.5845 6.36932 40.1016 6.50994 40.5447 6.79119C40.9908 7.07244 41.3374 7.46733 41.5845 7.97585C41.8345 8.48437 41.9595 9.07955 41.9595 9.76136C41.9595 10.4375 41.8345 11.0284 41.5845 11.5341C41.3374 12.0398 40.9908 12.4332 40.5447 12.7145C40.1016 12.9957 39.5845 13.1364 38.9936 13.1364ZM38.9936 12.233C39.4425 12.233 39.8118 12.1179 40.1016 11.8878C40.3913 11.6577 40.6058 11.3551 40.745 10.9801C40.8842 10.6051 40.9538 10.1989 40.9538 9.76136C40.9538 9.32386 40.8842 8.91619 40.745 8.53835C40.6058 8.16051 40.3913 7.85511 40.1016 7.62216C39.8118 7.3892 39.4425 7.27273 38.9936 7.27273C38.5447 7.27273 38.1754 7.3892 37.8857 7.62216C37.5959 7.85511 37.3814 8.16051 37.2422 8.53835C37.103 8.91619 37.0334 9.32386 37.0334 9.76136C37.0334 10.1989 37.103 10.6051 37.2422 10.9801C37.3814 11.3551 37.5959 11.6577 37.8857 11.8878C38.1754 12.1179 38.5447 12.233 38.9936 12.233ZM43.4947 13V6.45455H44.4663V7.44318H44.5344C44.6538 7.11932 44.8697 6.85653 45.1822 6.65483C45.4947 6.45312 45.8469 6.35227 46.239 6.35227C46.3129 6.35227 46.4052 6.35369 46.516 6.35653C46.6268 6.35937 46.7106 6.36364 46.7674 6.36932V7.39205C46.7333 7.38352 46.6552 7.37074 46.533 7.35369C46.4137 7.33381 46.2873 7.32386 46.1538 7.32386C45.8356 7.32386 45.5515 7.39062 45.3015 7.52415C45.0543 7.65483 44.8583 7.83665 44.7134 8.0696C44.5714 8.29972 44.5004 8.5625 44.5004 8.85795V13H43.4947ZM50.5046 13.1364C49.8739 13.1364 49.3299 12.9972 48.8725 12.7188C48.418 12.4375 48.0671 12.0455 47.82 11.5426C47.5756 11.0369 47.4535 10.4489 47.4535 9.77841C47.4535 9.10795 47.5756 8.51705 47.82 8.00568C48.0671 7.49148 48.4109 7.09091 48.8512 6.80398C49.2944 6.5142 49.8114 6.36932 50.4023 6.36932C50.7433 6.36932 51.0799 6.42614 51.4123 6.53977C51.7447 6.65341 52.0472 6.83807 52.32 7.09375C52.5927 7.34659 52.81 7.68182 52.9719 8.09943C53.1339 8.51705 53.2148 9.03125 53.2148 9.64205V10.0682H48.1694V9.19886H52.1921C52.1921 8.82955 52.1183 8.5 51.9705 8.21023C51.8256 7.92045 51.6183 7.69176 51.3484 7.52415C51.0813 7.35653 50.766 7.27273 50.4023 7.27273C50.0018 7.27273 49.6552 7.37216 49.3626 7.57102C49.0728 7.76705 48.8498 8.02273 48.6935 8.33807C48.5373 8.65341 48.4592 8.99148 48.4592 9.35227V9.93182C48.4592 10.4261 48.5444 10.8452 48.7148 11.1889C48.8881 11.5298 49.1282 11.7898 49.435 11.9688C49.7418 12.1449 50.0984 12.233 50.5046 12.233C50.7688 12.233 51.0075 12.196 51.2205 12.1222C51.4364 12.0455 51.6225 11.9318 51.7788 11.7812C51.935 11.6278 52.0558 11.4375 52.141 11.2102L53.1126 11.483C53.0103 11.8125 52.8384 12.1023 52.5969 12.3523C52.3555 12.5994 52.0572 12.7926 51.7021 12.9318C51.3469 13.0682 50.9478 13.1364 50.5046 13.1364ZM57.2163 13.1364C56.6708 13.1364 56.1893 12.9986 55.7717 12.723C55.354 12.4446 55.0273 12.0526 54.7915 11.5469C54.5558 11.0384 54.4379 10.4375 54.4379 9.74432C54.4379 9.05682 54.5558 8.46023 54.7915 7.95455C55.0273 7.44886 55.3555 7.05824 55.7759 6.78267C56.1964 6.5071 56.6822 6.36932 57.2333 6.36932C57.6594 6.36932 57.9961 6.44034 58.2433 6.58239C58.4933 6.72159 58.6836 6.88068 58.8143 7.05966C58.9478 7.2358 59.0515 7.38068 59.1254 7.49432H59.2106V4.27273H60.2163V13H59.2447V11.9943H59.1254C59.0515 12.1136 58.9464 12.2642 58.81 12.446C58.6737 12.625 58.479 12.7855 58.2262 12.9276C57.9734 13.0668 57.6367 13.1364 57.2163 13.1364ZM57.3526 12.233C57.756 12.233 58.0969 12.1278 58.3754 11.9176C58.6538 11.7045 58.8654 11.4105 59.0103 11.0355C59.1552 10.6577 59.2276 10.2216 59.2276 9.72727C59.2276 9.23864 59.1566 8.81108 59.0146 8.4446C58.8725 8.07528 58.6623 7.78835 58.3839 7.58381C58.1055 7.37642 57.7617 7.27273 57.3526 7.27273C56.9265 7.27273 56.5714 7.3821 56.2873 7.60085C56.006 7.81676 55.7944 8.1108 55.6523 8.48295C55.5131 8.85227 55.4435 9.26705 55.4435 9.72727C55.4435 10.1932 55.5146 10.6165 55.6566 10.9972C55.8015 11.375 56.0146 11.6761 56.2958 11.9006C56.5799 12.1222 56.9322 12.233 57.3526 12.233Z" fill="#9E9E9E"></path></svg></div><a class="pIpigb" title="Samsung ViewFinity S7 Monitor 203.2 cm (80 cm) UHD LED Backlit IPS Panel Gaming Monitor (LS32H710EAWXXL)" target="_blank" rel="noopener noreferrer" href="/samsung-viewfinity-s7-monitor-203-2-cm-80-cm-uhd-led-backlit-ips-panel-gaming-ls32h710eawxxl/p/itm25c16a4c663af?pid=MONHQ5UXX35MZDEV&amp;lid=LSTMONHQ5UXX35MZDEVG16IRX&amp;marketplace=FLIPKART&amp;q=LSTERGHP8HG8CJUABTGYQVQRS&amp;store=search.flipkart.com&amp;srno=s_1_18&amp;otracker=search&amp;fm=organic&amp;iid=en_KgyAxcSoevqk9sXdceqlLIF0U1J69O9MAVeaNis5ZAYj4Yc0VagDi3egVX9cJYFcgwL-PJ9-wL1B5WB8LnyxBzekHlqq-Kg2b1LKmFikz1iK2W4pUP6RCRSgqDZM4OsB&amp;ppt=None&amp;ppn=None&amp;ssid=km2e65hgkg0000001790496364815&amp;qH=0330ad6eea85baab&amp;ov_redirect=true&amp;ov_redirect=true">Samsung ViewFinity S7 Monitor 203.2 cm (80 cm) UHD LED ...</a><div class="U_GKRr">Response Time: 5 ms, 60 Hz Refresh Rate</div><a class="fb4uj3" target="_blank" rel="noopener noreferrer" href="/samsung-viewfinity-s7-monitor-203-2-cm-80-cm-uhd-led-backlit-ips-panel-gaming-ls32h710eawxxl/p/itm25c16a4c663af?pid=MONHQ5UXX35MZDEV&amp;lid=LSTMONHQ5UXX35MZDEVG16IRX&amp;marketplace=FLIPKART&amp;q=LSTERGHP8HG8CJUABTGYQVQRS&amp;store=search.flipkart.com&amp;srno=s_1_18&amp;otracker=search&amp;fm=organic&amp;iid=en_KgyAxcSoevqk9sXdceqlLIF0U1J69O9MAVeaNis5ZAYj4Yc0VagDi3egVX9cJYFcgwL-PJ9-wL1B5WB8LnyxBzekHlqq-Kg2b1LKmFikz1iK2W4pUP6RCRSgqDZM4OsB&amp;ppt=None&amp;ppn=None&amp;ssid=km2e65hgkg0000001790496364815&amp;qH=0330ad6eea85baab&amp;ov_redirect=true&amp;ov_redirect=true"><div class="QiMO5r"><div class="hZ3P6w">₹32,900</div></div></a></div></div><div data-id="MONFC9KKZ4Q2BH9U" style="width:25%"><div class="RGLWAk"><a class="GnxRXv" target="_blank" rel="noopener noreferrer" href="/benq-gw2283-55-88-cm-22-inch-full-hd-led-backlit-ips-panel-bezel-less-eye-care-anti-glare-low-blue-light-brightness-intelligence-dual-hdmi-vga-1wx2-speakers-vesa-wall-mountable-monitor-gw2283/p/itmfc9kkp8maqfyr?pid=MONFC9KKZ4Q2BH9U&amp;lid=LSTMONFC9KKZ4Q2BH9U795QLR&amp;marketplace=FLIPKART&amp;q=LSTERGHP8HG8CJUABTGYQVQRS&amp;store=search.flipkart.com&amp;srno=s_1_19&amp;otracker=search&amp;fm=organic&amp;iid=fa1f4cda-67d0-4e3d-87da-8a18daff88ff.MONFC9KKZ4Q2BH9U.SEARCH&amp;ppt=None&amp;ppn=None&amp;ssid=km2e65hgkg0000001790496364815&amp;qH=0330ad6eea85baab&amp;ov_redirect=true&amp;ov_redirect=true"><div><div><div class="lWX0_T" style="height:280px;width:200px"><img loading="eager" class="UCc1lI" alt="BenQ GW2283 55.88 cm (22 inch) Full HD LED Backlit IPS Panel Bezel-Less, Eye Care, Anti-Glare, Low Blue Light, Brightness Intelligence, Dual HDMI, VGA, 1Wx2 Speakers, VESA Wall Mountable Monitor (GW2283)" src="https://rukminim2.flixcart.com/image/612/612/xif0q/monitor/0/1/5/-original-imagwcddyrshqve9.jpeg?q=70"/></div></div></div><div class="SJekt1 bEnCjh"><div class="JiknFv"><svg xmlns="http://www.w3.org/2000/svg" class="rE8OAo" width="16" height="16" viewBox="0 0 20 16"><path d="M8.695 16.682C4.06 12.382 1 9.536 1 6.065 1 3.219 3.178 1 5.95 1c1.566 0 3.069.746 4.05 1.915C10.981 1.745 12.484 1 14.05 1 16.822 1 19 3.22 19 6.065c0 3.471-3.06 6.316-7.695 10.617L10 17.897l-1.305-1.215z" fill="#2874F0" class="JX9D2X" stroke="#FFF" fill-rule="evenodd" opacity=".9"></path></svg></div></div></a><a class="pIpigb" title="BenQ GW2283 55.88 cm (22 inch) Full HD LED Backlit IPS Panel Bezel-Less, Eye Care, Anti-Glare, Low Blue Light, Brightness Intelligence, Dual HDMI, VGA, 1Wx2 Speakers, VESA Wall Mountable Monitor (GW2283)" target="_blank" rel="noopener noreferrer" href="/benq-gw2283-55-88-cm-22-inch-full-hd-led-backlit-ips-panel-bezel-less-eye-care-anti-glare-low-blue-light-brightness-intelligence-dual-hdmi-vga-1wx2-speakers-vesa-wall-mountable-monitor-gw2283/p/itmfc9kkp8maqfyr?pid=MONFC9KKZ4Q2BH9U&amp;lid=LSTMONFC9KKZ4Q2BH9U795QLR&amp;marketplace=FLIPKART&amp;q=LSTERGHP8HG8CJUABTGYQVQRS&amp;store=search.flipkart.com&amp;srno=s_1_19&amp;otracker=search&amp;fm=organic&amp;iid=fa1f4cda-67d0-4e3d-87da-8a18daff88ff.MONFC9KKZ4Q2BH9U.SEARCH&amp;ppt=None&amp;ppn=None&amp;ssid=km2e65hgkg0000001790496364815&amp;qH=0330ad6eea85baab&amp;ov_redirect=true&amp;ov_redirect=true">BenQ GW2283 55.88 cm (22 inch) Full HD LED Backlit IPS ...</a><div class="U_GKRr">Frameless, Response Time: 5 ms, 60 Hz Refresh Rate</div><div class="a7saXW WDsrYC"><span id="productRating_LSTMONFC9KKZ4Q2BH9U795QLR_MONFC9KKZ4Q2BH9U_" class="CjyrHS"><div class="MKiFS6">4.4<img src="data:image/svg+xml;base64,PHN2ZyB4bWxucz0iaHR0cDovL3d3dy53My5vcmcvMjAwMC9zdmciIHdpZHRoPSIxMyIgaGVpZ2h0PSIxMiI+PHBhdGggZmlsbD0iI0ZGRiIgZD0iTTYuNSA5LjQzOWwtMy42NzQgMi4yMy45NC00LjI2LTMuMjEtMi44ODMgNC4yNTQtLjQwNEw2LjUuMTEybDEuNjkgNC4wMSA0LjI1NC40MDQtMy4yMSAyLjg4Mi45NCA0LjI2eiIvPjwvc3ZnPg==" class="PZfbSE"/></div></span><span class="PvbNMB">(1,788)</span></div><div class="FIdGa1"><img height="21" src="//static-assets-web.flixcart.com/fk-p-linchpin-web/fk-cp-zion/img/fa_9e47c1.png"/></div><a class="fb4uj3" target="_blank" rel="noopener noreferrer" href="/benq-gw2283-55-88-cm-22-inch-full-hd-led-backlit-ips-panel-bezel-less-eye-care-anti-glare-low-blue-light-brightness-intelligence-dual-hdmi-vga-1wx2-speakers-vesa-wall-mountable-monitor-gw2283/p/itmfc9kkp8maqfyr?pid=MONFC9KKZ4Q2BH9U&amp;lid=LSTMONFC9KKZ4Q2BH9U795QLR&amp;marketplace=FLIPKART&amp;q=LSTERGHP8HG8CJUABTGYQVQRS&amp;store=search.flipkart.com&amp;srno=s_1_19&amp;otracker=search&amp;fm=organic&amp;iid=fa1f4cda-67d0-4e3d-87da-8a18daff88ff.MONFC9KKZ4Q2BH9U.SEARCH&amp;ppt=None&amp;ppn=None&amp;ssid=km2e65hgkg0000001790496364815&amp;qH=0330ad6eea85baab&amp;ov_redirect=true&amp;ov_redirect=true"><div class="QiMO5r"><div class="hZ3P6w">₹7,298</div><div class="kRYCnD">₹<!-- -->11,990</div><div class="HQe8jr"><span>39% off</span></div></div></a><div class="MaiFhH"><div class="hx1EGN"><div class="HZ0E6r Rm9_cy" style="color:#C70055;font-size:12px;font-weight:700">Only 1 left</div></div></div></div></div><div data-id="MONHQ89HEGSZG2WH" style="width:25%"><div class="RGLWAk"><a class="GnxRXv" target="_blank" rel="noopener noreferrer" href="/lenovo-l-series-60-45-cm-24-inch-full-hd-led-backlit-ips-panel-monitor-l24-4r-165hz-fhd-monitor/p/itmf7741701f6d19?pid=MONHQ89HEGSZG2WH&amp;lid=LSTMONHQ89HEGSZG2WHB6ITOQ&amp;marketplace=FLIPKART&amp;q=LSTERGHP8HG8CJUABTGYQVQRS&amp;store=search.flipkart.com&amp;srno=s_1_20&amp;otracker=search&amp;fm=organic&amp;iid=fa1f4cda-67d0-4e3d-87da-8a18daff88ff.MONHQ89HEGSZG2WH.SEARCH&amp;ppt=None&amp;ppn=None&amp;ssid=km2e65hgkg0000001790496364815&amp;qH=0330ad6eea85baab&amp;ov_redirect=true&amp;ov_redirect=true"><div><div><div class="lWX0_T" style="height:280px;width:200px"><img loading="eager" class="UCc1lI" alt="Lenovo L-Series 60.45 cm (24 inch) Full HD LED Backlit IPS Panel Monitor (L24-4r 165Hz FHD IPS Monitor)" src="https://rukminim2.flixcart.com/image/612/612/xif0q/monitor/b/i/c/-original-imahrkv2dbrsjvtx.jpeg?q=70"/></div></div></div><div class="SJekt1 bEnCjh"><div class="JiknFv"><svg xmlns="http://www.w3.org/2000/svg" class="rE8OAo" width="16" height="16" viewBox="0 0 20 16"><path d="M8.695 16.682C4.06 12.382 1 9.536 1 6.065 1 3.219 3.178 1 5.95 1c1.566 0 3.069.746 4.05 1.915C10.981 1.745 12.484 1 14.05 1 16.822 1 19 3.22 19 6.065c0 3.471-3.06 6.316-7.695 10.617L10 17.897l-1.305-1.215z" fill="#2874F0" class="JX9D2X" stroke="#FFF" fill-rule="evenodd" opacity=".9"></path></svg></div></div></a><a class="pIpigb" title="Lenovo L-Series 60.45 cm (24 inch) Full HD LED Backlit IPS Panel Monitor (L24-4r 165Hz FHD IPS Monitor)" target="_blank" rel="noopener noreferrer" href="/lenovo-l-series-60-45-cm-24-inch-full-hd-led-backlit-ips-panel-monitor-l24-4r-165hz-fhd-monitor/p/itmf7741701f6d19?pid=MONHQ89HEGSZG2WH&amp;lid=LSTMONHQ89HEGSZG2WHB6ITOQ&amp;marketplace=FLIPKART&amp;q=LSTERGHP8HG8CJUABTGYQVQRS&amp;store=search.flipkart.com&amp;srno=s_1_20&amp;otracker=search&amp;fm=organic&amp;iid=fa1f4cda-67d0-4e3d-87da-8a18daff88ff.MONHQ89HEGSZG2WH.SEARCH&amp;ppt=None&amp;ppn=None&amp;ssid=km2e65hgkg0000001790496364815&amp;qH=0330ad6eea85baab&amp;ov_redirect=true&amp;ov_redirect=true">Lenovo L-Series 60.45 cm (24 inch) Full HD LED Backlit ...</a><div class="U_GKRr">Response Time: 1 ms, 165 Hz Refresh Rate</div><a class="fb4uj3" target="_blank" rel="noopener noreferrer" href="/lenovo-l-series-60-45-cm-24-inch-full-hd-led-backlit-ips-panel-monitor-l24-4r-165hz-fhd-monitor/p/itmf7741701f6d19?pid=MONHQ89HEGSZG2WH&amp;lid=LSTMONHQ89HEGSZG2WHB6ITOQ&amp;marketplace=FLIPKART&amp;q=LSTERGHP8HG8CJUABTGYQVQRS&amp;store=search.flipkart.com&amp;srno=s_1_20&amp;otracker=search&amp;fm=organic&amp;iid=fa1f4cda-67d0-4e3d-87da-8a18daff88ff.MONHQ89HEGSZG2WH.SEARCH&amp;ppt=None&amp;ppn=None&amp;ssid=km2e65hgkg0000001790496364815&amp;qH=0330ad6eea85baab&amp;ov_redirect=true&amp;ov_redirect=true"><div class="QiMO5r"><div class="hZ3P6w">₹12,090</div></div></a></div></div></div></div><div class="lvJbLV col-12-12"><div class="nZIRY7"><div data-id="ACCHJZCDJDGZBGHG" style="width:25%"><div class="RGLWAk"><a class="GnxRXv" target="_blank" rel="noopener noreferrer" href="/oweizior-44-w-power-gan-wall-charger-mobile/p/itm881698b1848f9?pid=ACCHJZCDJDGZBGHG&amp;lid=LSTACCHJZCDJDGZBGHGBDL5Z3&amp;marketplace=FLIPKART&amp;q=LSTERGHP8HG8CJUABTGYQVQRS&amp;store=search.flipkart.com&amp;srno=s_1_21&amp;otracker=search&amp;fm=organic&amp;iid=en_KgyAxcSoevqk9sXdceqlLIF0U1J69O9MAVeaNis5ZAaD6qMz5QYeLeFY3tcAYvtUjxPW_eIInxi4kTNDqaKi35OWPQSptJCsT8KjlawrErTTJYe5HnxwlOE1vi38sTYQ&amp;ppt=None&amp;ppn=None&amp;ssid=km2e65hgkg0000001790496364815&amp;qH=0330ad6eea85baab&amp;ov_redirect=true&amp;ov_redirect=true"><div><div><div class="lWX0_T" style="height:280px;width:200px"><img loading="eager" class="UCc1lI" alt="OWEIZIOR 44 W Power GaN Wall Charger for Mobile" src="https://rukminim2.flixcart.com/image/612/612/xif0q/battery-charger/u/2/o/vvo-44w-adapter-ievo-original-imahgp3getygapz7.jpeg?q=70"/></div></div></div><div class="SJekt1 bEnCjh"><div class="JiknFv"><svg xmlns="http://www.w3.org/2000/svg" class="rE8OAo" width="16" height="16" viewBox="0 0 20 16"><path d="M8.695 16.682C4.06 12.382 1 9.536 1 6.065 1 3.219 3.178 1 5.95 1c1.566 0 3.069.746 4.05 1.915C10.981 1.745 12.484 1 14.05 1 16.822 1 19 3.22 19 6.065c0 3.471-3.06 6.316-7.695 10.617L10 17.897l-1.305-1.215z" fill="#2874F0" class="JX9D2X" stroke="#FFF" fill-rule="evenodd" opacity=".9"></path></svg></div></div></a><div class="IxWX8O"><svg width="62" height="18" xmlns="http://www.w3.org/2000/svg" class=""><rect width="62" height="18" fill="white"></rect><path d="M5.82955 6.45455C5.77841 6.02273 5.57102 5.6875 5.20739 5.44886C4.84375 5.21023 4.39773 5.09091 3.86932 5.09091C3.48295 5.09091 3.14489 5.15341 2.85511 5.27841C2.56818 5.40341 2.34375 5.57528 2.18182 5.79403C2.02273 6.01278 1.94318 6.26136 1.94318 6.53977C1.94318 6.77273 1.99858 6.97301 2.10938 7.14062C2.22301 7.3054 2.3679 7.44318 2.54403 7.55398C2.72017 7.66193 2.90483 7.75142 3.09801 7.82244C3.29119 7.89062 3.46875 7.94602 3.63068 7.98864L4.51705 8.22727C4.74432 8.28693 4.99716 8.36932 5.27557 8.47443C5.55682 8.57955 5.82528 8.72301 6.08097 8.90483C6.33949 9.08381 6.55256 9.31392 6.72017 9.59517C6.88778 9.87642 6.97159 10.2216 6.97159 10.6307C6.97159 11.1023 6.84801 11.5284 6.60085 11.9091C6.35653 12.2898 5.99858 12.5923 5.52699 12.8168C5.05824 13.0412 4.48864 13.1534 3.81818 13.1534C3.19318 13.1534 2.65199 13.0526 2.1946 12.8509C1.74006 12.6491 1.3821 12.3679 1.12074 12.0071C0.862216 11.6463 0.715909 11.2273 0.681818 10.75H1.77273C1.80114 11.0795 1.91193 11.3523 2.10511 11.5682C2.30114 11.7812 2.5483 11.9403 2.84659 12.0455C3.14773 12.1477 3.47159 12.1989 3.81818 12.1989C4.22159 12.1989 4.58381 12.1335 4.90483 12.0028C5.22585 11.8693 5.48011 11.6847 5.66761 11.4489C5.85511 11.2102 5.94886 10.9318 5.94886 10.6136C5.94886 10.3239 5.8679 10.0881 5.70597 9.90625C5.54403 9.72443 5.33097 9.5767 5.06676 9.46307C4.80256 9.34943 4.51705 9.25 4.21023 9.16477L3.13636 8.85795C2.45455 8.66193 1.91477 8.3821 1.51705 8.01847C1.11932 7.65483 0.920455 7.17898 0.920455 6.59091C0.920455 6.10227 1.05256 5.67614 1.31676 5.3125C1.58381 4.94602 1.94176 4.66193 2.39062 4.46023C2.84233 4.25568 3.34659 4.15341 3.90341 4.15341C4.46591 4.15341 4.96591 4.25426 5.40341 4.45597C5.84091 4.65483 6.1875 4.92756 6.44318 5.27415C6.7017 5.62074 6.83807 6.0142 6.85227 6.45455H5.82955ZM8.5728 15.4545V6.45455H9.54439V7.49432H9.66371C9.73757 7.38068 9.83984 7.2358 9.97053 7.05966C10.104 6.88068 10.2944 6.72159 10.5415 6.58239C10.7915 6.44034 11.1296 6.36932 11.5558 6.36932C12.1069 6.36932 12.5927 6.5071 13.0131 6.78267C13.4336 7.05824 13.7617 7.44886 13.9975 7.95455C14.2333 8.46023 14.3512 9.05682 14.3512 9.74432C14.3512 10.4375 14.2333 11.0384 13.9975 11.5469C13.7617 12.0526 13.435 12.4446 13.0174 12.723C12.5998 12.9986 12.1183 13.1364 11.5728 13.1364C11.1523 13.1364 10.8157 13.0668 10.5629 12.9276C10.31 12.7855 10.1154 12.625 9.97905 12.446C9.84268 12.2642 9.73757 12.1136 9.66371 11.9943H9.57848V15.4545H8.5728ZM9.56143 9.72727C9.56143 10.2216 9.63388 10.6577 9.77876 11.0355C9.92365 11.4105 10.1353 11.7045 10.4137 11.9176C10.6921 12.1278 11.033 12.233 11.4364 12.233C11.8569 12.233 12.2077 12.1222 12.489 11.9006C12.7731 11.6761 12.9862 11.375 13.1282 10.9972C13.2731 10.6165 13.3455 10.1932 13.3455 9.72727C13.3455 9.26705 13.2745 8.85227 13.1325 8.48295C12.9933 8.1108 12.7816 7.81676 12.4975 7.60085C12.2163 7.3821 11.8626 7.27273 11.4364 7.27273C11.0273 7.27273 10.6836 7.37642 10.4052 7.58381C10.1268 7.78835 9.91655 8.07528 9.7745 8.4446C9.63246 8.81108 9.56143 9.23864 9.56143 9.72727ZM18.5444 13.1364C17.9535 13.1364 17.435 12.9957 16.989 12.7145C16.5458 12.4332 16.1992 12.0398 15.9492 11.5341C15.7021 11.0284 15.5785 10.4375 15.5785 9.76136C15.5785 9.07955 15.7021 8.48437 15.9492 7.97585C16.1992 7.46733 16.5458 7.07244 16.989 6.79119C17.435 6.50994 17.9535 6.36932 18.5444 6.36932C19.1353 6.36932 19.6523 6.50994 20.0955 6.79119C20.5415 7.07244 20.8881 7.46733 21.1353 7.97585C21.3853 8.48437 21.5103 9.07955 21.5103 9.76136C21.5103 10.4375 21.3853 11.0284 21.1353 11.5341C20.8881 12.0398 20.5415 12.4332 20.0955 12.7145C19.6523 12.9957 19.1353 13.1364 18.5444 13.1364ZM18.5444 12.233C18.9933 12.233 19.3626 12.1179 19.6523 11.8878C19.9421 11.6577 20.1566 11.3551 20.2958 10.9801C20.435 10.6051 20.5046 10.1989 20.5046 9.76136C20.5046 9.32386 20.435 8.91619 20.2958 8.53835C20.1566 8.16051 19.9421 7.85511 19.6523 7.62216C19.3626 7.3892 18.9933 7.27273 18.5444 7.27273C18.0955 7.27273 17.7262 7.3892 17.4364 7.62216C17.1467 7.85511 16.9322 8.16051 16.793 8.53835C16.6538 8.91619 16.5842 9.32386 16.5842 9.76136C16.5842 10.1989 16.6538 10.6051 16.793 10.9801C16.9322 11.3551 17.1467 11.6577 17.4364 11.8878C17.7262 12.1179 18.0955 12.233 18.5444 12.233ZM24.0511 9.0625V13H23.0455V6.45455H24.017V7.47727H24.1023C24.2557 7.14489 24.4886 6.87784 24.8011 6.67614C25.1136 6.47159 25.517 6.36932 26.0114 6.36932C26.4545 6.36932 26.8423 6.46023 27.1747 6.64205C27.5071 6.82102 27.7656 7.09375 27.9503 7.46023C28.1349 7.82386 28.2273 8.28409 28.2273 8.84091V13H27.2216V8.90909C27.2216 8.39489 27.0881 7.99432 26.821 7.70739C26.554 7.41761 26.1875 7.27273 25.7216 7.27273C25.4006 7.27273 25.1136 7.34233 24.8608 7.48153C24.6108 7.62074 24.4134 7.82386 24.2685 8.09091C24.1236 8.35795 24.0511 8.68182 24.0511 9.0625ZM34.7013 7.92045L33.7979 8.17614C33.7411 8.02557 33.6573 7.87926 33.5465 7.73722C33.4386 7.59233 33.2908 7.47301 33.1033 7.37926C32.9158 7.28551 32.6758 7.23864 32.3832 7.23864C31.9826 7.23864 31.6488 7.33097 31.3817 7.51562C31.1175 7.69744 30.9854 7.92898 30.9854 8.21023C30.9854 8.46023 31.0763 8.65767 31.2582 8.80256C31.44 8.94744 31.7241 9.06818 32.1104 9.16477L33.082 9.40341C33.6673 9.54545 34.1033 9.76278 34.3903 10.0554C34.6772 10.3452 34.8207 10.7187 34.8207 11.1761C34.8207 11.5511 34.7127 11.8864 34.4968 12.1818C34.2837 12.4773 33.9854 12.7102 33.6019 12.8807C33.2184 13.0511 32.7724 13.1364 32.2638 13.1364C31.5962 13.1364 31.0437 12.9915 30.6062 12.7017C30.1687 12.4119 29.8917 11.9886 29.7752 11.4318L30.7298 11.1932C30.8207 11.5455 30.9925 11.8097 31.2454 11.9858C31.5011 12.1619 31.8349 12.25 32.2468 12.25C32.7156 12.25 33.0877 12.1506 33.3633 11.9517C33.6417 11.75 33.7809 11.5085 33.7809 11.2273C33.7809 11 33.7013 10.8097 33.5423 10.6562C33.3832 10.5 33.1388 10.3835 32.8093 10.3068L31.7184 10.0511C31.119 9.90909 30.6786 9.68892 30.3974 9.39062C30.119 9.08949 29.9798 8.71307 29.9798 8.26136C29.9798 7.89205 30.0835 7.56534 30.2908 7.28125C30.5011 6.99716 30.7866 6.77415 31.1474 6.61222C31.511 6.45028 31.9229 6.36932 32.3832 6.36932C33.0309 6.36932 33.5394 6.51136 33.9087 6.79545C34.2809 7.07955 34.5451 7.45455 34.7013 7.92045ZM38.9936 13.1364C38.4027 13.1364 37.8842 12.9957 37.4382 12.7145C36.995 12.4332 36.6484 12.0398 36.3984 11.5341C36.1513 11.0284 36.0277 10.4375 36.0277 9.76136C36.0277 9.07955 36.1513 8.48437 36.3984 7.97585C36.6484 7.46733 36.995 7.07244 37.4382 6.79119C37.8842 6.50994 38.4027 6.36932 38.9936 6.36932C39.5845 6.36932 40.1016 6.50994 40.5447 6.79119C40.9908 7.07244 41.3374 7.46733 41.5845 7.97585C41.8345 8.48437 41.9595 9.07955 41.9595 9.76136C41.9595 10.4375 41.8345 11.0284 41.5845 11.5341C41.3374 12.0398 40.9908 12.4332 40.5447 12.7145C40.1016 12.9957 39.5845 13.1364 38.9936 13.1364ZM38.9936 12.233C39.4425 12.233 39.8118 12.1179 40.1016 11.8878C40.3913 11.6577 40.6058 11.3551 40.745 10.9801C40.8842 10.6051 40.9538 10.1989 40.9538 9.76136C40.9538 9.32386 40.8842 8.91619 40.745 8.53835C40.6058 8.16051 40.3913 7.85511 40.1016 7.62216C39.8118 7.3892 39.4425 7.27273 38.9936 7.27273C38.5447 7.27273 38.1754 7.3892 37.8857 7.62216C37.5959 7.85511 37.3814 8.16051 37.2422 8.53835C37.103 8.91619 37.0334 9.32386 37.0334 9.76136C37.0334 10.1989 37.103 10.6051 37.2422 10.9801C37.3814 11.3551 37.5959 11.6577 37.8857 11.8878C38.1754 12.1179 38.5447 12.233 38.9936 12.233ZM43.4947 13V6.45455H44.4663V7.44318H44.5344C44.6538 7.11932 44.8697 6.85653 45.1822 6.65483C45.4947 6.45312 45.8469 6.35227 46.239 6.35227C46.3129 6.35227 46.4052 6.35369 46.516 6.35653C46.6268 6.35937 46.7106 6.36364 46.7674 6.36932V7.39205C46.7333 7.38352 46.6552 7.37074 46.533 7.35369C46.4137 7.33381 46.2873 7.32386 46.1538 7.32386C45.8356 7.32386 45.5515 7.39062 45.3015 7.52415C45.0543 7.65483 44.8583 7.83665 44.7134 8.0696C44.5714 8.29972 44.5004 8.5625 44.5004 8.85795V13H43.4947ZM50.5046 13.1364C49.8739 13.1364 49.3299 12.9972 48.8725 12.7188C48.418 12.4375 48.0671 12.0455 47.82 11.5426C47.5756 11.0369 47.4535 10.4489 47.4535 9.77841C47.4535 9.10795 47.5756 8.51705 47.82 8.00568C48.0671 7.49148 48.4109 7.09091 48.8512 6.80398C49.2944 6.5142 49.8114 6.36932 50.4023 6.36932C50.7433 6.36932 51.0799 6.42614 51.4123 6.53977C51.7447 6.65341 52.0472 6.83807 52.32 7.09375C52.5927 7.34659 52.81 7.68182 52.9719 8.09943C53.1339 8.51705 53.2148 9.03125 53.2148 9.64205V10.0682H48.1694V9.19886H52.1921C52.1921 8.82955 52.1183 8.5 51.9705 8.21023C51.8256 7.92045 51.6183 7.69176 51.3484 7.52415C51.0813 7.35653 50.766 7.27273 50.4023 7.27273C50.0018 7.27273 49.6552 7.37216 49.3626 7.57102C49.0728 7.76705 48.8498 8.02273 48.6935 8.33807C48.5373 8.65341 48.4592 8.99148 48.4592 9.35227V9.93182C48.4592 10.4261 48.5444 10.8452 48.7148 11.1889C48.8881 11.5298 49.1282 11.7898 49.435 11.9688C49.7418 12.1449 50.0984 12.233 50.5046 12.233C50.7688 12.233 51.0075 12.196 51.2205 12.1222C51.4364 12.0455 51.6225 11.9318 51.7788 11.7812C51.935 11.6278 52.0558 11.4375 52.141 11.2102L53.1126 11.483C53.0103 11.8125 52.8384 12.1023 52.5969 12.3523C52.3555 12.5994 52.0572 12.7926 51.7021 12.9318C51.3469 13.0682 50.9478 13.1364 50.5046 13.1364ZM57.2163 13.1364C56.6708 13.1364 56.1893 12.9986 55.7717 12.723C55.354 12.4446 55.0273 12.0526 54.7915 11.5469C54.5558 11.0384 54.4379 10.4375 54.4379 9.74432C54.4379 9.05682 54.5558 8.46023 54.7915 7.95455C55.0273 7.44886 55.3555 7.05824 55.7759 6.78267C56.1964 6.5071 56.6822 6.36932 57.2333 6.36932C57.6594 6.36932 57.9961 6.44034 58.2433 6.58239C58.4933 6.72159 58.6836 6.88068 58.8143 7.05966C58.9478 7.2358 59.0515 7.38068 59.1254 7.49432H59.2106V4.27273H60.2163V13H59.2447V11.9943H59.1254C59.0515 12.1136 58.9464 12.2642 58.81 12.446C58.6737 12.625 58.479 12.7855 58.2262 12.9276C57.9734 13.0668 57.6367 13.1364 57.2163 13.1364ZM57.3526 12.233C57.756 12.233 58.0969 12.1278 58.3754 11.9176C58.6538 11.7045 58.8654 11.4105 59.0103 11.0355C59.1552 10.6577 59.2276 10.2216 59.2276 9.72727C59.2276 9.23864 59.1566 8.81108 59.0146 8.4446C58.8725 8.07528 58.6623 7.78835 58.3839 7.58381C58.1055 7.37642 57.7617 7.27273 57.3526 7.27273C56.9265 7.27273 56.5714 7.3821 56.2873 7.60085C56.006 7.81676 55.7944 8.1108 55.6523 8.48295C55.5131 8.85227 55.4435 9.26705 55.4435 9.72727C55.4435 10.1932 55.5146 10.6165 55.6566 10.9972C55.8015 11.375 56.0146 11.6761 56.2958 11.9006C56.5799 12.1222 56.9322 12.233 57.3526 12.233Z" fill="#9E9E9E"></path></svg></div><a class="pIpigb" title="OWEIZIOR 44 W Power GaN Wall Charger for Mobile" target="_blank" rel="noopener noreferrer" href="/oweizior-44-w-power-gan-wall-charger-mobile/p/itm881698b1848f9?pid=ACCHJZCDJDGZBGHG&amp;lid=LSTACCHJZCDJDGZBGHGBDL5Z3&amp;marketplace=FLIPKART&amp;q=LSTERGHP8HG8CJUABTGYQVQRS&amp;store=search.flipkart.com&amp;srno=s_1_21&amp;otracker=search&amp;fm=organic&amp;iid=en_KgyAxcSoevqk9sXdceqlLIF0U1J69O9MAVeaNis5ZAaD6qMz5QYeLeFY3tcAYvtUjxPW_eIInxi4kTNDqaKi35OWPQSptJCsT8KjlawrErTTJYe5HnxwlOE1vi38sTYQ&amp;ppt=None&amp;ppn=None&amp;ssid=km2e65hgkg0000001790496364815&amp;qH=0330ad6eea85baab&amp;ov_redirect=true&amp;ov_redirect=true">OWEIZIOR 44 W Power GaN Wall Charger for Mobile</a><div class="U_GKRr">Compatible with Vivo Devices</div><a class="fb4uj3" target="_blank" rel="noopener noreferrer" href="/oweizior-44-w-power-gan-wall-charger-mobile/p/itm881698b1848f9?pid=ACCHJZCDJDGZBGHG&amp;lid=LSTACCHJZCDJDGZBGHGBDL5Z3&amp;marketplace=FLIPKART&amp;q=LSTERGHP8HG8CJUABTGYQVQRS&amp;store=search.flipkart.com&amp;srno=s_1_21&amp;otracker=search&amp;fm=organic&amp;iid=en_KgyAxcSoevqk9sXdceqlLIF0U1J69O9MAVeaNis5ZAaD6qMz5QYeLeFY3tcAYvtUjxPW_eIInxi4kTNDqaKi35OWPQSptJCsT8KjlawrErTTJYe5HnxwlOE1vi38sTYQ&amp;ppt=None&amp;ppn=None&amp;ssid=km2e65hgkg0000001790496364815&amp;qH=0330ad6eea85baab&amp;ov_redirect=true&amp;ov_redirect=true"><div class="QiMO5r"><div class="hZ3P6w">₹888</div><div class="kRYCnD">₹<!-- -->1,199</div><div class="HQe8jr"><span>25% off</span></div></div></a></div></div><div data-id="MONHZ3KBSZFPWQFM" style="width:25%"><div class="RGLWAk"><a class="GnxRXv" target="_blank" rel="noopener noreferrer" href="/samsung-odyssey-oled-g8-67-69-cm-27-inches-4k-ultra-hd-led-backlit-panel-gaming-monitor-ls27hg800swxxl/p/itm3eea75d256490?pid=MONHZ3KBSZFPWQFM&amp;lid=LSTMONHZ3KBSZFPWQFMVI2QBT&amp;marketplace=FLIPKART&amp;q=LSTERGHP8HG8CJUABTGYQVQRS&amp;store=search.flipkart.com&amp;srno=s_1_22&amp;otracker=search&amp;fm=organic&amp;iid=en_KgyAxcSoevqk9sXdceqlLIF0U1J69O9MAVeaNis5ZAaXUZ4oLwA5PTKcmnhz7hJwLhfR1YlaUdHZKLZS4tNW7RaYJqFWk9VyMgNWsa2SpqqK2W4pUP6RCRSgqDZM4OsB&amp;ppt=None&amp;ppn=None&amp;ssid=km2e65hgkg0000001790496364815&amp;qH=0330ad6eea85baab&amp;ov_redirect=true&amp;ov_redirect=true"><div><div><div class="lWX0_T" style="height:280px;width:200px"><img loading="eager" class="UCc1lI" alt="Samsung Odyssey OLED G8 67.69 cm (27 inches) 4K Ultra HD LED Backlit OLED Panel Gaming Monitor (LS27HG800SWXXL)" src="https://rukminim2.flixcart.com/image/612/612/xif0q/monitor/o/l/k/-original-imahqmznuaqsuvyf.jpeg?q=70"/></div></div></div><div class="SJekt1 bEnCjh"><div class="JiknFv"><svg xmlns="http://www.w3.org/2000/svg" class="rE8OAo" width="16" height="16" viewBox="0 0 20 16"><path d="M8.695 16.682C4.06 12.382 1 9.536 1 6.065 1 3.219 3.178 1 5.95 1c1.566 0 3.069.746 4.05 1.915C10.981 1.745 12.484 1 14.05 1 16.822 1 19 3.22 19 6.065c0 3.471-3.06 6.316-7.695 10.617L10 17.897l-1.305-1.215z" fill="#2874F0" class="JX9D2X" stroke="#FFF" fill-rule="evenodd" opacity=".9"></path></svg></div></div></a><div class="IxWX8O"><svg width="62" height="18" xmlns="http://www.w3.org/2000/svg" class=""><rect width="62" height="18" fill="white"></rect><path d="M5.82955 6.45455C5.77841 6.02273 5.57102 5.6875 5.20739 5.44886C4.84375 5.21023 4.39773 5.09091 3.86932 5.09091C3.48295 5.09091 3.14489 5.15341 2.85511 5.27841C2.56818 5.40341 2.34375 5.57528 2.18182 5.79403C2.02273 6.01278 1.94318 6.26136 1.94318 6.53977C1.94318 6.77273 1.99858 6.97301 2.10938 7.14062C2.22301 7.3054 2.3679 7.44318 2.54403 7.55398C2.72017 7.66193 2.90483 7.75142 3.09801 7.82244C3.29119 7.89062 3.46875 7.94602 3.63068 7.98864L4.51705 8.22727C4.74432 8.28693 4.99716 8.36932 5.27557 8.47443C5.55682 8.57955 5.82528 8.72301 6.08097 8.90483C6.33949 9.08381 6.55256 9.31392 6.72017 9.59517C6.88778 9.87642 6.97159 10.2216 6.97159 10.6307C6.97159 11.1023 6.84801 11.5284 6.60085 11.9091C6.35653 12.2898 5.99858 12.5923 5.52699 12.8168C5.05824 13.0412 4.48864 13.1534 3.81818 13.1534C3.19318 13.1534 2.65199 13.0526 2.1946 12.8509C1.74006 12.6491 1.3821 12.3679 1.12074 12.0071C0.862216 11.6463 0.715909 11.2273 0.681818 10.75H1.77273C1.80114 11.0795 1.91193 11.3523 2.10511 11.5682C2.30114 11.7812 2.5483 11.9403 2.84659 12.0455C3.14773 12.1477 3.47159 12.1989 3.81818 12.1989C4.22159 12.1989 4.58381 12.1335 4.90483 12.0028C5.22585 11.8693 5.48011 11.6847 5.66761 11.4489C5.85511 11.2102 5.94886 10.9318 5.94886 10.6136C5.94886 10.3239 5.8679 10.0881 5.70597 9.90625C5.54403 9.72443 5.33097 9.5767 5.06676 9.46307C4.80256 9.34943 4.51705 9.25 4.21023 9.16477L3.13636 8.85795C2.45455 8.66193 1.91477 8.3821 1.51705 8.01847C1.11932 7.65483 0.920455 7.17898 0.920455 6.59091C0.920455 6.10227 1.05256 5.67614 1.31676 5.3125C1.58381 4.94602 1.94176 4.66193 2.39062 4.46023C2.84233 4.25568 3.34659 4.15341 3.90341 4.15341C4.46591 4.15341 4.96591 4.25426 5.40341 4.45597C5.84091 4.65483 6.1875 4.92756 6.44318 5.27415C6.7017 5.62074 6.83807 6.0142 6.85227 6.45455H5.82955ZM8.5728 15.4545V6.45455H9.54439V7.49432H9.66371C9.73757 7.38068 9.83984 7.2358 9.97053 7.05966C10.104 6.88068 10.2944 6.72159 10.5415 6.58239C10.7915 6.44034 11.1296 6.36932 11.5558 6.36932C12.1069 6.36932 12.5927 6.5071 13.0131 6.78267C13.4336 7.05824 13.7617 7.44886 13.9975 7.95455C14.2333 8.46023 14.3512 9.05682 14.3512 9.74432C14.3512 10.4375 14.2333 11.0384 13.9975 11.5469C13.7617 12.0526 13.435 12.4446 13.0174 12.723C12.5998 12.9986 12.1183 13.1364 11.5728 13.1364C11.1523 13.1364 10.8157 13.0668 10.5629 12.9276C10.31 12.7855 10.1154 12.625 9.97905 12.446C9.84268 12.2642 9.73757 12.1136 9.66371 11.9943H9.57848V15.4545H8.5728ZM9.56143 9.72727C9.56143 10.2216 9.63388 10.6577 9.77876 11.0355C9.92365 11.4105 10.1353 11.7045 10.4137 11.9176C10.6921 12.1278 11.033 12.233 11.4364 12.233C11.8569 12.233 12.2077 12.1222 12.489 11.9006C12.7731 11.6761 12.9862 11.375 13.1282 10.9972C13.2731 10.6165 13.3455 10.1932 13.3455 9.72727C13.3455 9.26705 13.2745 8.85227 13.1325 8.48295C12.9933 8.1108 12.7816 7.81676 12.4975 7.60085C12.2163 7.3821 11.8626 7.27273 11.4364 7.27273C11.0273 7.27273 10.6836 7.37642 10.4052 7.58381C10.1268 7.78835 9.91655 8.07528 9.7745 8.4446C9.63246 8.81108 9.56143 9.23864 9.56143 9.72727ZM18.5444 13.1364C17.9535 13.1364 17.435 12.9957 16.989 12.7145C16.5458 12.4332 16.1992 12.0398 15.9492 11.5341C15.7021 11.0284 15.5785 10.4375 15.5785 9.76136C15.5785 9.07955 15.7021 8.48437 15.9492 7.97585C16.1992 7.46733 16.5458 7.07244 16.989 6.79119C17.435 6.50994 17.9535 6.36932 18.5444 6.36932C19.1353 6.36932 19.6523 6.50994 20.0955 6.79119C20.5415 7.07244 20.8881 7.46733 21.1353 7.97585C21.3853 8.48437 21.5103 9.07955 21.5103 9.76136C21.5103 10.4375 21.3853 11.0284 21.1353 11.5341C20.8881 12.0398 20.5415 12.4332 20.0955 12.7145C19.6523 12.9957 19.1353 13.1364 18.5444 13.1364ZM18.5444 12.233C18.9933 12.233 19.3626 12.1179 19.6523 11.8878C19.9421 11.6577 20.1566 11.3551 20.2958 10.9801C20.435 10.6051 20.5046 10.1989 20.5046 9.76136C20.5046 9.32386 20.435 8.91619 20.2958 8.53835C20.1566 8.16051 19.9421 7.85511 19.6523 7.62216C19.3626 7.3892 18.9933 7.27273 18.5444 7.27273C18.0955 7.27273 17.7262 7.3892 17.4364 7.62216C17.1467 7.85511 16.9322 8.16051 16.793 8.53835C16.6538 8.91619 16.5842 9.32386 16.5842 9.76136C16.5842 10.1989 16.6538 10.6051 16.793 10.9801C16.9322 11.3551 17.1467 11.6577 17.4364 11.8878C17.7262 12.1179 18.0955 12.233 18.5444 12.233ZM24.0511 9.0625V13H23.0455V6.45455H24.017V7.47727H24.1023C24.2557 7.14489 24.4886 6.87784 24.8011 6.67614C25.1136 6.47159 25.517 6.36932 26.0114 6.36932C26.4545 6.36932 26.8423 6.46023 27.1747 6.64205C27.5071 6.82102 27.7656 7.09375 27.9503 7.46023C28.1349 7.82386 28.2273 8.28409 28.2273 8.84091V13H27.2216V8.90909C27.2216 8.39489 27.0881 7.99432 26.821 7.70739C26.554 7.41761 26.1875 7.27273 25.7216 7.27273C25.4006 7.27273 25.1136 7.34233 24.8608 7.48153C24.6108 7.62074 24.4134 7.82386 24.2685 8.09091C24.1236 8.35795 24.0511 8.68182 24.0511 9.0625ZM34.7013 7.92045L33.7979 8.17614C33.7411 8.02557 33.6573 7.87926 33.5465 7.73722C33.4386 7.59233 33.2908 7.47301 33.1033 7.37926C32.9158 7.28551 32.6758 7.23864 32.3832 7.23864C31.9826 7.23864 31.6488 7.33097 31.3817 7.51562C31.1175 7.69744 30.9854 7.92898 30.9854 8.21023C30.9854 8.46023 31.0763 8.65767 31.2582 8.80256C31.44 8.94744 31.7241 9.06818 32.1104 9.16477L33.082 9.40341C33.6673 9.54545 34.1033 9.76278 34.3903 10.0554C34.6772 10.3452 34.8207 10.7187 34.8207 11.1761C34.8207 11.5511 34.7127 11.8864 34.4968 12.1818C34.2837 12.4773 33.9854 12.7102 33.6019 12.8807C33.2184 13.0511 32.7724 13.1364 32.2638 13.1364C31.5962 13.1364 31.0437 12.9915 30.6062 12.7017C30.1687 12.4119 29.8917 11.9886 29.7752 11.4318L30.7298 11.1932C30.8207 11.5455 30.9925 11.8097 31.2454 11.9858C31.5011 12.1619 31.8349 12.25 32.2468 12.25C32.7156 12.25 33.0877 12.1506 33.3633 11.9517C33.6417 11.75 33.7809 11.5085 33.7809 11.2273C33.7809 11 33.7013 10.8097 33.5423 10.6562C33.3832 10.5 33.1388 10.3835 32.8093 10.3068L31.7184 10.0511C31.119 9.90909 30.6786 9.68892 30.3974 9.39062C30.119 9.08949 29.9798 8.71307 29.9798 8.26136C29.9798 7.89205 30.0835 7.56534 30.2908 7.28125C30.5011 6.99716 30.7866 6.77415 31.1474 6.61222C31.511 6.45028 31.9229 6.36932 32.3832 6.36932C33.0309 6.36932 33.5394 6.51136 33.9087 6.79545C34.2809 7.07955 34.5451 7.45455 34.7013 7.92045ZM38.9936 13.1364C38.4027 13.1364 37.8842 12.9957 37.4382 12.7145C36.995 12.4332 36.6484 12.0398 36.3984 11.5341C36.1513 11.0284 36.0277 10.4375 36.0277 9.76136C36.0277 9.07955 36.1513 8.48437 36.3984 7.97585C36.6484 7.46733 36.995 7.07244 37.4382 6.79119C37.8842 6.50994 38.4027 6.36932 38.9936 6.36932C39.5845 6.36932 40.1016 6.50994 40.5447 6.79119C40.9908 7.07244 41.3374 7.46733 41.5845 7.97585C41.8345 8.48437 41.9595 9.07955 41.9595 9.76136C41.9595 10.4375 41.8345 11.0284 41.5845 11.5341C41.3374 12.0398 40.9908 12.4332 40.5447 12.7145C40.1016 12.9957 39.5845 13.1364 38.9936 13.1364ZM38.9936 12.233C39.4425 12.233 39.8118 12.1179 40.1016 11.8878C40.3913 11.6577 40.6058 11.3551 40.745 10.9801C40.8842 10.6051 40.9538 10.1989 40.9538 9.76136C40.9538 9.32386 40.8842 8.91619 40.745 8.53835C40.6058 8.16051 40.3913 7.85511 40.1016 7.62216C39.8118 7.3892 39.4425 7.27273 38.9936 7.27273C38.5447 7.27273 38.1754 7.3892 37.8857 7.62216C37.5959 7.85511 37.3814 8.16051 37.2422 8.53835C37.103 8.91619 37.0334 9.32386 37.0334 9.76136C37.0334 10.1989 37.103 10.6051 37.2422 10.9801C37.3814 11.3551 37.5959 11.6577 37.8857 11.8878C38.1754 12.1179 38.5447 12.233 38.9936 12.233ZM43.4947 13V6.45455H44.4663V7.44318H44.5344C44.6538 7.11932 44.8697 6.85653 45.1822 6.65483C45.4947 6.45312 45.8469 6.35227 46.239 6.35227C46.3129 6.35227 46.4052 6.35369 46.516 6.35653C46.6268 6.35937 46.7106 6.36364 46.7674 6.36932V7.39205C46.7333 7.38352 46.6552 7.37074 46.533 7.35369C46.4137 7.33381 46.2873 7.32386 46.1538 7.32386C45.8356 7.32386 45.5515 7.39062 45.3015 7.52415C45.0543 7.65483 44.8583 7.83665 44.7134 8.0696C44.5714 8.29972 44.5004 8.5625 44.5004 8.85795V13H43.4947ZM50.5046 13.1364C49.8739 13.1364 49.3299 12.9972 48.8725 12.7188C48.418 12.4375 48.0671 12.0455 47.82 11.5426C47.5756 11.0369 47.4535 10.4489 47.4535 9.77841C47.4535 9.10795 47.5756 8.51705 47.82 8.00568C48.0671 7.49148 48.4109 7.09091 48.8512 6.80398C49.2944 6.5142 49.8114 6.36932 50.4023 6.36932C50.7433 6.36932 51.0799 6.42614 51.4123 6.53977C51.7447 6.65341 52.0472 6.83807 52.32 7.09375C52.5927 7.34659 52.81 7.68182 52.9719 8.09943C53.1339 8.51705 53.2148 9.03125 53.2148 9.64205V10.0682H48.1694V9.19886H52.1921C52.1921 8.82955 52.1183 8.5 51.9705 8.21023C51.8256 7.92045 51.6183 7.69176 51.3484 7.52415C51.0813 7.35653 50.766 7.27273 50.4023 7.27273C50.0018 7.27273 49.6552 7.37216 49.3626 7.57102C49.0728 7.76705 48.8498 8.02273 48.6935 8.33807C48.5373 8.65341 48.4592 8.99148 48.4592 9.35227V9.93182C48.4592 10.4261 48.5444 10.8452 48.7148 11.1889C48.8881 11.5298 49.1282 11.7898 49.435 11.9688C49.7418 12.1449 50.0984 12.233 50.5046 12.233C50.7688 12.233 51.0075 12.196 51.2205 12.1222C51.4364 12.0455 51.6225 11.9318 51.7788 11.7812C51.935 11.6278 52.0558 11.4375 52.141 11.2102L53.1126 11.483C53.0103 11.8125 52.8384 12.1023 52.5969 12.3523C52.3555 12.5994 52.0572 12.7926 51.7021 12.9318C51.3469 13.0682 50.9478 13.1364 50.5046 13.1364ZM57.2163 13.1364C56.6708 13.1364 56.1893 12.9986 55.7717 12.723C55.354 12.4446 55.0273 12.0526 54.7915 11.5469C54.5558 11.0384 54.4379 10.4375 54.4379 9.74432C54.4379 9.05682 54.5558 8.46023 54.7915 7.95455C55.0273 7.44886 55.3555 7.05824 55.7759 6.78267C56.1964 6.5071 56.6822 6.36932 57.2333 6.36932C57.6594 6.36932 57.9961 6.44034 58.2433 6.58239C58.4933 6.72159 58.6836 6.88068 58.8143 7.05966C58.9478 7.2358 59.0515 7.38068 59.1254 7.49432H59.2106V4.27273H60.2163V13H59.2447V11.9943H59.1254C59.0515 12.1136 58.9464 12.2642 58.81 12.446C58.6737 12.625 58.479 12.7855 58.2262 12.9276C57.9734 13.0668 57.6367 13.1364 57.2163 13.1364ZM57.3526 12.233C57.756 12.233 58.0969 12.1278 58.3754 11.9176C58.6538 11.7045 58.8654 11.4105 59.0103 11.0355C59.1552 10.6577 59.2276 10.2216 59.2276 9.72727C59.2276 9.23864 59.1566 8.81108 59.0146 8.4446C58.8725 8.07528 58.6623 7.78835 58.3839 7.58381C58.1055 7.37642 57.7617 7.27273 57.3526 7.27273C56.9265 7.27273 56.5714 7.3821 56.2873 7.60085C56.006 7.81676 55.7944 8.1108 55.6523 8.48295C55.5131 8.85227 55.4435 9.26705 55.4435 9.72727C55.4435 10.1932 55.5146 10.6165 55.6566 10.9972C55.8015 11.375 56.0146 11.6761 56.2958 11.9006C56.5799 12.1222 56.9322 12.233 57.3526 12.233Z" fill="#9E9E9E"></path></svg></div><a class="pIpigb" title="Samsung Odyssey OLED G8 67.69 cm (27 inches) 4K Ultra HD LED Backlit OLED Panel Gaming Monitor (LS27HG800SWXXL)" target="_blank" rel="noopener noreferrer" href="/samsung-odyssey-oled-g8-67-69-cm-27-inches-4k-ultra-hd-led-backlit-panel-gaming-monitor-ls27hg800swxxl/p/itm3eea75d256490?pid=MONHZ3KBSZFPWQFM&amp;lid=LSTMONHZ3KBSZFPWQFMVI2QBT&amp;marketplace=FLIPKART&amp;q=LSTERGHP8HG8CJUABTGYQVQRS&amp;store=search.flipkart.com&amp;srno=s_1_22&amp;otracker=search&amp;fm=organic&amp;iid=en_KgyAxcSoevqk9sXdceqlLIF0U1J69O9MAVeaNis5ZAaXUZ4oLwA5PTKcmnhz7hJwLhfR1YlaUdHZKLZS4tNW7RaYJqFWk9VyMgNWsa2SpqqK2W4pUP6RCRSgqDZM4OsB&amp;ppt=None&amp;ppn=None&amp;ssid=km2e65hgkg0000001790496364815&amp;qH=0330ad6eea85baab&amp;ov_redirect=true&amp;ov_redirect=true">Samsung Odyssey OLED G8 67.69 cm (27 inches) 4K Ultra H...</a><div class="U_GKRr">Response Time: 0.03 ms, 240 Hz Refresh Rate</div><a class="fb4uj3" target="_blank" rel="noopener noreferrer" href="/samsung-odyssey-oled-g8-67-69-cm-27-inches-4k-ultra-hd-led-backlit-panel-gaming-monitor-ls27hg800swxxl/p/itm3eea75d256490?pid=MONHZ3KBSZFPWQFM&amp;lid=LSTMONHZ3KBSZFPWQFMVI2QBT&amp;marketplace=FLIPKART&amp;q=LSTERGHP8HG8CJUABTGYQVQRS&amp;store=search.flipkart.com&amp;srno=s_1_22&amp;otracker=search&amp;fm=organic&amp;iid=en_KgyAxcSoevqk9sXdceqlLIF0U1J69O9MAVeaNis5ZAaXUZ4oLwA5PTKcmnhz7hJwLhfR1YlaUdHZKLZS4tNW7RaYJqFWk9VyMgNWsa2SpqqK2W4pUP6RCRSgqDZM4OsB&amp;ppt=None&amp;ppn=None&amp;ssid=km2e65hgkg0000001790496364815&amp;qH=0330ad6eea85baab&amp;ov_redirect=true&amp;ov_redirect=true"><div class="QiMO5r"><div class="hZ3P6w">₹82,599</div><div class="kRYCnD">₹<!-- -->1,16,900</div><div class="HQe8jr"><span>29% off</span></div></div></a></div></div><div data-id="MONHGMSBANMXYEMZ" style="width:25%"><div class="RGLWAk"><a class="GnxRXv" target="_blank" rel="noopener noreferrer" href="/acer-60-45-cm-24-inch-full-hd-led-backlit-ips-panel-monitor-sa242y-p1-zeroframe-design-amd-freesync-visioncare-eye-protection/p/itm7d1bc0336a966?pid=MONHGMSBANMXYEMZ&amp;lid=LSTMONHGMSBANMXYEMZD9GPME&amp;marketplace=FLIPKART&amp;q=LSTERGHP8HG8CJUABTGYQVQRS&amp;store=search.flipkart.com&amp;srno=s_1_23&amp;otracker=search&amp;fm=organic&amp;iid=fa1f4cda-67d0-4e3d-87da-8a18daff88ff.MONHGMSBANMXYEMZ.SEARCH&amp;ppt=None&amp;ppn=None&amp;ssid=km2e65hgkg0000001790496364815&amp;qH=0330ad6eea85baab&amp;ov_redirect=true&amp;ov_redirect=true"><div><div><div class="lWX0_T" style="height:280px;width:200px"><img loading="eager" class="UCc1lI" alt="Acer 60.45 cm (24 inch) Full HD LED Backlit IPS Panel Monitor (SA242Y P1 ZeroFrame Design | AMD FreeSync VisionCare Eye Protection)" src="https://rukminim2.flixcart.com/image/612/612/xif0q/monitor/w/9/2/sa242y-p1-zeroframe-design-amd-freesync-visioncare-eye-original-imahgmsbrntshbya.jpeg?q=70"/></div></div></div><div class="SJekt1 bEnCjh"><div class="JiknFv"><svg xmlns="http://www.w3.org/2000/svg" class="rE8OAo" width="16" height="16" viewBox="0 0 20 16"><path d="M8.695 16.682C4.06 12.382 1 9.536 1 6.065 1 3.219 3.178 1 5.95 1c1.566 0 3.069.746 4.05 1.915C10.981 1.745 12.484 1 14.05 1 16.822 1 19 3.22 19 6.065c0 3.471-3.06 6.316-7.695 10.617L10 17.897l-1.305-1.215z" fill="#2874F0" class="JX9D2X" stroke="#FFF" fill-rule="evenodd" opacity=".9"></path></svg></div></div></a><a class="pIpigb" title="Acer 60.45 cm (24 inch) Full HD LED Backlit IPS Panel Monitor (SA242Y P1 ZeroFrame Design | AMD FreeSync VisionCare Eye Protection)" target="_blank" rel="noopener noreferrer" href="/acer-60-45-cm-24-inch-full-hd-led-backlit-ips-panel-monitor-sa242y-p1-zeroframe-design-amd-freesync-visioncare-eye-protection/p/itm7d1bc0336a966?pid=MONHGMSBANMXYEMZ&amp;lid=LSTMONHGMSBANMXYEMZD9GPME&amp;marketplace=FLIPKART&amp;q=LSTERGHP8HG8CJUABTGYQVQRS&amp;store=search.flipkart.com&amp;srno=s_1_23&amp;otracker=search&amp;fm=organic&amp;iid=fa1f4cda-67d0-4e3d-87da-8a18daff88ff.MONHGMSBANMXYEMZ.SEARCH&amp;ppt=None&amp;ppn=None&amp;ssid=km2e65hgkg0000001790496364815&amp;qH=0330ad6eea85baab&amp;ov_redirect=true&amp;ov_redirect=true">Acer 60.45 cm (24 inch) Full HD LED Backlit IPS Panel M...</a><div class="U_GKRr">Response Time: 1 ms, 144 Hz Refresh Rate</div><div class="a7saXW WDsrYC"><span id="productRating_LSTMONHGMSBANMXYEMZD9GPME_MONHGMSBANMXYEMZ_" class="CjyrHS"><div class="MKiFS6">4.1<img src="data:image/svg+xml;base64,PHN2ZyB4bWxucz0iaHR0cDovL3d3dy53My5vcmcvMjAwMC9zdmciIHdpZHRoPSIxMyIgaGVpZ2h0PSIxMiI+PHBhdGggZmlsbD0iI0ZGRiIgZD0iTTYuNSA5LjQzOWwtMy42NzQgMi4yMy45NC00LjI2LTMuMjEtMi44ODMgNC4yNTQtLjQwNEw2LjUuMTEybDEuNjkgNC4wMSA0LjI1NC40MDQtMy4yMSAyLjg4Mi45NCA0LjI2eiIvPjwvc3ZnPg==" class="PZfbSE"/></div></span><span class="PvbNMB">(22)</span></div><div class="FIdGa1"><img height="21" src="//static-assets-web.flixcart.com/fk-p-linchpin-web/fk-cp-zion/img/fa_9e47c1.png"/></div><a class="fb4uj3" target="_blank" rel="noopener noreferrer" href="/acer-60-45-cm-24-inch-full-hd-led-backlit-ips-panel-monitor-sa242y-p1-zeroframe-design-amd-freesync-visioncare-eye-protection/p/itm7d1bc0336a966?pid=MONHGMSBANMXYEMZ&amp;lid=LSTMONHGMSBANMXYEMZD9GPME&amp;marketplace=FLIPKART&amp;q=LSTERGHP8HG8CJUABTGYQVQRS&amp;store=search.flipkart.com&amp;srno=s_1_23&amp;otracker=search&amp;fm=organic&amp;iid=fa1f4cda-67d0-4e3d-87da-8a18daff88ff.MONHGMSBANMXYEMZ.SEARCH&amp;ppt=None&amp;ppn=None&amp;ssid=km2e65hgkg0000001790496364815&amp;qH=0330ad6eea85baab&amp;ov_redirect=true&amp;ov_redirect=true"><div class="QiMO5r"><div class="hZ3P6w">₹9,399</div><div class="kRYCnD">₹<!-- -->9,499</div><div class="HQe8jr"><span>1% off</span></div></div></a><div class="MaiFhH"><div class="hx1EGN"><div class="HZ0E6r Rm9_cy" style="color:#C70055;font-size:12px;font-weight:700">Only few left</div></div></div></div></div><div data-id="MONHQNFWRQNWYGV8" style="width:25%"><div class="RGLWAk"><a class="GnxRXv" target="_blank" rel="noopener noreferrer" href="/zebster-v-series-46-99-cm-19-inch-hd-led-backlit-tn-panel-monitor-zeb-v19hd-led/p/itm114688c1a2eff?pid=MONHQNFWRQNWYGV8&amp;lid=LSTMONHQNFWRQNWYGV8R2SSOI&amp;marketplace=FLIPKART&amp;q=LSTERGHP8HG8CJUABTGYQVQRS&amp;store=search.flipkart.com&amp;srno=s_1_24&amp;otracker=search&amp;fm=organic&amp;iid=fa1f4cda-67d0-4e3d-87da-8a18daff88ff.MONHQNFWRQNWYGV8.SEARCH&amp;ppt=None&amp;ppn=None&amp;ssid=km2e65hgkg0000001790496364815&amp;qH=0330ad6eea85baab&amp;ov_redirect=true&amp;ov_redirect=true"><div><div><div class="lWX0_T" style="height:280px;width:200px"><img loading="eager" class="UCc1lI" alt="ZEBSTER V Series 46.99 cm (19 inch) HD LED Backlit TN Panel Monitor (ZEB-V19HD LED)" src="https://rukminim2.flixcart.com/image/612/612/xif0q/monitor/f/1/c/zeb-v19hd-led-60-hd-tn-panel-18-5-2024-zeb-v19hd-led-zebster-original-imahqng7pxre627d.jpeg?q=70"/></div></div></div><div class="SJekt1 bEnCjh"><div class="JiknFv"><svg xmlns="http://www.w3.org/2000/svg" class="rE8OAo" width="16" height="16" viewBox="0 0 20 16"><path d="M8.695 16.682C4.06 12.382 1 9.536 1 6.065 1 3.219 3.178 1 5.95 1c1.566 0 3.069.746 4.05 1.915C10.981 1.745 12.484 1 14.05 1 16.822 1 19 3.22 19 6.065c0 3.471-3.06 6.316-7.695 10.617L10 17.897l-1.305-1.215z" fill="#2874F0" class="JX9D2X" stroke="#FFF" fill-rule="evenodd" opacity=".9"></path></svg></div></div></a><a class="pIpigb" title="ZEBSTER V Series 46.99 cm (19 inch) HD LED Backlit TN Panel Monitor (ZEB-V19HD LED)" target="_blank" rel="noopener noreferrer" href="/zebster-v-series-46-99-cm-19-inch-hd-led-backlit-tn-panel-monitor-zeb-v19hd-led/p/itm114688c1a2eff?pid=MONHQNFWRQNWYGV8&amp;lid=LSTMONHQNFWRQNWYGV8R2SSOI&amp;marketplace=FLIPKART&amp;q=LSTERGHP8HG8CJUABTGYQVQRS&amp;store=search.flipkart.com&amp;srno=s_1_24&amp;otracker=search&amp;fm=organic&amp;iid=fa1f4cda-67d0-4e3d-87da-8a18daff88ff.MONHQNFWRQNWYGV8.SEARCH&amp;ppt=None&amp;ppn=None&amp;ssid=km2e65hgkg0000001790496364815&amp;qH=0330ad6eea85baab&amp;ov_redirect=true&amp;ov_redirect=true">ZEBSTER V Series 46.99 cm (19 inch) HD LED Backlit TN P...</a><div class="U_GKRr">Response Time: 8 ms, 60 Hz Refresh Rate</div><a class="fb4uj3" target="_blank" rel="noopener noreferrer" href="/zebster-v-series-46-99-cm-19-inch-hd-led-backlit-tn-panel-monitor-zeb-v19hd-led/p/itm114688c1a2eff?pid=MONHQNFWRQNWYGV8&amp;lid=LSTMONHQNFWRQNWYGV8R2SSOI&amp;marketplace=FLIPKART&amp;q=LSTERGHP8HG8CJUABTGYQVQRS&amp;store=search.flipkart.com&amp;srno=s_1_24&amp;otracker=search&amp;fm=organic&amp;iid=fa1f4cda-67d0-4e3d-87da-8a18daff88ff.MONHQNFWRQNWYGV8.SEARCH&amp;ppt=None&amp;ppn=None&amp;ssid=km2e65hgkg0000001790496364815&amp;qH=0330ad6eea85baab&amp;ov_redirect=true&amp;ov_redirect=true"><div class="QiMO5r"><div class="hZ3P6w">₹2,783</div><div class="kRYCnD">₹<!-- -->6,499</div><div class="HQe8jr"><span>57% off</span></div></div></a><div class="MaiFhH"><div class="hx1EGN"><div class="HZ0E6r Rm9_cy" style="color:#C70055;font-size:12px;font-weight:700">Only few left</div></div></div></div></div></div></div><div class="lvJbLV col-12-12"><div class="nZIRY7"><div data-id="MONHFZMF9PFM6PUS" style="width:25%"><div class="RGLWAk"><a class="GnxRXv" target="_blank" rel="noopener noreferrer" href="/lg-ultragear-60-96-cm-24-inch-full-hd-ips-panel-hdr10-nvidia-g-sync-comaptible-tilt-able-stand-3-side-virtually-borderless-design-gaming-monitor-24gs60f-bb-atremvn/p/itm2304df4ef9be5?pid=MONHFZMF9PFM6PUS&amp;lid=LSTMONHFZMF9PFM6PUSNQL8LW&amp;marketplace=FLIPKART&amp;q=LSTERGHP8HG8CJUABTGYQVQRS&amp;store=search.flipkart.com&amp;srno=s_1_25&amp;otracker=search&amp;fm=organic&amp;iid=fa1f4cda-67d0-4e3d-87da-8a18daff88ff.MONHFZMF9PFM6PUS.SEARCH&amp;ppt=None&amp;ppn=None&amp;ssid=km2e65hgkg0000001790496364815&amp;qH=0330ad6eea85baab&amp;ov_redirect=true&amp;ov_redirect=true"><div><div><div class="lWX0_T" style="height:280px;width:200px"><img loading="eager" class="UCc1lI" alt="LG UltraGear 60.96 cm (24 inch) Full HD IPS Panel with HDR10, NVIDIA G-SYNC Comaptible, Tilt-able Stand, 3-side virtually borderless design Gaming Monitor (24GS60F-BB.ATREMVN)" src="https://rukminim2.flixcart.com/image/612/612/xif0q/monitor/v/k/b/-enriched-transparent-original-imahm33yqtuv4vmt.png?q=70"/></div></div></div><div class="SJekt1 bEnCjh"><div class="JiknFv"><svg xmlns="http://www.w3.org/2000/svg" class="rE8OAo" width="16" height="16" viewBox="0 0 20 16"><path d="M8.695 16.682C4.06 12.382 1 9.536 1 6.065 1 3.219 3.178 1 5.95 1c1.566 0 3.069.746 4.05 1.915C10.981 1.745 12.484 1 14.05 1 16.822 1 19 3.22 19 6.065c0 3.471-3.06 6.316-7.695 10.617L10 17.897l-1.305-1.215z" fill="#2874F0" class="JX9D2X" stroke="#FFF" fill-rule="evenodd" opacity=".9"></path></svg></div></div></a><a class="pIpigb" title="LG UltraGear 60.96 cm (24 inch) Full HD IPS Panel with HDR10, NVIDIA G-SYNC Comaptible, Tilt-able Stand, 3-side virtually borderless design Gaming Monitor (24GS60F-BB.ATREMVN)" target="_blank" rel="noopener noreferrer" href="/lg-ultragear-60-96-cm-24-inch-full-hd-ips-panel-hdr10-nvidia-g-sync-comaptible-tilt-able-stand-3-side-virtually-borderless-design-gaming-monitor-24gs60f-bb-atremvn/p/itm2304df4ef9be5?pid=MONHFZMF9PFM6PUS&amp;lid=LSTMONHFZMF9PFM6PUSNQL8LW&amp;marketplace=FLIPKART&amp;q=LSTERGHP8HG8CJUABTGYQVQRS&amp;store=search.flipkart.com&amp;srno=s_1_25&amp;otracker=search&amp;fm=organic&amp;iid=fa1f4cda-67d0-4e3d-87da-8a18daff88ff.MONHFZMF9PFM6PUS.SEARCH&amp;ppt=None&amp;ppn=None&amp;ssid=km2e65hgkg0000001790496364815&amp;qH=0330ad6eea85baab&amp;ov_redirect=true&amp;ov_redirect=true">LG UltraGear 60.96 cm (24 inch) Full HD IPS Panel with ...</a><div class="U_GKRr">NVIDIA G Sync, Response Time: 1 ms, 180 Hz Refresh Rate</div><div class="a7saXW WDsrYC"><span id="productRating_LSTMONHFZMF9PFM6PUSNQL8LW_MONHFZMF9PFM6PUS_" class="CjyrHS"><div class="MKiFS6">4.3<img src="data:image/svg+xml;base64,PHN2ZyB4bWxucz0iaHR0cDovL3d3dy53My5vcmcvMjAwMC9zdmciIHdpZHRoPSIxMyIgaGVpZ2h0PSIxMiI+PHBhdGggZmlsbD0iI0ZGRiIgZD0iTTYuNSA5LjQzOWwtMy42NzQgMi4yMy45NC00LjI2LTMuMjEtMi44ODMgNC4yNTQtLjQwNEw2LjUuMTEybDEuNjkgNC4wMSA0LjI1NC40MDQtMy4yMSAyLjg4Mi45NCA0LjI2eiIvPjwvc3ZnPg==" class="PZfbSE"/></div></span><span class="PvbNMB">(1,210)</span></div><div class="FIdGa1"><img height="21" src="//static-assets-web.flixcart.com/fk-p-linchpin-web/fk-cp-zion/img/fa_9e47c1.png"/></div><a class="fb4uj3" target="_blank" rel="noopener noreferrer" href="/lg-ultragear-60-96-cm-24-inch-full-hd-ips-panel-hdr10-nvidia-g-sync-comaptible-tilt-able-stand-3-side-virtually-borderless-design-gaming-monitor-24gs60f-bb-atremvn/p/itm2304df4ef9be5?pid=MONHFZMF9PFM6PUS&amp;lid=LSTMONHFZMF9PFM6PUSNQL8LW&amp;marketplace=FLIPKART&amp;q=LSTERGHP8HG8CJUABTGYQVQRS&amp;store=search.flipkart.com&amp;srno=s_1_25&amp;otracker=search&amp;fm=organic&amp;iid=fa1f4cda-67d0-4e3d-87da-8a18daff88ff.MONHFZMF9PFM6PUS.SEARCH&amp;ppt=None&amp;ppn=None&amp;ssid=km2e65hgkg0000001790496364815&amp;qH=0330ad6eea85baab&amp;ov_redirect=true&amp;ov_redirect=true"><div class="QiMO5r"><div class="hZ3P6w">₹9,999</div><div class="kRYCnD">₹<!-- -->20,000</div><div class="HQe8jr"><span>50% off</span></div></div></a><div class="MaiFhH"><div class="hx1EGN"><div class="HZ0E6r Rm9_cy" style="color:#C70055;font-size:12px;font-weight:700">Only 4 left</div></div></div></div></div><div data-id="MONHF3W79PAZGMFC" style="width:25%"><div class="RGLWAk"><a class="GnxRXv" target="_blank" rel="noopener noreferrer" href="/benq-gw2490t-60-96-cm-24-inch-full-hd-led-backlit-ips-panel-99-srgb-height-adjustable-eye-careu-dual-hdmi-display-port-bezel-less-eyesafe-vesa-mediasync-brightness-intelligence-low-blue-light-speakers-wall-mountable-monitor-gw2490t/p/itme87365c8d5519?pid=MONHF3W79PAZGMFC&amp;lid=LSTMONHF3W79PAZGMFCMPWWMA&amp;marketplace=FLIPKART&amp;q=LSTERGHP8HG8CJUABTGYQVQRS&amp;store=search.flipkart.com&amp;srno=s_1_26&amp;otracker=search&amp;fm=organic&amp;iid=fa1f4cda-67d0-4e3d-87da-8a18daff88ff.MONHF3W79PAZGMFC.SEARCH&amp;ppt=None&amp;ppn=None&amp;ssid=km2e65hgkg0000001790496364815&amp;qH=0330ad6eea85baab&amp;ov_redirect=true&amp;ov_redirect=true"><div><div><div class="lWX0_T" style="height:280px;width:200px"><img loading="eager" class="UCc1lI" alt="BenQ GW2490T 60.96 cm (24 inch) Full HD LED Backlit IPS Panel with 99% sRGB, Height Adjustable, Eye-careU, Dual HDMI, Display Port, Bezel-Less, Eyesafe, VESA MediaSync, Brightness Intelligence, Low Blue Light, Speakers, Wall mountable Monitor (GW2490T)" src="https://rukminim2.flixcart.com/image/612/612/xif0q/monitor/s/c/o/gw2490t-full-hd-24-2024-gw2490t-benq-enriched-transparent-original-imahfcc9fh5g3hua.png?q=70"/></div></div></div><div class="SJekt1 bEnCjh"><div class="JiknFv"><svg xmlns="http://www.w3.org/2000/svg" class="rE8OAo" width="16" height="16" viewBox="0 0 20 16"><path d="M8.695 16.682C4.06 12.382 1 9.536 1 6.065 1 3.219 3.178 1 5.95 1c1.566 0 3.069.746 4.05 1.915C10.981 1.745 12.484 1 14.05 1 16.822 1 19 3.22 19 6.065c0 3.471-3.06 6.316-7.695 10.617L10 17.897l-1.305-1.215z" fill="#2874F0" class="JX9D2X" stroke="#FFF" fill-rule="evenodd" opacity=".9"></path></svg></div></div></a><a class="pIpigb" title="BenQ GW2490T 60.96 cm (24 inch) Full HD LED Backlit IPS Panel with 99% sRGB, Height Adjustable, Eye-careU, Dual HDMI, Display Port, Bezel-Less, Eyesafe, VESA MediaSync, Brightness Intelligence, Low Blue Light, Speakers, Wall mountable Monitor (GW2490T)" target="_blank" rel="noopener noreferrer" href="/benq-gw2490t-60-96-cm-24-inch-full-hd-led-backlit-ips-panel-99-srgb-height-adjustable-eye-careu-dual-hdmi-display-port-bezel-less-eyesafe-vesa-mediasync-brightness-intelligence-low-blue-light-speakers-wall-mountable-monitor-gw2490t/p/itme87365c8d5519?pid=MONHF3W79PAZGMFC&amp;lid=LSTMONHF3W79PAZGMFCMPWWMA&amp;marketplace=FLIPKART&amp;q=LSTERGHP8HG8CJUABTGYQVQRS&amp;store=search.flipkart.com&amp;srno=s_1_26&amp;otracker=search&amp;fm=organic&amp;iid=fa1f4cda-67d0-4e3d-87da-8a18daff88ff.MONHF3W79PAZGMFC.SEARCH&amp;ppt=None&amp;ppn=None&amp;ssid=km2e65hgkg0000001790496364815&amp;qH=0330ad6eea85baab&amp;ov_redirect=true&amp;ov_redirect=true">BenQ GW2490T 60.96 cm (24 inch) Full HD LED Backlit IPS...</a><div class="U_GKRr">Adaptive Sync, Response Time: 5 ms, 100 Hz Refresh Rate</div><div class="a7saXW WDsrYC"><span id="productRating_LSTMONHF3W79PAZGMFCMPWWMA_MONHF3W79PAZGMFC_" class="CjyrHS"><div class="MKiFS6">4.5<img src="data:image/svg+xml;base64,PHN2ZyB4bWxucz0iaHR0cDovL3d3dy53My5vcmcvMjAwMC9zdmciIHdpZHRoPSIxMyIgaGVpZ2h0PSIxMiI+PHBhdGggZmlsbD0iI0ZGRiIgZD0iTTYuNSA5LjQzOWwtMy42NzQgMi4yMy45NC00LjI2LTMuMjEtMi44ODMgNC4yNTQtLjQwNEw2LjUuMTEybDEuNjkgNC4wMSA0LjI1NC40MDQtMy4yMSAyLjg4Mi45NCA0LjI2eiIvPjwvc3ZnPg==" class="PZfbSE"/></div></span><span class="PvbNMB">(930)</span></div><div class="FIdGa1"><img height="21" src="//static-assets-web.flixcart.com/fk-p-linchpin-web/fk-cp-zion/img/fa_9e47c1.png"/></div><a class="fb4uj3" target="_blank" rel="noopener noreferrer" href="/benq-gw2490t-60-96-cm-24-inch-full-hd-led-backlit-ips-panel-99-srgb-height-adjustable-eye-careu-dual-hdmi-display-port-bezel-less-eyesafe-vesa-mediasync-brightness-intelligence-low-blue-light-speakers-wall-mountable-monitor-gw2490t/p/itme87365c8d5519?pid=MONHF3W79PAZGMFC&amp;lid=LSTMONHF3W79PAZGMFCMPWWMA&amp;marketplace=FLIPKART&amp;q=LSTERGHP8HG8CJUABTGYQVQRS&amp;store=search.flipkart.com&amp;srno=s_1_26&amp;otracker=search&amp;fm=organic&amp;iid=fa1f4cda-67d0-4e3d-87da-8a18daff88ff.MONHF3W79PAZGMFC.SEARCH&amp;ppt=None&amp;ppn=None&amp;ssid=km2e65hgkg0000001790496364815&amp;qH=0330ad6eea85baab&amp;ov_redirect=true&amp;ov_redirect=true"><div class="QiMO5r"><div class="hZ3P6w">₹11,449</div><div class="kRYCnD">₹<!-- -->14,500</div><div class="HQe8jr"><span>21% off</span></div></div></a></div></div><div data-id="MONHQ5UXTGZAUPVG" style="width:25%"><div class="RGLWAk"><a class="GnxRXv" target="_blank" rel="noopener noreferrer" href="/samsung-g3-gaming-monitor-60-4-cm-24-inches-full-hd-led-backlit-ips-panel-ls24hg310ewxxl/p/itm3f75c6585800f?pid=MONHQ5UXTGZAUPVG&amp;lid=LSTMONHQ5UXTGZAUPVGZSNQIX&amp;marketplace=FLIPKART&amp;q=LSTERGHP8HG8CJUABTGYQVQRS&amp;store=search.flipkart.com&amp;srno=s_1_27&amp;otracker=search&amp;fm=organic&amp;iid=en_KgyAxcSoevqk9sXdceqlLIF0U1J69O9MAVeaNis5ZAaloMHRWyGrNXt7zNBdhZRdbjubwDeuvgiCkrxbVgXKwbSD1DmEP8p2i5qMhV6nBPiK2W4pUP6RCRSgqDZM4OsB&amp;ppt=None&amp;ppn=None&amp;ssid=km2e65hgkg0000001790496364815&amp;qH=0330ad6eea85baab&amp;ov_redirect=true&amp;ov_redirect=true"><div><div><div class="lWX0_T" style="height:280px;width:200px"><img loading="eager" class="UCc1lI" alt="Samsung G3 Gaming Monitor 60.4 cm (24 inches) Full HD LED Backlit IPS Panel Gaming Monitor (LS24HG310EWXXL)" src="https://rukminim2.flixcart.com/image/612/612/xif0q/monitor/m/l/k/-original-imahrhtfg5ergxyz.jpeg?q=70"/></div></div></div><div class="SJekt1 bEnCjh"><div class="JiknFv"><svg xmlns="http://www.w3.org/2000/svg" class="rE8OAo" width="16" height="16" viewBox="0 0 20 16"><path d="M8.695 16.682C4.06 12.382 1 9.536 1 6.065 1 3.219 3.178 1 5.95 1c1.566 0 3.069.746 4.05 1.915C10.981 1.745 12.484 1 14.05 1 16.822 1 19 3.22 19 6.065c0 3.471-3.06 6.316-7.695 10.617L10 17.897l-1.305-1.215z" fill="#2874F0" class="JX9D2X" stroke="#FFF" fill-rule="evenodd" opacity=".9"></path></svg></div></div></a><div class="IxWX8O"><svg width="62" height="18" xmlns="http://www.w3.org/2000/svg" class=""><rect width="62" height="18" fill="white"></rect><path d="M5.82955 6.45455C5.77841 6.02273 5.57102 5.6875 5.20739 5.44886C4.84375 5.21023 4.39773 5.09091 3.86932 5.09091C3.48295 5.09091 3.14489 5.15341 2.85511 5.27841C2.56818 5.40341 2.34375 5.57528 2.18182 5.79403C2.02273 6.01278 1.94318 6.26136 1.94318 6.53977C1.94318 6.77273 1.99858 6.97301 2.10938 7.14062C2.22301 7.3054 2.3679 7.44318 2.54403 7.55398C2.72017 7.66193 2.90483 7.75142 3.09801 7.82244C3.29119 7.89062 3.46875 7.94602 3.63068 7.98864L4.51705 8.22727C4.74432 8.28693 4.99716 8.36932 5.27557 8.47443C5.55682 8.57955 5.82528 8.72301 6.08097 8.90483C6.33949 9.08381 6.55256 9.31392 6.72017 9.59517C6.88778 9.87642 6.97159 10.2216 6.97159 10.6307C6.97159 11.1023 6.84801 11.5284 6.60085 11.9091C6.35653 12.2898 5.99858 12.5923 5.52699 12.8168C5.05824 13.0412 4.48864 13.1534 3.81818 13.1534C3.19318 13.1534 2.65199 13.0526 2.1946 12.8509C1.74006 12.6491 1.3821 12.3679 1.12074 12.0071C0.862216 11.6463 0.715909 11.2273 0.681818 10.75H1.77273C1.80114 11.0795 1.91193 11.3523 2.10511 11.5682C2.30114 11.7812 2.5483 11.9403 2.84659 12.0455C3.14773 12.1477 3.47159 12.1989 3.81818 12.1989C4.22159 12.1989 4.58381 12.1335 4.90483 12.0028C5.22585 11.8693 5.48011 11.6847 5.66761 11.4489C5.85511 11.2102 5.94886 10.9318 5.94886 10.6136C5.94886 10.3239 5.8679 10.0881 5.70597 9.90625C5.54403 9.72443 5.33097 9.5767 5.06676 9.46307C4.80256 9.34943 4.51705 9.25 4.21023 9.16477L3.13636 8.85795C2.45455 8.66193 1.91477 8.3821 1.51705 8.01847C1.11932 7.65483 0.920455 7.17898 0.920455 6.59091C0.920455 6.10227 1.05256 5.67614 1.31676 5.3125C1.58381 4.94602 1.94176 4.66193 2.39062 4.46023C2.84233 4.25568 3.34659 4.15341 3.90341 4.15341C4.46591 4.15341 4.96591 4.25426 5.40341 4.45597C5.84091 4.65483 6.1875 4.92756 6.44318 5.27415C6.7017 5.62074 6.83807 6.0142 6.85227 6.45455H5.82955ZM8.5728 15.4545V6.45455H9.54439V7.49432H9.66371C9.73757 7.38068 9.83984 7.2358 9.97053 7.05966C10.104 6.88068 10.2944 6.72159 10.5415 6.58239C10.7915 6.44034 11.1296 6.36932 11.5558 6.36932C12.1069 6.36932 12.5927 6.5071 13.0131 6.78267C13.4336 7.05824 13.7617 7.44886 13.9975 7.95455C14.2333 8.46023 14.3512 9.05682 14.3512 9.74432C14.3512 10.4375 14.2333 11.0384 13.9975 11.5469C13.7617 12.0526 13.435 12.4446 13.0174 12.723C12.5998 12.9986 12.1183 13.1364 11.5728 13.1364C11.1523 13.1364 10.8157 13.0668 10.5629 12.9276C10.31 12.7855 10.1154 12.625 9.97905 12.446C9.84268 12.2642 9.73757 12.1136 9.66371 11.9943H9.57848V15.4545H8.5728ZM9.56143 9.72727C9.56143 10.2216 9.63388 10.6577 9.77876 11.0355C9.92365 11.4105 10.1353 11.7045 10.4137 11.9176C10.6921 12.1278 11.033 12.233 11.4364 12.233C11.8569 12.233 12.2077 12.1222 12.489 11.9006C12.7731 11.6761 12.9862 11.375 13.1282 10.9972C13.2731 10.6165 13.3455 10.1932 13.3455 9.72727C13.3455 9.26705 13.2745 8.85227 13.1325 8.48295C12.9933 8.1108 12.7816 7.81676 12.4975 7.60085C12.2163 7.3821 11.8626 7.27273 11.4364 7.27273C11.0273 7.27273 10.6836 7.37642 10.4052 7.58381C10.1268 7.78835 9.91655 8.07528 9.7745 8.4446C9.63246 8.81108 9.56143 9.23864 9.56143 9.72727ZM18.5444 13.1364C17.9535 13.1364 17.435 12.9957 16.989 12.7145C16.5458 12.4332 16.1992 12.0398 15.9492 11.5341C15.7021 11.0284 15.5785 10.4375 15.5785 9.76136C15.5785 9.07955 15.7021 8.48437 15.9492 7.97585C16.1992 7.46733 16.5458 7.07244 16.989 6.79119C17.435 6.50994 17.9535 6.36932 18.5444 6.36932C19.1353 6.36932 19.6523 6.50994 20.0955 6.79119C20.5415 7.07244 20.8881 7.46733 21.1353 7.97585C21.3853 8.48437 21.5103 9.07955 21.5103 9.76136C21.5103 10.4375 21.3853 11.0284 21.1353 11.5341C20.8881 12.0398 20.5415 12.4332 20.0955 12.7145C19.6523 12.9957 19.1353 13.1364 18.5444 13.1364ZM18.5444 12.233C18.9933 12.233 19.3626 12.1179 19.6523 11.8878C19.9421 11.6577 20.1566 11.3551 20.2958 10.9801C20.435 10.6051 20.5046 10.1989 20.5046 9.76136C20.5046 9.32386 20.435 8.91619 20.2958 8.53835C20.1566 8.16051 19.9421 7.85511 19.6523 7.62216C19.3626 7.3892 18.9933 7.27273 18.5444 7.27273C18.0955 7.27273 17.7262 7.3892 17.4364 7.62216C17.1467 7.85511 16.9322 8.16051 16.793 8.53835C16.6538 8.91619 16.5842 9.32386 16.5842 9.76136C16.5842 10.1989 16.6538 10.6051 16.793 10.9801C16.9322 11.3551 17.1467 11.6577 17.4364 11.8878C17.7262 12.1179 18.0955 12.233 18.5444 12.233ZM24.0511 9.0625V13H23.0455V6.45455H24.017V7.47727H24.1023C24.2557 7.14489 24.4886 6.87784 24.8011 6.67614C25.1136 6.47159 25.517 6.36932 26.0114 6.36932C26.4545 6.36932 26.8423 6.46023 27.1747 6.64205C27.5071 6.82102 27.7656 7.09375 27.9503 7.46023C28.1349 7.82386 28.2273 8.28409 28.2273 8.84091V13H27.2216V8.90909C27.2216 8.39489 27.0881 7.99432 26.821 7.70739C26.554 7.41761 26.1875 7.27273 25.7216 7.27273C25.4006 7.27273 25.1136 7.34233 24.8608 7.48153C24.6108 7.62074 24.4134 7.82386 24.2685 8.09091C24.1236 8.35795 24.0511 8.68182 24.0511 9.0625ZM34.7013 7.92045L33.7979 8.17614C33.7411 8.02557 33.6573 7.87926 33.5465 7.73722C33.4386 7.59233 33.2908 7.47301 33.1033 7.37926C32.9158 7.28551 32.6758 7.23864 32.3832 7.23864C31.9826 7.23864 31.6488 7.33097 31.3817 7.51562C31.1175 7.69744 30.9854 7.92898 30.9854 8.21023C30.9854 8.46023 31.0763 8.65767 31.2582 8.80256C31.44 8.94744 31.7241 9.06818 32.1104 9.16477L33.082 9.40341C33.6673 9.54545 34.1033 9.76278 34.3903 10.0554C34.6772 10.3452 34.8207 10.7187 34.8207 11.1761C34.8207 11.5511 34.7127 11.8864 34.4968 12.1818C34.2837 12.4773 33.9854 12.7102 33.6019 12.8807C33.2184 13.0511 32.7724 13.1364 32.2638 13.1364C31.5962 13.1364 31.0437 12.9915 30.6062 12.7017C30.1687 12.4119 29.8917 11.9886 29.7752 11.4318L30.7298 11.1932C30.8207 11.5455 30.9925 11.8097 31.2454 11.9858C31.5011 12.1619 31.8349 12.25 32.2468 12.25C32.7156 12.25 33.0877 12.1506 33.3633 11.9517C33.6417 11.75 33.7809 11.5085 33.7809 11.2273C33.7809 11 33.7013 10.8097 33.5423 10.6562C33.3832 10.5 33.1388 10.3835 32.8093 10.3068L31.7184 10.0511C31.119 9.90909 30.6786 9.68892 30.3974 9.39062C30.119 9.08949 29.9798 8.71307 29.9798 8.26136C29.9798 7.89205 30.0835 7.56534 30.2908 7.28125C30.5011 6.99716 30.7866 6.77415 31.1474 6.61222C31.511 6.45028 31.9229 6.36932 32.3832 6.36932C33.0309 6.36932 33.5394 6.51136 33.9087 6.79545C34.2809 7.07955 34.5451 7.45455 34.7013 7.92045ZM38.9936 13.1364C38.4027 13.1364 37.8842 12.9957 37.4382 12.7145C36.995 12.4332 36.6484 12.0398 36.3984 11.5341C36.1513 11.0284 36.0277 10.4375 36.0277 9.76136C36.0277 9.07955 36.1513 8.48437 36.3984 7.97585C36.6484 7.46733 36.995 7.07244 37.4382 6.79119C37.8842 6.50994 38.4027 6.36932 38.9936 6.36932C39.5845 6.36932 40.1016 6.50994 40.5447 6.79119C40.9908 7.07244 41.3374 7.46733 41.5845 7.97585C41.8345 8.48437 41.9595 9.07955 41.9595 9.76136C41.9595 10.4375 41.8345 11.0284 41.5845 11.5341C41.3374 12.0398 40.9908 12.4332 40.5447 12.7145C40.1016 12.9957 39.5845 13.1364 38.9936 13.1364ZM38.9936 12.233C39.4425 12.233 39.8118 12.1179 40.1016 11.8878C40.3913 11.6577 40.6058 11.3551 40.745 10.9801C40.8842 10.6051 40.9538 10.1989 40.9538 9.76136C40.9538 9.32386 40.8842 8.91619 40.745 8.53835C40.6058 8.16051 40.3913 7.85511 40.1016 7.62216C39.8118 7.3892 39.4425 7.27273 38.9936 7.27273C38.5447 7.27273 38.1754 7.3892 37.8857 7.62216C37.5959 7.85511 37.3814 8.16051 37.2422 8.53835C37.103 8.91619 37.0334 9.32386 37.0334 9.76136C37.0334 10.1989 37.103 10.6051 37.2422 10.9801C37.3814 11.3551 37.5959 11.6577 37.8857 11.8878C38.1754 12.1179 38.5447 12.233 38.9936 12.233ZM43.4947 13V6.45455H44.4663V7.44318H44.5344C44.6538 7.11932 44.8697 6.85653 45.1822 6.65483C45.4947 6.45312 45.8469 6.35227 46.239 6.35227C46.3129 6.35227 46.4052 6.35369 46.516 6.35653C46.6268 6.35937 46.7106 6.36364 46.7674 6.36932V7.39205C46.7333 7.38352 46.6552 7.37074 46.533 7.35369C46.4137 7.33381 46.2873 7.32386 46.1538 7.32386C45.8356 7.32386 45.5515 7.39062 45.3015 7.52415C45.0543 7.65483 44.8583 7.83665 44.7134 8.0696C44.5714 8.29972 44.5004 8.5625 44.5004 8.85795V13H43.4947ZM50.5046 13.1364C49.8739 13.1364 49.3299 12.9972 48.8725 12.7188C48.418 12.4375 48.0671 12.0455 47.82 11.5426C47.5756 11.0369 47.4535 10.4489 47.4535 9.77841C47.4535 9.10795 47.5756 8.51705 47.82 8.00568C48.0671 7.49148 48.4109 7.09091 48.8512 6.80398C49.2944 6.5142 49.8114 6.36932 50.4023 6.36932C50.7433 6.36932 51.0799 6.42614 51.4123 6.53977C51.7447 6.65341 52.0472 6.83807 52.32 7.09375C52.5927 7.34659 52.81 7.68182 52.9719 8.09943C53.1339 8.51705 53.2148 9.03125 53.2148 9.64205V10.0682H48.1694V9.19886H52.1921C52.1921 8.82955 52.1183 8.5 51.9705 8.21023C51.8256 7.92045 51.6183 7.69176 51.3484 7.52415C51.0813 7.35653 50.766 7.27273 50.4023 7.27273C50.0018 7.27273 49.6552 7.37216 49.3626 7.57102C49.0728 7.76705 48.8498 8.02273 48.6935 8.33807C48.5373 8.65341 48.4592 8.99148 48.4592 9.35227V9.93182C48.4592 10.4261 48.5444 10.8452 48.7148 11.1889C48.8881 11.5298 49.1282 11.7898 49.435 11.9688C49.7418 12.1449 50.0984 12.233 50.5046 12.233C50.7688 12.233 51.0075 12.196 51.2205 12.1222C51.4364 12.0455 51.6225 11.9318 51.7788 11.7812C51.935 11.6278 52.0558 11.4375 52.141 11.2102L53.1126 11.483C53.0103 11.8125 52.8384 12.1023 52.5969 12.3523C52.3555 12.5994 52.0572 12.7926 51.7021 12.9318C51.3469 13.0682 50.9478 13.1364 50.5046 13.1364ZM57.2163 13.1364C56.6708 13.1364 56.1893 12.9986 55.7717 12.723C55.354 12.4446 55.0273 12.0526 54.7915 11.5469C54.5558 11.0384 54.4379 10.4375 54.4379 9.74432C54.4379 9.05682 54.5558 8.46023 54.7915 7.95455C55.0273 7.44886 55.3555 7.05824 55.7759 6.78267C56.1964 6.5071 56.6822 6.36932 57.2333 6.36932C57.6594 6.36932 57.9961 6.44034 58.2433 6.58239C58.4933 6.72159 58.6836 6.88068 58.8143 7.05966C58.9478 7.2358 59.0515 7.38068 59.1254 7.49432H59.2106V4.27273H60.2163V13H59.2447V11.9943H59.1254C59.0515 12.1136 58.9464 12.2642 58.81 12.446C58.6737 12.625 58.479 12.7855 58.2262 12.9276C57.9734 13.0668 57.6367 13.1364 57.2163 13.1364ZM57.3526 12.233C57.756 12.233 58.0969 12.1278 58.3754 11.9176C58.6538 11.7045 58.8654 11.4105 59.0103 11.0355C59.1552 10.6577 59.2276 10.2216 59.2276 9.72727C59.2276 9.23864 59.1566 8.81108 59.0146 8.4446C58.8725 8.07528 58.6623 7.78835 58.3839 7.58381C58.1055 7.37642 57.7617 7.27273 57.3526 7.27273C56.9265 7.27273 56.5714 7.3821 56.2873 7.60085C56.006 7.81676 55.7944 8.1108 55.6523 8.48295C55.5131 8.85227 55.4435 9.26705 55.4435 9.72727C55.4435 10.1932 55.5146 10.6165 55.6566 10.9972C55.8015 11.375 56.0146 11.6761 56.2958 11.9006C56.5799 12.1222 56.9322 12.233 57.3526 12.233Z" fill="#9E9E9E"></path></svg></div><a class="pIpigb" title="Samsung G3 Gaming Monitor 60.4 cm (24 inches) Full HD LED Backlit IPS Panel Gaming Monitor (LS24HG310EWXXL)" target="_blank" rel="noopener noreferrer" href="/samsung-g3-gaming-monitor-60-4-cm-24-inches-full-hd-led-backlit-ips-panel-ls24hg310ewxxl/p/itm3f75c6585800f?pid=MONHQ5UXTGZAUPVG&amp;lid=LSTMONHQ5UXTGZAUPVGZSNQIX&amp;marketplace=FLIPKART&amp;q=LSTERGHP8HG8CJUABTGYQVQRS&amp;store=search.flipkart.com&amp;srno=s_1_27&amp;otracker=search&amp;fm=organic&amp;iid=en_KgyAxcSoevqk9sXdceqlLIF0U1J69O9MAVeaNis5ZAaloMHRWyGrNXt7zNBdhZRdbjubwDeuvgiCkrxbVgXKwbSD1DmEP8p2i5qMhV6nBPiK2W4pUP6RCRSgqDZM4OsB&amp;ppt=None&amp;ppn=None&amp;ssid=km2e65hgkg0000001790496364815&amp;qH=0330ad6eea85baab&amp;ov_redirect=true&amp;ov_redirect=true">Samsung G3 Gaming Monitor 60.4 cm (24 inches) Full HD L...</a><div class="U_GKRr">Response Time: 1 ms, 144 Hz Refresh Rate</div><a class="fb4uj3" target="_blank" rel="noopener noreferrer" href="/samsung-g3-gaming-monitor-60-4-cm-24-inches-full-hd-led-backlit-ips-panel-ls24hg310ewxxl/p/itm3f75c6585800f?pid=MONHQ5UXTGZAUPVG&amp;lid=LSTMONHQ5UXTGZAUPVGZSNQIX&amp;marketplace=FLIPKART&amp;q=LSTERGHP8HG8CJUABTGYQVQRS&amp;store=search.flipkart.com&amp;srno=s_1_27&amp;otracker=search&amp;fm=organic&amp;iid=en_KgyAxcSoevqk9sXdceqlLIF0U1J69O9MAVeaNis5ZAaloMHRWyGrNXt7zNBdhZRdbjubwDeuvgiCkrxbVgXKwbSD1DmEP8p2i5qMhV6nBPiK2W4pUP6RCRSgqDZM4OsB&amp;ppt=None&amp;ppn=None&amp;ssid=km2e65hgkg0000001790496364815&amp;qH=0330ad6eea85baab&amp;ov_redirect=true&amp;ov_redirect=true"><div class="QiMO5r"><div class="hZ3P6w">₹8,699</div><div class="kRYCnD">₹<!-- -->15,900</div><div class="HQe8jr"><span>45% off</span></div></div></a></div></div><div data-id="MONHQ5UXVGKRBUD4" style="width:25%"><div class="RGLWAk"><a class="GnxRXv" target="_blank" rel="noopener noreferrer" href="/samsung-viewfinity-s7-monitor-68-4-cm-27-inches-uhd-led-backlit-ips-panel-gaming-ls27h710eawxxl/p/itme21503aff7cd0?pid=MONHQ5UXVGKRBUD4&amp;lid=LSTMONHQ5UXVGKRBUD4J4ATTF&amp;marketplace=FLIPKART&amp;q=LSTERGHP8HG8CJUABTGYQVQRS&amp;store=search.flipkart.com&amp;srno=s_1_28&amp;otracker=search&amp;fm=organic&amp;iid=en_KgyAxcSoevqk9sXdceqlLIF0U1J69O9MAVeaNis5ZAbAGdXkVi-v1gFuH8jfgCAX1KwoGXyzmgnAj-If2lIDec5fKVoxVWcEEfT_XwyKtuKK2W4pUP6RCRSgqDZM4OsB&amp;ppt=None&amp;ppn=None&amp;ssid=km2e65hgkg0000001790496364815&amp;qH=0330ad6eea85baab&amp;ov_redirect=true&amp;ov_redirect=true"><div><div><div class="lWX0_T" style="height:280px;width:200px"><img loading="eager" class="UCc1lI" alt="Samsung ViewFinity S7 Monitor 68.4 cm (27 inches) UHD LED Backlit IPS Panel Gaming Monitor (LS27H710EAWXXL)" src="https://rukminim2.flixcart.com/image/612/612/xif0q/monitor/9/n/t/-original-imahrhtfnk6egark.jpeg?q=70"/></div></div></div><div class="SJekt1 bEnCjh"><div class="JiknFv"><svg xmlns="http://www.w3.org/2000/svg" class="rE8OAo" width="16" height="16" viewBox="0 0 20 16"><path d="M8.695 16.682C4.06 12.382 1 9.536 1 6.065 1 3.219 3.178 1 5.95 1c1.566 0 3.069.746 4.05 1.915C10.981 1.745 12.484 1 14.05 1 16.822 1 19 3.22 19 6.065c0 3.471-3.06 6.316-7.695 10.617L10 17.897l-1.305-1.215z" fill="#2874F0" class="JX9D2X" stroke="#FFF" fill-rule="evenodd" opacity=".9"></path></svg></div></div></a><div class="IxWX8O"><svg width="62" height="18" xmlns="http://www.w3.org/2000/svg" class=""><rect width="62" height="18" fill="white"></rect><path d="M5.82955 6.45455C5.77841 6.02273 5.57102 5.6875 5.20739 5.44886C4.84375 5.21023 4.39773 5.09091 3.86932 5.09091C3.48295 5.09091 3.14489 5.15341 2.85511 5.27841C2.56818 5.40341 2.34375 5.57528 2.18182 5.79403C2.02273 6.01278 1.94318 6.26136 1.94318 6.53977C1.94318 6.77273 1.99858 6.97301 2.10938 7.14062C2.22301 7.3054 2.3679 7.44318 2.54403 7.55398C2.72017 7.66193 2.90483 7.75142 3.09801 7.82244C3.29119 7.89062 3.46875 7.94602 3.63068 7.98864L4.51705 8.22727C4.74432 8.28693 4.99716 8.36932 5.27557 8.47443C5.55682 8.57955 5.82528 8.72301 6.08097 8.90483C6.33949 9.08381 6.55256 9.31392 6.72017 9.59517C6.88778 9.87642 6.97159 10.2216 6.97159 10.6307C6.97159 11.1023 6.84801 11.5284 6.60085 11.9091C6.35653 12.2898 5.99858 12.5923 5.52699 12.8168C5.05824 13.0412 4.48864 13.1534 3.81818 13.1534C3.19318 13.1534 2.65199 13.0526 2.1946 12.8509C1.74006 12.6491 1.3821 12.3679 1.12074 12.0071C0.862216 11.6463 0.715909 11.2273 0.681818 10.75H1.77273C1.80114 11.0795 1.91193 11.3523 2.10511 11.5682C2.30114 11.7812 2.5483 11.9403 2.84659 12.0455C3.14773 12.1477 3.47159 12.1989 3.81818 12.1989C4.22159 12.1989 4.58381 12.1335 4.90483 12.0028C5.22585 11.8693 5.48011 11.6847 5.66761 11.4489C5.85511 11.2102 5.94886 10.9318 5.94886 10.6136C5.94886 10.3239 5.8679 10.0881 5.70597 9.90625C5.54403 9.72443 5.33097 9.5767 5.06676 9.46307C4.80256 9.34943 4.51705 9.25 4.21023 9.16477L3.13636 8.85795C2.45455 8.66193 1.91477 8.3821 1.51705 8.01847C1.11932 7.65483 0.920455 7.17898 0.920455 6.59091C0.920455 6.10227 1.05256 5.67614 1.31676 5.3125C1.58381 4.94602 1.94176 4.66193 2.39062 4.46023C2.84233 4.25568 3.34659 4.15341 3.90341 4.15341C4.46591 4.15341 4.96591 4.25426 5.40341 4.45597C5.84091 4.65483 6.1875 4.92756 6.44318 5.27415C6.7017 5.62074 6.83807 6.0142 6.85227 6.45455H5.82955ZM8.5728 15.4545V6.45455H9.54439V7.49432H9.66371C9.73757 7.38068 9.83984 7.2358 9.97053 7.05966C10.104 6.88068 10.2944 6.72159 10.5415 6.58239C10.7915 6.44034 11.1296 6.36932 11.5558 6.36932C12.1069 6.36932 12.5927 6.5071 13.0131 6.78267C13.4336 7.05824 13.7617 7.44886 13.9975 7.95455C14.2333 8.46023 14.3512 9.05682 14.3512 9.74432C14.3512 10.4375 14.2333 11.0384 13.9975 11.5469C13.7617 12.0526 13.435 12.4446 13.0174 12.723C12.5998 12.9986 12.1183 13.1364 11.5728 13.1364C11.1523 13.1364 10.8157 13.0668 10.5629 12.9276C10.31 12.7855 10.1154 12.625 9.97905 12.446C9.84268 12.2642 9.73757 12.1136 9.66371 11.9943H9.57848V15.4545H8.5728ZM9.56143 9.72727C9.56143 10.2216 9.63388 10.6577 9.77876 11.0355C9.92365 11.4105 10.1353 11.7045 10.4137 11.9176C10.6921 12.1278 11.033 12.233 11.4364 12.233C11.8569 12.233 12.2077 12.1222 12.489 11.9006C12.7731 11.6761 12.9862 11.375 13.1282 10.9972C13.2731 10.6165 13.3455 10.1932 13.3455 9.72727C13.3455 9.26705 13.2745 8.85227 13.1325 8.48295C12.9933 8.1108 12.7816 7.81676 12.4975 7.60085C12.2163 7.3821 11.8626 7.27273 11.4364 7.27273C11.0273 7.27273 10.6836 7.37642 10.4052 7.58381C10.1268 7.78835 9.91655 8.07528 9.7745 8.4446C9.63246 8.81108 9.56143 9.23864 9.56143 9.72727ZM18.5444 13.1364C17.9535 13.1364 17.435 12.9957 16.989 12.7145C16.5458 12.4332 16.1992 12.0398 15.9492 11.5341C15.7021 11.0284 15.5785 10.4375 15.5785 9.76136C15.5785 9.07955 15.7021 8.48437 15.9492 7.97585C16.1992 7.46733 16.5458 7.07244 16.989 6.79119C17.435 6.50994 17.9535 6.36932 18.5444 6.36932C19.1353 6.36932 19.6523 6.50994 20.0955 6.79119C20.5415 7.07244 20.8881 7.46733 21.1353 7.97585C21.3853 8.48437 21.5103 9.07955 21.5103 9.76136C21.5103 10.4375 21.3853 11.0284 21.1353 11.5341C20.8881 12.0398 20.5415 12.4332 20.0955 12.7145C19.6523 12.9957 19.1353 13.1364 18.5444 13.1364ZM18.5444 12.233C18.9933 12.233 19.3626 12.1179 19.6523 11.8878C19.9421 11.6577 20.1566 11.3551 20.2958 10.9801C20.435 10.6051 20.5046 10.1989 20.5046 9.76136C20.5046 9.32386 20.435 8.91619 20.2958 8.53835C20.1566 8.16051 19.9421 7.85511 19.6523 7.62216C19.3626 7.3892 18.9933 7.27273 18.5444 7.27273C18.0955 7.27273 17.7262 7.3892 17.4364 7.62216C17.1467 7.85511 16.9322 8.16051 16.793 8.53835C16.6538 8.91619 16.5842 9.32386 16.5842 9.76136C16.5842 10.1989 16.6538 10.6051 16.793 10.9801C16.9322 11.3551 17.1467 11.6577 17.4364 11.8878C17.7262 12.1179 18.0955 12.233 18.5444 12.233ZM24.0511 9.0625V13H23.0455V6.45455H24.017V7.47727H24.1023C24.2557 7.14489 24.4886 6.87784 24.8011 6.67614C25.1136 6.47159 25.517 6.36932 26.0114 6.36932C26.4545 6.36932 26.8423 6.46023 27.1747 6.64205C27.5071 6.82102 27.7656 7.09375 27.9503 7.46023C28.1349 7.82386 28.2273 8.28409 28.2273 8.84091V13H27.2216V8.90909C27.2216 8.39489 27.0881 7.99432 26.821 7.70739C26.554 7.41761 26.1875 7.27273 25.7216 7.27273C25.4006 7.27273 25.1136 7.34233 24.8608 7.48153C24.6108 7.62074 24.4134 7.82386 24.2685 8.09091C24.1236 8.35795 24.0511 8.68182 24.0511 9.0625ZM34.7013 7.92045L33.7979 8.17614C33.7411 8.02557 33.6573 7.87926 33.5465 7.73722C33.4386 7.59233 33.2908 7.47301 33.1033 7.37926C32.9158 7.28551 32.6758 7.23864 32.3832 7.23864C31.9826 7.23864 31.6488 7.33097 31.3817 7.51562C31.1175 7.69744 30.9854 7.92898 30.9854 8.21023C30.9854 8.46023 31.0763 8.65767 31.2582 8.80256C31.44 8.94744 31.7241 9.06818 32.1104 9.16477L33.082 9.40341C33.6673 9.54545 34.1033 9.76278 34.3903 10.0554C34.6772 10.3452 34.8207 10.7187 34.8207 11.1761C34.8207 11.5511 34.7127 11.8864 34.4968 12.1818C34.2837 12.4773 33.9854 12.7102 33.6019 12.8807C33.2184 13.0511 32.7724 13.1364 32.2638 13.1364C31.5962 13.1364 31.0437 12.9915 30.6062 12.7017C30.1687 12.4119 29.8917 11.9886 29.7752 11.4318L30.7298 11.1932C30.8207 11.5455 30.9925 11.8097 31.2454 11.9858C31.5011 12.1619 31.8349 12.25 32.2468 12.25C32.7156 12.25 33.0877 12.1506 33.3633 11.9517C33.6417 11.75 33.7809 11.5085 33.7809 11.2273C33.7809 11 33.7013 10.8097 33.5423 10.6562C33.3832 10.5 33.1388 10.3835 32.8093 10.3068L31.7184 10.0511C31.119 9.90909 30.6786 9.68892 30.3974 9.39062C30.119 9.08949 29.9798 8.71307 29.9798 8.26136C29.9798 7.89205 30.0835 7.56534 30.2908 7.28125C30.5011 6.99716 30.7866 6.77415 31.1474 6.61222C31.511 6.45028 31.9229 6.36932 32.3832 6.36932C33.0309 6.36932 33.5394 6.51136 33.9087 6.79545C34.2809 7.07955 34.5451 7.45455 34.7013 7.92045ZM38.9936 13.1364C38.4027 13.1364 37.8842 12.9957 37.4382 12.7145C36.995 12.4332 36.6484 12.0398 36.3984 11.5341C36.1513 11.0284 36.0277 10.4375 36.0277 9.76136C36.0277 9.07955 36.1513 8.48437 36.3984 7.97585C36.6484 7.46733 36.995 7.07244 37.4382 6.79119C37.8842 6.50994 38.4027 6.36932 38.9936 6.36932C39.5845 6.36932 40.1016 6.50994 40.5447 6.79119C40.9908 7.07244 41.3374 7.46733 41.5845 7.97585C41.8345 8.48437 41.9595 9.07955 41.9595 9.76136C41.9595 10.4375 41.8345 11.0284 41.5845 11.5341C41.3374 12.0398 40.9908 12.4332 40.5447 12.7145C40.1016 12.9957 39.5845 13.1364 38.9936 13.1364ZM38.9936 12.233C39.4425 12.233 39.8118 12.1179 40.1016 11.8878C40.3913 11.6577 40.6058 11.3551 40.745 10.9801C40.8842 10.6051 40.9538 10.1989 40.9538 9.76136C40.9538 9.32386 40.8842 8.91619 40.745 8.53835C40.6058 8.16051 40.3913 7.85511 40.1016 7.62216C39.8118 7.3892 39.4425 7.27273 38.9936 7.27273C38.5447 7.27273 38.1754 7.3892 37.8857 7.62216C37.5959 7.85511 37.3814 8.16051 37.2422 8.53835C37.103 8.91619 37.0334 9.32386 37.0334 9.76136C37.0334 10.1989 37.103 10.6051 37.2422 10.9801C37.3814 11.3551 37.5959 11.6577 37.8857 11.8878C38.1754 12.1179 38.5447 12.233 38.9936 12.233ZM43.4947 13V6.45455H44.4663V7.44318H44.5344C44.6538 7.11932 44.8697 6.85653 45.1822 6.65483C45.4947 6.45312 45.8469 6.35227 46.239 6.35227C46.3129 6.35227 46.4052 6.35369 46.516 6.35653C46.6268 6.35937 46.7106 6.36364 46.7674 6.36932V7.39205C46.7333 7.38352 46.6552 7.37074 46.533 7.35369C46.4137 7.33381 46.2873 7.32386 46.1538 7.32386C45.8356 7.32386 45.5515 7.39062 45.3015 7.52415C45.0543 7.65483 44.8583 7.83665 44.7134 8.0696C44.5714 8.29972 44.5004 8.5625 44.5004 8.85795V13H43.4947ZM50.5046 13.1364C49.8739 13.1364 49.3299 12.9972 48.8725 12.7188C48.418 12.4375 48.0671 12.0455 47.82 11.5426C47.5756 11.0369 47.4535 10.4489 47.4535 9.77841C47.4535 9.10795 47.5756 8.51705 47.82 8.00568C48.0671 7.49148 48.4109 7.09091 48.8512 6.80398C49.2944 6.5142 49.8114 6.36932 50.4023 6.36932C50.7433 6.36932 51.0799 6.42614 51.4123 6.53977C51.7447 6.65341 52.0472 6.83807 52.32 7.09375C52.5927 7.34659 52.81 7.68182 52.9719 8.09943C53.1339 8.51705 53.2148 9.03125 53.2148 9.64205V10.0682H48.1694V9.19886H52.1921C52.1921 8.82955 52.1183 8.5 51.9705 8.21023C51.8256 7.92045 51.6183 7.69176 51.3484 7.52415C51.0813 7.35653 50.766 7.27273 50.4023 7.27273C50.0018 7.27273 49.6552 7.37216 49.3626 7.57102C49.0728 7.76705 48.8498 8.02273 48.6935 8.33807C48.5373 8.65341 48.4592 8.99148 48.4592 9.35227V9.93182C48.4592 10.4261 48.5444 10.8452 48.7148 11.1889C48.8881 11.5298 49.1282 11.7898 49.435 11.9688C49.7418 12.1449 50.0984 12.233 50.5046 12.233C50.7688 12.233 51.0075 12.196 51.2205 12.1222C51.4364 12.0455 51.6225 11.9318 51.7788 11.7812C51.935 11.6278 52.0558 11.4375 52.141 11.2102L53.1126 11.483C53.0103 11.8125 52.8384 12.1023 52.5969 12.3523C52.3555 12.5994 52.0572 12.7926 51.7021 12.9318C51.3469 13.0682 50.9478 13.1364 50.5046 13.1364ZM57.2163 13.1364C56.6708 13.1364 56.1893 12.9986 55.7717 12.723C55.354 12.4446 55.0273 12.0526 54.7915 11.5469C54.5558 11.0384 54.4379 10.4375 54.4379 9.74432C54.4379 9.05682 54.5558 8.46023 54.7915 7.95455C55.0273 7.44886 55.3555 7.05824 55.7759 6.78267C56.1964 6.5071 56.6822 6.36932 57.2333 6.36932C57.6594 6.36932 57.9961 6.44034 58.2433 6.58239C58.4933 6.72159 58.6836 6.88068 58.8143 7.05966C58.9478 7.2358 59.0515 7.38068 59.1254 7.49432H59.2106V4.27273H60.2163V13H59.2447V11.9943H59.1254C59.0515 12.1136 58.9464 12.2642 58.81 12.446C58.6737 12.625 58.479 12.7855 58.2262 12.9276C57.9734 13.0668 57.6367 13.1364 57.2163 13.1364ZM57.3526 12.233C57.756 12.233 58.0969 12.1278 58.3754 11.9176C58.6538 11.7045 58.8654 11.4105 59.0103 11.0355C59.1552 10.6577 59.2276 10.2216 59.2276 9.72727C59.2276 9.23864 59.1566 8.81108 59.0146 8.4446C58.8725 8.07528 58.6623 7.78835 58.3839 7.58381C58.1055 7.37642 57.7617 7.27273 57.3526 7.27273C56.9265 7.27273 56.5714 7.3821 56.2873 7.60085C56.006 7.81676 55.7944 8.1108 55.6523 8.48295C55.5131 8.85227 55.4435 9.26705 55.4435 9.72727C55.4435 10.1932 55.5146 10.6165 55.6566 10.9972C55.8015 11.375 56.0146 11.6761 56.2958 11.9006C56.5799 12.1222 56.9322 12.233 57.3526 12.233Z" fill="#9E9E9E"></path></svg></div><a class="pIpigb" title="Samsung ViewFinity S7 Monitor 68.4 cm (27 inches) UHD LED Backlit IPS Panel Gaming Monitor (LS27H710EAWXXL)" target="_blank" rel="noopener noreferrer" href="/samsung-viewfinity-s7-monitor-68-4-cm-27-inches-uhd-led-backlit-ips-panel-gaming-ls27h710eawxxl/p/itme21503aff7cd0?pid=MONHQ5UXVGKRBUD4&amp;lid=LSTMONHQ5UXVGKRBUD4J4ATTF&amp;marketplace=FLIPKART&amp;q=LSTERGHP8HG8CJUABTGYQVQRS&amp;store=search.flipkart.com&amp;srno=s_1_28&amp;otracker=search&amp;fm=organic&amp;iid=en_KgyAxcSoevqk9sXdceqlLIF0U1J69O9MAVeaNis5ZAbAGdXkVi-v1gFuH8jfgCAX1KwoGXyzmgnAj-If2lIDec5fKVoxVWcEEfT_XwyKtuKK2W4pUP6RCRSgqDZM4OsB&amp;ppt=None&amp;ppn=None&amp;ssid=km2e65hgkg0000001790496364815&amp;qH=0330ad6eea85baab&amp;ov_redirect=true&amp;ov_redirect=true">Samsung ViewFinity S7 Monitor 68.4 cm (27 inches) UHD L...</a><div class="U_GKRr">Response Time: 5 ms, 60 Hz Refresh Rate</div><a class="fb4uj3" target="_blank" rel="noopener noreferrer" href="/samsung-viewfinity-s7-monitor-68-4-cm-27-inches-uhd-led-backlit-ips-panel-gaming-ls27h710eawxxl/p/itme21503aff7cd0?pid=MONHQ5UXVGKRBUD4&amp;lid=LSTMONHQ5UXVGKRBUD4J4ATTF&amp;marketplace=FLIPKART&amp;q=LSTERGHP8HG8CJUABTGYQVQRS&amp;store=search.flipkart.com&amp;srno=s_1_28&amp;otracker=search&amp;fm=organic&amp;iid=en_KgyAxcSoevqk9sXdceqlLIF0U1J69O9MAVeaNis5ZAbAGdXkVi-v1gFuH8jfgCAX1KwoGXyzmgnAj-If2lIDec5fKVoxVWcEEfT_XwyKtuKK2W4pUP6RCRSgqDZM4OsB&amp;ppt=None&amp;ppn=None&amp;ssid=km2e65hgkg0000001790496364815&amp;qH=0330ad6eea85baab&amp;ov_redirect=true&amp;ov_redirect=true"><div class="QiMO5r"><div class="hZ3P6w">₹18,899</div><div class="kRYCnD">₹<!-- -->31,900</div><div class="HQe8jr"><span>40% off</span></div></div></a></div></div></div></div><div class="lvJbLV col-12-12"><div class="nZIRY7"><div data-id="AIOH76NCZUYCBTHC" style="width:25%"><div class="RGLWAk"><a class="GnxRXv" target="_blank" rel="noopener noreferrer" href="/starcool-pc-intel-core-i5-2320-i5-8-gb-ddr3-128-ssd-windows-11-home-18-5-inch-screen-i5-8gb-128gb-19-inch-ms-office/p/itm27904b4e21e76?pid=AIOH76NCZUYCBTHC&amp;lid=LSTAIOH76NCZUYCBTHCMVAISK&amp;marketplace=FLIPKART&amp;q=LSTERGHP8HG8CJUABTGYQVQRS&amp;store=search.flipkart.com&amp;srno=s_1_29&amp;otracker=search&amp;fm=organic&amp;iid=fa1f4cda-67d0-4e3d-87da-8a18daff88ff.AIOH76NCZUYCBTHC.SEARCH&amp;ppt=None&amp;ppn=None&amp;ssid=km2e65hgkg0000001790496364815&amp;qH=0330ad6eea85baab&amp;ov_redirect=true&amp;ov_redirect=true"><div><div><div class="lWX0_T" style="height:280px;width:200px"><img loading="eager" class="UCc1lI" alt="Starcool PC Intel Core i5-2320 Core i5 (8 GB DDR3/128 GB SSD/Windows 11 Home/18.5 Inch Screen/i5-8GB-128GB-19 Inch) with MS Office" src="https://rukminim2.flixcart.com/image/612/612/xif0q/desktop-computer/n/t/a/0-core-i5-2400-8gb-1tb-128gb-zebronics-original-imah9ka9jntjnbz9.jpeg?q=70"/></div></div></div><div class="SJekt1 bEnCjh"><div class="JiknFv"><svg xmlns="http://www.w3.org/2000/svg" class="rE8OAo" width="16" height="16" viewBox="0 0 20 16"><path d="M8.695 16.682C4.06 12.382 1 9.536 1 6.065 1 3.219 3.178 1 5.95 1c1.566 0 3.069.746 4.05 1.915C10.981 1.745 12.484 1 14.05 1 16.822 1 19 3.22 19 6.065c0 3.471-3.06 6.316-7.695 10.617L10 17.897l-1.305-1.215z" fill="#2874F0" class="JX9D2X" stroke="#FFF" fill-rule="evenodd" opacity=".9"></path></svg></div></div></a><a class="pIpigb" title="Starcool PC Intel Core i5-2320 Core i5 (8 GB DDR3/128 GB SSD/Windows 11 Home/18.5 Inch Screen/i5-8GB-128GB-19 Inch) with MS Office" target="_blank" rel="noopener noreferrer" href="/starcool-pc-intel-core-i5-2320-i5-8-gb-ddr3-128-ssd-windows-11-home-18-5-inch-screen-i5-8gb-128gb-19-inch-ms-office/p/itm27904b4e21e76?pid=AIOH76NCZUYCBTHC&amp;lid=LSTAIOH76NCZUYCBTHCMVAISK&amp;marketplace=FLIPKART&amp;q=LSTERGHP8HG8CJUABTGYQVQRS&amp;store=search.flipkart.com&amp;srno=s_1_29&amp;otracker=search&amp;fm=organic&amp;iid=fa1f4cda-67d0-4e3d-87da-8a18daff88ff.AIOH76NCZUYCBTHC.SEARCH&amp;ppt=None&amp;ppn=None&amp;ssid=km2e65hgkg0000001790496364815&amp;qH=0330ad6eea85baab&amp;ov_redirect=true&amp;ov_redirect=true">Starcool PC Intel Core i5-2320 Core i5 (8 GB DDR3/128 G...</a><div class="U_GKRr">Multicolor, 47 cm x 48 cm x 47 cm, 8 kg</div><div class="a7saXW WDsrYC"><span id="productRating_LSTAIOH76NCZUYCBTHCMVAISK_AIOH76NCZUYCBTHC_" class="CjyrHS"><div class="MKiFS6">3.7<img src="data:image/svg+xml;base64,PHN2ZyB4bWxucz0iaHR0cDovL3d3dy53My5vcmcvMjAwMC9zdmciIHdpZHRoPSIxMyIgaGVpZ2h0PSIxMiI+PHBhdGggZmlsbD0iI0ZGRiIgZD0iTTYuNSA5LjQzOWwtMy42NzQgMi4yMy45NC00LjI2LTMuMjEtMi44ODMgNC4yNTQtLjQwNEw2LjUuMTEybDEuNjkgNC4wMSA0LjI1NC40MDQtMy4yMSAyLjg4Mi45NCA0LjI2eiIvPjwvc3ZnPg==" class="PZfbSE"/></div></span><span class="PvbNMB">(16)</span></div><a class="fb4uj3" target="_blank" rel="noopener noreferrer" href="/starcool-pc-intel-core-i5-2320-i5-8-gb-ddr3-128-ssd-windows-11-home-18-5-inch-screen-i5-8gb-128gb-19-inch-ms-office/p/itm27904b4e21e76?pid=AIOH76NCZUYCBTHC&amp;lid=LSTAIOH76NCZUYCBTHCMVAISK&amp;marketplace=FLIPKART&amp;q=LSTERGHP8HG8CJUABTGYQVQRS&amp;store=search.flipkart.com&amp;srno=s_1_29&amp;otracker=search&amp;fm=organic&amp;iid=fa1f4cda-67d0-4e3d-87da-8a18daff88ff.AIOH76NCZUYCBTHC.SEARCH&amp;ppt=None&amp;ppn=None&amp;ssid=km2e65hgkg0000001790496364815&amp;qH=0330ad6eea85baab&amp;ov_redirect=true&amp;ov_redirect=true"><div class="QiMO5r"><div class="hZ3P6w">₹11,942</div><div class="kRYCnD">₹<!-- -->31,990</div><div class="HQe8jr"><span>62% off</span></div></div></a><div class="t2K9pO"><div class="ruPvob"><div class="FJ7IAS"><span class="ZhHnSZ"><label class="BMOCJ3"><input type="checkbox" class="UXWKAE" readonly=""/><div class="ybaCDx"></div></label></span><label class="fU6cHR"><span>Add to Compare</span></label></div></div></div></div></div><div data-id="MONHKYY2X97UNKEX" style="width:25%"><div class="RGLWAk"><a class="GnxRXv" target="_blank" rel="noopener noreferrer" href="/lg-u401a-series-54-61-cm-22-inch-full-hd-led-backlit-va-panel-monitor-22u401a-bn-ctrpmv/p/itm8e396d5177513?pid=MONHKYY2X97UNKEX&amp;lid=LSTMONHKYY2X97UNKEXEONMUO&amp;marketplace=FLIPKART&amp;q=LSTERGHP8HG8CJUABTGYQVQRS&amp;store=search.flipkart.com&amp;srno=s_1_30&amp;otracker=search&amp;fm=organic&amp;iid=fa1f4cda-67d0-4e3d-87da-8a18daff88ff.MONHKYY2X97UNKEX.SEARCH&amp;ppt=None&amp;ppn=None&amp;ssid=km2e65hgkg0000001790496364815&amp;qH=0330ad6eea85baab&amp;ov_redirect=true&amp;ov_redirect=true"><div><div><div class="lWX0_T" style="height:280px;width:200px"><img loading="eager" class="UCc1lI" alt="LG U401A Series 54.61 cm (22 inch) Full HD LED Backlit VA Panel Monitor (22U401A-BN.CTRPMV)" src="https://rukminim2.flixcart.com/image/612/612/xif0q/monitor/r/x/k/-original-imahm8gzhhhzmby2.jpeg?q=70"/></div></div></div><div class="SJekt1 bEnCjh"><div class="JiknFv"><svg xmlns="http://www.w3.org/2000/svg" class="rE8OAo" width="16" height="16" viewBox="0 0 20 16"><path d="M8.695 16.682C4.06 12.382 1 9.536 1 6.065 1 3.219 3.178 1 5.95 1c1.566 0 3.069.746 4.05 1.915C10.981 1.745 12.484 1 14.05 1 16.822 1 19 3.22 19 6.065c0 3.471-3.06 6.316-7.695 10.617L10 17.897l-1.305-1.215z" fill="#2874F0" class="JX9D2X" stroke="#FFF" fill-rule="evenodd" opacity=".9"></path></svg></div></div></a><a class="pIpigb" title="LG U401A Series 54.61 cm (22 inch) Full HD LED Backlit VA Panel Monitor (22U401A-BN.CTRPMV)" target="_blank" rel="noopener noreferrer" href="/lg-u401a-series-54-61-cm-22-inch-full-hd-led-backlit-va-panel-monitor-22u401a-bn-ctrpmv/p/itm8e396d5177513?pid=MONHKYY2X97UNKEX&amp;lid=LSTMONHKYY2X97UNKEXEONMUO&amp;marketplace=FLIPKART&amp;q=LSTERGHP8HG8CJUABTGYQVQRS&amp;store=search.flipkart.com&amp;srno=s_1_30&amp;otracker=search&amp;fm=organic&amp;iid=fa1f4cda-67d0-4e3d-87da-8a18daff88ff.MONHKYY2X97UNKEX.SEARCH&amp;ppt=None&amp;ppn=None&amp;ssid=km2e65hgkg0000001790496364815&amp;qH=0330ad6eea85baab&amp;ov_redirect=true&amp;ov_redirect=true">LG U401A Series 54.61 cm (22 inch) Full HD LED Backlit ...</a><div class="U_GKRr">Response Time: 1 ms, 100 Hz Refresh Rate</div><div class="a7saXW WDsrYC"><span id="productRating_LSTMONHKYY2X97UNKEXEONMUO_MONHKYY2X97UNKEX_" class="CjyrHS"><div class="MKiFS6">4.4<img src="data:image/svg+xml;base64,PHN2ZyB4bWxucz0iaHR0cDovL3d3dy53My5vcmcvMjAwMC9zdmciIHdpZHRoPSIxMyIgaGVpZ2h0PSIxMiI+PHBhdGggZmlsbD0iI0ZGRiIgZD0iTTYuNSA5LjQzOWwtMy42NzQgMi4yMy45NC00LjI2LTMuMjEtMi44ODMgNC4yNTQtLjQwNEw2LjUuMTEybDEuNjkgNC4wMSA0LjI1NC40MDQtMy4yMSAyLjg4Mi45NCA0LjI2eiIvPjwvc3ZnPg==" class="PZfbSE"/></div></span><span class="PvbNMB">(118)</span></div><div class="FIdGa1"><img height="21" src="//static-assets-web.flixcart.com/fk-p-linchpin-web/fk-cp-zion/img/fa_9e47c1.png"/></div><a class="fb4uj3" target="_blank" rel="noopener noreferrer" href="/lg-u401a-series-54-61-cm-22-inch-full-hd-led-backlit-va-panel-monitor-22u401a-bn-ctrpmv/p/itm8e396d5177513?pid=MONHKYY2X97UNKEX&amp;lid=LSTMONHKYY2X97UNKEXEONMUO&amp;marketplace=FLIPKART&amp;q=LSTERGHP8HG8CJUABTGYQVQRS&amp;store=search.flipkart.com&amp;srno=s_1_30&amp;otracker=search&amp;fm=organic&amp;iid=fa1f4cda-67d0-4e3d-87da-8a18daff88ff.MONHKYY2X97UNKEX.SEARCH&amp;ppt=None&amp;ppn=None&amp;ssid=km2e65hgkg0000001790496364815&amp;qH=0330ad6eea85baab&amp;ov_redirect=true&amp;ov_redirect=true"><div class="QiMO5r"><div class="hZ3P6w">₹6,399</div><div class="kRYCnD">₹<!-- -->15,000</div><div class="HQe8jr"><span>57% off</span></div></div></a></div></div><div data-id="MONH7AUTWK7ZYDWF" style="width:25%"><div class="RGLWAk"><a class="GnxRXv" target="_blank" rel="noopener noreferrer" href="/lg-ultragear-68-58-cm-27-inch-full-hd-led-backlit-ips-panel-gaming-monitor-27gs65f-1920-x1080-99-srgb-hdmi-dp-nvidia-g-sync-compatible-hdr10-height-pivot/p/itm1d55e2154aa70?pid=MONH7AUTWK7ZYDWF&amp;lid=LSTMONH7AUTWK7ZYDWFCZ324N&amp;marketplace=FLIPKART&amp;q=LSTERGHP8HG8CJUABTGYQVQRS&amp;store=search.flipkart.com&amp;srno=s_1_31&amp;otracker=search&amp;fm=organic&amp;iid=fa1f4cda-67d0-4e3d-87da-8a18daff88ff.MONH7AUTWK7ZYDWF.SEARCH&amp;ppt=None&amp;ppn=None&amp;ssid=km2e65hgkg0000001790496364815&amp;qH=0330ad6eea85baab&amp;ov_redirect=true&amp;ov_redirect=true"><div><div><div class="lWX0_T" style="height:280px;width:200px"><img loading="eager" class="UCc1lI" alt="LG ULTRAGEAR 68.58 cm (27 inch) Full HD LED Backlit IPS Panel Gaming Monitor (27GS65F-(1920 X1080)-99%sRGB,HDMI,DP,NVIDIA G-Sync Compatible,HDR10,Height,Pivot)" src="https://rukminim2.flixcart.com/image/612/612/xif0q/monitor/d/3/t/27gs65f-1920-x1080-99-srgb-hdmi-dp-nvidia-g-sync-compatible-original-imah8uk3wjy82hpr.jpeg?q=70"/></div></div></div><div class="SJekt1 bEnCjh"><div class="JiknFv"><svg xmlns="http://www.w3.org/2000/svg" class="rE8OAo" width="16" height="16" viewBox="0 0 20 16"><path d="M8.695 16.682C4.06 12.382 1 9.536 1 6.065 1 3.219 3.178 1 5.95 1c1.566 0 3.069.746 4.05 1.915C10.981 1.745 12.484 1 14.05 1 16.822 1 19 3.22 19 6.065c0 3.471-3.06 6.316-7.695 10.617L10 17.897l-1.305-1.215z" fill="#2874F0" class="JX9D2X" stroke="#FFF" fill-rule="evenodd" opacity=".9"></path></svg></div></div></a><a class="pIpigb" title="LG ULTRAGEAR 68.58 cm (27 inch) Full HD LED Backlit IPS Panel Gaming Monitor (27GS65F-(1920 X1080)-99%sRGB,HDMI,DP,NVIDIA G-Sync Compatible,HDR10,Height,Pivot)" target="_blank" rel="noopener noreferrer" href="/lg-ultragear-68-58-cm-27-inch-full-hd-led-backlit-ips-panel-gaming-monitor-27gs65f-1920-x1080-99-srgb-hdmi-dp-nvidia-g-sync-compatible-hdr10-height-pivot/p/itm1d55e2154aa70?pid=MONH7AUTWK7ZYDWF&amp;lid=LSTMONH7AUTWK7ZYDWFCZ324N&amp;marketplace=FLIPKART&amp;q=LSTERGHP8HG8CJUABTGYQVQRS&amp;store=search.flipkart.com&amp;srno=s_1_31&amp;otracker=search&amp;fm=organic&amp;iid=fa1f4cda-67d0-4e3d-87da-8a18daff88ff.MONH7AUTWK7ZYDWF.SEARCH&amp;ppt=None&amp;ppn=None&amp;ssid=km2e65hgkg0000001790496364815&amp;qH=0330ad6eea85baab&amp;ov_redirect=true&amp;ov_redirect=true">LG ULTRAGEAR 68.58 cm (27 inch) Full HD LED Backlit IPS...</a><div class="U_GKRr">Frameless, AMD Free Sync, Response Time: 1 ms, 180 Hz Refresh Rate</div><div class="a7saXW WDsrYC"><span id="productRating_LSTMONH7AUTWK7ZYDWFCZ324N_MONH7AUTWK7ZYDWF_" class="CjyrHS"><div class="MKiFS6">4.6<img src="data:image/svg+xml;base64,PHN2ZyB4bWxucz0iaHR0cDovL3d3dy53My5vcmcvMjAwMC9zdmciIHdpZHRoPSIxMyIgaGVpZ2h0PSIxMiI+PHBhdGggZmlsbD0iI0ZGRiIgZD0iTTYuNSA5LjQzOWwtMy42NzQgMi4yMy45NC00LjI2LTMuMjEtMi44ODMgNC4yNTQtLjQwNEw2LjUuMTEybDEuNjkgNC4wMSA0LjI1NC40MDQtMy4yMSAyLjg4Mi45NCA0LjI2eiIvPjwvc3ZnPg==" class="PZfbSE"/></div></span><span class="PvbNMB">(38)</span></div><div class="FIdGa1"><img height="21" src="//static-assets-web.flixcart.com/fk-p-linchpin-web/fk-cp-zion/img/fa_9e47c1.png"/></div><a class="fb4uj3" target="_blank" rel="noopener noreferrer" href="/lg-ultragear-68-58-cm-27-inch-full-hd-led-backlit-ips-panel-gaming-monitor-27gs65f-1920-x1080-99-srgb-hdmi-dp-nvidia-g-sync-compatible-hdr10-height-pivot/p/itm1d55e2154aa70?pid=MONH7AUTWK7ZYDWF&amp;lid=LSTMONH7AUTWK7ZYDWFCZ324N&amp;marketplace=FLIPKART&amp;q=LSTERGHP8HG8CJUABTGYQVQRS&amp;store=search.flipkart.com&amp;srno=s_1_31&amp;otracker=search&amp;fm=organic&amp;iid=fa1f4cda-67d0-4e3d-87da-8a18daff88ff.MONH7AUTWK7ZYDWF.SEARCH&amp;ppt=None&amp;ppn=None&amp;ssid=km2e65hgkg0000001790496364815&amp;qH=0330ad6eea85baab&amp;ov_redirect=true&amp;ov_redirect=true"><div class="QiMO5r"><div class="hZ3P6w">₹13,999</div><div class="kRYCnD">₹<!-- -->23,500</div><div class="HQe8jr"><span>40% off</span></div></div></a><div class="MaiFhH"><div class="hx1EGN"><div class="HZ0E6r Rm9_cy" style="color:#C70055;font-size:12px;font-weight:700">Only 2 left</div></div></div></div></div><div data-id="MONH5P8FY5GGQ6GE" style="width:25%"><div class="RGLWAk"><a class="GnxRXv" target="_blank" rel="noopener noreferrer" href="/lenovo-l-series-68-58-cm-27-inch-quad-hd-led-backlit-ips-panel-99-srgb-90-dci-p3-4x-usb-a-1xusb-type-c-2xhdmi-2-1-1xdp-1-4-tilt-swivel-pivot-height-adjustable-stand-3wx2-inbuilt-speakers-customization-artery-smart-display-monitor-l27h-4a/p/itma1bf8c73c0df0?pid=MONH5P8FY5GGQ6GE&amp;lid=LSTMONH5P8FY5GGQ6GE2IAWPL&amp;marketplace=FLIPKART&amp;q=LSTERGHP8HG8CJUABTGYQVQRS&amp;store=search.flipkart.com&amp;srno=s_1_32&amp;otracker=search&amp;fm=organic&amp;iid=fa1f4cda-67d0-4e3d-87da-8a18daff88ff.MONH5P8FY5GGQ6GE.SEARCH&amp;ppt=None&amp;ppn=None&amp;ssid=km2e65hgkg0000001790496364815&amp;qH=0330ad6eea85baab&amp;ov_redirect=true&amp;ov_redirect=true"><div><div><div class="lWX0_T" style="height:280px;width:200px"><img loading="eager" class="UCc1lI" alt="Lenovo L-Series 68.58 cm (27 inch) Quad HD LED Backlit IPS Panel with 99% sRGB, 90% DCI-P3, 4x USB-A, 1xUSB Type-C, 2xHDMI 2.1, 1xDP 1.4, Tilt/Swivel/Pivot/Height Adjustable Stand, 3WX2 Inbuilt Speakers, Customization Artery, Smart Display Monitor (L27h-4A)" src="https://rukminim2.flixcart.com/image/612/612/xif0q/monitor/c/y/i/-original-imah9ax8f7fec5ef.jpeg?q=70"/></div></div></div><div class="SJekt1 bEnCjh"><div class="JiknFv"><svg xmlns="http://www.w3.org/2000/svg" class="rE8OAo" width="16" height="16" viewBox="0 0 20 16"><path d="M8.695 16.682C4.06 12.382 1 9.536 1 6.065 1 3.219 3.178 1 5.95 1c1.566 0 3.069.746 4.05 1.915C10.981 1.745 12.484 1 14.05 1 16.822 1 19 3.22 19 6.065c0 3.471-3.06 6.316-7.695 10.617L10 17.897l-1.305-1.215z" fill="#2874F0" class="JX9D2X" stroke="#FFF" fill-rule="evenodd" opacity=".9"></path></svg></div></div></a><a class="pIpigb" title="Lenovo L-Series 68.58 cm (27 inch) Quad HD LED Backlit IPS Panel with 99% sRGB, 90% DCI-P3, 4x USB-A, 1xUSB Type-C, 2xHDMI 2.1, 1xDP 1.4, Tilt/Swivel/Pivot/Height Adjustable Stand, 3WX2 Inbuilt Speakers, Customization Artery, Smart Display Monitor (L27h-4A)" target="_blank" rel="noopener noreferrer" href="/lenovo-l-series-68-58-cm-27-inch-quad-hd-led-backlit-ips-panel-99-srgb-90-dci-p3-4x-usb-a-1xusb-type-c-2xhdmi-2-1-1xdp-1-4-tilt-swivel-pivot-height-adjustable-stand-3wx2-inbuilt-speakers-customization-artery-smart-display-monitor-l27h-4a/p/itma1bf8c73c0df0?pid=MONH5P8FY5GGQ6GE&amp;lid=LSTMONH5P8FY5GGQ6GE2IAWPL&amp;marketplace=FLIPKART&amp;q=LSTERGHP8HG8CJUABTGYQVQRS&amp;store=search.flipkart.com&amp;srno=s_1_32&amp;otracker=search&amp;fm=organic&amp;iid=fa1f4cda-67d0-4e3d-87da-8a18daff88ff.MONH5P8FY5GGQ6GE.SEARCH&amp;ppt=None&amp;ppn=None&amp;ssid=km2e65hgkg0000001790496364815&amp;qH=0330ad6eea85baab&amp;ov_redirect=true&amp;ov_redirect=true">Lenovo L-Series 68.58 cm (27 inch) Quad HD LED Backlit ...</a><div class="U_GKRr">AMD Free Sync, Response Time: 1 ms, 100 Hz Refresh Rate</div><div class="a7saXW WDsrYC"><span id="productRating_LSTMONH5P8FY5GGQ6GE2IAWPL_MONH5P8FY5GGQ6GE_" class="CjyrHS"><div class="MKiFS6">3.8<img src="data:image/svg+xml;base64,PHN2ZyB4bWxucz0iaHR0cDovL3d3dy53My5vcmcvMjAwMC9zdmciIHdpZHRoPSIxMyIgaGVpZ2h0PSIxMiI+PHBhdGggZmlsbD0iI0ZGRiIgZD0iTTYuNSA5LjQzOWwtMy42NzQgMi4yMy45NC00LjI2LTMuMjEtMi44ODMgNC4yNTQtLjQwNEw2LjUuMTEybDEuNjkgNC4wMSA0LjI1NC40MDQtMy4yMSAyLjg4Mi45NCA0LjI2eiIvPjwvc3ZnPg==" class="PZfbSE"/></div></span><span class="PvbNMB">(80)</span></div><a class="fb4uj3" target="_blank" rel="noopener noreferrer" href="/lenovo-l-series-68-58-cm-27-inch-quad-hd-led-backlit-ips-panel-99-srgb-90-dci-p3-4x-usb-a-1xusb-type-c-2xhdmi-2-1-1xdp-1-4-tilt-swivel-pivot-height-adjustable-stand-3wx2-inbuilt-speakers-customization-artery-smart-display-monitor-l27h-4a/p/itma1bf8c73c0df0?pid=MONH5P8FY5GGQ6GE&amp;lid=LSTMONH5P8FY5GGQ6GE2IAWPL&amp;marketplace=FLIPKART&amp;q=LSTERGHP8HG8CJUABTGYQVQRS&amp;store=search.flipkart.com&amp;srno=s_1_32&amp;otracker=search&amp;fm=organic&amp;iid=fa1f4cda-67d0-4e3d-87da-8a18daff88ff.MONH5P8FY5GGQ6GE.SEARCH&amp;ppt=None&amp;ppn=None&amp;ssid=km2e65hgkg0000001790496364815&amp;qH=0330ad6eea85baab&amp;ov_redirect=true&amp;ov_redirect=true"><div class="QiMO5r"><div class="hZ3P6w">₹19,355</div><div class="kRYCnD">₹<!-- -->26,190</div><div class="HQe8jr"><span>26% off</span></div></div></a></div></div></div></div><div class="lvJbLV col-12-12"><div class="nZIRY7"><div data-id="MONGZZFXVHKFC6BD" style="width:25%"><div class="RGLWAk"><a class="GnxRXv" target="_blank" rel="noopener noreferrer" href="/lg-ultrawide-73-66-cm-29-inch-wfhd-led-backlit-ips-panel-gaming-monitor-29wq600/p/itm557ed87c1724d?pid=MONGZZFXVHKFC6BD&amp;lid=LSTMONGZZFXVHKFC6BDNRGGEF&amp;marketplace=FLIPKART&amp;q=LSTERGHP8HG8CJUABTGYQVQRS&amp;store=search.flipkart.com&amp;srno=s_1_33&amp;otracker=search&amp;fm=organic&amp;iid=fa1f4cda-67d0-4e3d-87da-8a18daff88ff.MONGZZFXVHKFC6BD.SEARCH&amp;ppt=None&amp;ppn=None&amp;ssid=km2e65hgkg0000001790496364815&amp;qH=0330ad6eea85baab&amp;ov_redirect=true&amp;ov_redirect=true"><div><div><div class="lWX0_T" style="height:280px;width:200px"><img loading="eager" class="UCc1lI" alt="LG ULTRAWIDE 73.66 cm (29 inch) WFHD LED Backlit IPS Panel Gaming Monitor (29WQ600)" src="https://rukminim2.flixcart.com/image/612/612/xif0q/monitor/k/s/k/-original-imahm33y7fxwhhct.jpeg?q=70"/></div></div></div><div class="SJekt1 bEnCjh"><div class="JiknFv"><svg xmlns="http://www.w3.org/2000/svg" class="rE8OAo" width="16" height="16" viewBox="0 0 20 16"><path d="M8.695 16.682C4.06 12.382 1 9.536 1 6.065 1 3.219 3.178 1 5.95 1c1.566 0 3.069.746 4.05 1.915C10.981 1.745 12.484 1 14.05 1 16.822 1 19 3.22 19 6.065c0 3.471-3.06 6.316-7.695 10.617L10 17.897l-1.305-1.215z" fill="#2874F0" class="JX9D2X" stroke="#FFF" fill-rule="evenodd" opacity=".9"></path></svg></div></div></a><a class="pIpigb" title="LG ULTRAWIDE 73.66 cm (29 inch) WFHD LED Backlit IPS Panel Gaming Monitor (29WQ600)" target="_blank" rel="noopener noreferrer" href="/lg-ultrawide-73-66-cm-29-inch-wfhd-led-backlit-ips-panel-gaming-monitor-29wq600/p/itm557ed87c1724d?pid=MONGZZFXVHKFC6BD&amp;lid=LSTMONGZZFXVHKFC6BDNRGGEF&amp;marketplace=FLIPKART&amp;q=LSTERGHP8HG8CJUABTGYQVQRS&amp;store=search.flipkart.com&amp;srno=s_1_33&amp;otracker=search&amp;fm=organic&amp;iid=fa1f4cda-67d0-4e3d-87da-8a18daff88ff.MONGZZFXVHKFC6BD.SEARCH&amp;ppt=None&amp;ppn=None&amp;ssid=km2e65hgkg0000001790496364815&amp;qH=0330ad6eea85baab&amp;ov_redirect=true&amp;ov_redirect=true">LG ULTRAWIDE 73.66 cm (29 inch) WFHD LED Backlit IPS Pa...</a><div class="U_GKRr">Frameless, AMD Free Sync, Response Time: 1 ms, 100 Hz Refresh Rate</div><div class="a7saXW WDsrYC"><span id="productRating_LSTMONGZZFXVHKFC6BDNRGGEF_MONGZZFXVHKFC6BD_" class="CjyrHS"><div class="MKiFS6">4.4<img src="data:image/svg+xml;base64,PHN2ZyB4bWxucz0iaHR0cDovL3d3dy53My5vcmcvMjAwMC9zdmciIHdpZHRoPSIxMyIgaGVpZ2h0PSIxMiI+PHBhdGggZmlsbD0iI0ZGRiIgZD0iTTYuNSA5LjQzOWwtMy42NzQgMi4yMy45NC00LjI2LTMuMjEtMi44ODMgNC4yNTQtLjQwNEw2LjUuMTEybDEuNjkgNC4wMSA0LjI1NC40MDQtMy4yMSAyLjg4Mi45NCA0LjI2eiIvPjwvc3ZnPg==" class="PZfbSE"/></div></span><span class="PvbNMB">(404)</span></div><div class="FIdGa1"><img height="21" src="//static-assets-web.flixcart.com/fk-p-linchpin-web/fk-cp-zion/img/fa_9e47c1.png"/></div><a class="fb4uj3" target="_blank" rel="noopener noreferrer" href="/lg-ultrawide-73-66-cm-29-inch-wfhd-led-backlit-ips-panel-gaming-monitor-29wq600/p/itm557ed87c1724d?pid=MONGZZFXVHKFC6BD&amp;lid=LSTMONGZZFXVHKFC6BDNRGGEF&amp;marketplace=FLIPKART&amp;q=LSTERGHP8HG8CJUABTGYQVQRS&amp;store=search.flipkart.com&amp;srno=s_1_33&amp;otracker=search&amp;fm=organic&amp;iid=fa1f4cda-67d0-4e3d-87da-8a18daff88ff.MONGZZFXVHKFC6BD.SEARCH&amp;ppt=None&amp;ppn=None&amp;ssid=km2e65hgkg0000001790496364815&amp;qH=0330ad6eea85baab&amp;ov_redirect=true&amp;ov_redirect=true"><div class="QiMO5r"><div class="hZ3P6w">₹16,999</div><div class="kRYCnD">₹<!-- -->26,000</div><div class="HQe8jr"><span>34% off</span></div></div></a></div></div><div data-id="MONHF9KFQFBYHUVQ" style="width:25%"><div class="RGLWAk"><a class="GnxRXv" target="_blank" rel="noopener noreferrer" href="/zebster-z-e19-46-99-cm-19-inch-hd-led-backlit-tn-panel-monitor-z-e19hd-led/p/itm3b0ffbb10468a?pid=MONHF9KFQFBYHUVQ&amp;lid=LSTMONHF9KFQFBYHUVQUWT2HB&amp;marketplace=FLIPKART&amp;q=LSTERGHP8HG8CJUABTGYQVQRS&amp;store=search.flipkart.com&amp;srno=s_1_34&amp;otracker=search&amp;fm=organic&amp;iid=fa1f4cda-67d0-4e3d-87da-8a18daff88ff.MONHF9KFQFBYHUVQ.SEARCH&amp;ppt=None&amp;ppn=None&amp;ssid=km2e65hgkg0000001790496364815&amp;qH=0330ad6eea85baab&amp;ov_redirect=true&amp;ov_redirect=true"><div><div><div class="lWX0_T" style="height:280px;width:200px"><img loading="eager" class="UCc1lI" alt="ZEBSTER Z-E19 46.99 cm (19 inch) HD LED Backlit TN Panel Monitor (Z-E19HD LED)" src="https://rukminim2.flixcart.com/image/612/612/xif0q/monitor/1/m/7/zeb-v19hd-led-hd-18-5-2021-is13252-zebster-original-imahffzcghp9zyxz.jpeg?q=70"/></div></div></div><div class="SJekt1 bEnCjh"><div class="JiknFv"><svg xmlns="http://www.w3.org/2000/svg" class="rE8OAo" width="16" height="16" viewBox="0 0 20 16"><path d="M8.695 16.682C4.06 12.382 1 9.536 1 6.065 1 3.219 3.178 1 5.95 1c1.566 0 3.069.746 4.05 1.915C10.981 1.745 12.484 1 14.05 1 16.822 1 19 3.22 19 6.065c0 3.471-3.06 6.316-7.695 10.617L10 17.897l-1.305-1.215z" fill="#2874F0" class="JX9D2X" stroke="#FFF" fill-rule="evenodd" opacity=".9"></path></svg></div></div></a><a class="pIpigb" title="ZEBSTER Z-E19 46.99 cm (19 inch) HD LED Backlit TN Panel Monitor (Z-E19HD LED)" target="_blank" rel="noopener noreferrer" href="/zebster-z-e19-46-99-cm-19-inch-hd-led-backlit-tn-panel-monitor-z-e19hd-led/p/itm3b0ffbb10468a?pid=MONHF9KFQFBYHUVQ&amp;lid=LSTMONHF9KFQFBYHUVQUWT2HB&amp;marketplace=FLIPKART&amp;q=LSTERGHP8HG8CJUABTGYQVQRS&amp;store=search.flipkart.com&amp;srno=s_1_34&amp;otracker=search&amp;fm=organic&amp;iid=fa1f4cda-67d0-4e3d-87da-8a18daff88ff.MONHF9KFQFBYHUVQ.SEARCH&amp;ppt=None&amp;ppn=None&amp;ssid=km2e65hgkg0000001790496364815&amp;qH=0330ad6eea85baab&amp;ov_redirect=true&amp;ov_redirect=true">ZEBSTER Z-E19 46.99 cm (19 inch) HD LED Backlit TN Pane...</a><div class="U_GKRr">Response Time: 8 ms, 60 Hz Refresh Rate</div><div class="a7saXW WDsrYC"><span id="productRating_LSTMONHF9KFQFBYHUVQUWT2HB_MONHF9KFQFBYHUVQ_" class="CjyrHS"><div class="MKiFS6">3.3<img src="data:image/svg+xml;base64,PHN2ZyB4bWxucz0iaHR0cDovL3d3dy53My5vcmcvMjAwMC9zdmciIHdpZHRoPSIxMyIgaGVpZ2h0PSIxMiI+PHBhdGggZmlsbD0iI0ZGRiIgZD0iTTYuNSA5LjQzOWwtMy42NzQgMi4yMy45NC00LjI2LTMuMjEtMi44ODMgNC4yNTQtLjQwNEw2LjUuMTEybDEuNjkgNC4wMSA0LjI1NC40MDQtMy4yMSAyLjg4Mi45NCA0LjI2eiIvPjwvc3ZnPg==" class="PZfbSE"/></div></span><span class="PvbNMB">(12)</span></div><a class="fb4uj3" target="_blank" rel="noopener noreferrer" href="/zebster-z-e19-46-99-cm-19-inch-hd-led-backlit-tn-panel-monitor-z-e19hd-led/p/itm3b0ffbb10468a?pid=MONHF9KFQFBYHUVQ&amp;lid=LSTMONHF9KFQFBYHUVQUWT2HB&amp;marketplace=FLIPKART&amp;q=LSTERGHP8HG8CJUABTGYQVQRS&amp;store=search.flipkart.com&amp;srno=s_1_34&amp;otracker=search&amp;fm=organic&amp;iid=fa1f4cda-67d0-4e3d-87da-8a18daff88ff.MONHF9KFQFBYHUVQ.SEARCH&amp;ppt=None&amp;ppn=None&amp;ssid=km2e65hgkg0000001790496364815&amp;qH=0330ad6eea85baab&amp;ov_redirect=true&amp;ov_redirect=true"><div class="QiMO5r"><div class="hZ3P6w">₹2,999</div><div class="kRYCnD">₹<!-- -->5,999</div><div class="HQe8jr"><span>50% off</span></div></div></a></div></div><div data-id="MONGW4N9YWZZZGXP" style="width:25%"><div class="RGLWAk"><a class="GnxRXv" target="_blank" rel="noopener noreferrer" href="/lg-54-0-cm-21-inch-full-hd-va-panel-3-side-borderless-display-tilt-able-stand-black-stabilizer-onscreen-control-ergo-design-monitor-22mr410-bb-ctrrmv/p/itm216cc00c15368?pid=MONGW4N9YWZZZGXP&amp;lid=LSTMONGW4N9YWZZZGXPR0SDZA&amp;marketplace=FLIPKART&amp;q=LSTERGHP8HG8CJUABTGYQVQRS&amp;store=search.flipkart.com&amp;srno=s_1_35&amp;otracker=search&amp;fm=organic&amp;iid=fa1f4cda-67d0-4e3d-87da-8a18daff88ff.MONGW4N9YWZZZGXP.SEARCH&amp;ppt=None&amp;ppn=None&amp;ssid=km2e65hgkg0000001790496364815&amp;qH=0330ad6eea85baab&amp;ov_redirect=true&amp;ov_redirect=true"><div><div><div class="lWX0_T" style="height:280px;width:200px"><img loading="eager" class="UCc1lI" alt="LG 54.0 cm (21 inch) Full HD VA Panel with 3-Side Borderless Display,Tilt-able Stand, Black Stabilizer, OnScreen Control, Ergo Design Monitor (22MR410-BB.CTRRMV)" src="https://rukminim2.flixcart.com/image/612/612/xif0q/monitor/e/u/5/-original-imahhnqd3nqrptyp.jpeg?q=70"/></div></div></div><div class="SJekt1 bEnCjh"><div class="JiknFv"><svg xmlns="http://www.w3.org/2000/svg" class="rE8OAo" width="16" height="16" viewBox="0 0 20 16"><path d="M8.695 16.682C4.06 12.382 1 9.536 1 6.065 1 3.219 3.178 1 5.95 1c1.566 0 3.069.746 4.05 1.915C10.981 1.745 12.484 1 14.05 1 16.822 1 19 3.22 19 6.065c0 3.471-3.06 6.316-7.695 10.617L10 17.897l-1.305-1.215z" fill="#2874F0" class="JX9D2X" stroke="#FFF" fill-rule="evenodd" opacity=".9"></path></svg></div></div></a><a class="pIpigb" title="LG 54.0 cm (21 inch) Full HD VA Panel with 3-Side Borderless Display,Tilt-able Stand, Black Stabilizer, OnScreen Control, Ergo Design Monitor (22MR410-BB.CTRRMV)" target="_blank" rel="noopener noreferrer" href="/lg-54-0-cm-21-inch-full-hd-va-panel-3-side-borderless-display-tilt-able-stand-black-stabilizer-onscreen-control-ergo-design-monitor-22mr410-bb-ctrrmv/p/itm216cc00c15368?pid=MONGW4N9YWZZZGXP&amp;lid=LSTMONGW4N9YWZZZGXPR0SDZA&amp;marketplace=FLIPKART&amp;q=LSTERGHP8HG8CJUABTGYQVQRS&amp;store=search.flipkart.com&amp;srno=s_1_35&amp;otracker=search&amp;fm=organic&amp;iid=fa1f4cda-67d0-4e3d-87da-8a18daff88ff.MONGW4N9YWZZZGXP.SEARCH&amp;ppt=None&amp;ppn=None&amp;ssid=km2e65hgkg0000001790496364815&amp;qH=0330ad6eea85baab&amp;ov_redirect=true&amp;ov_redirect=true">LG 54.0 cm (21 inch) Full HD VA Panel with 3-Side Borde...</a><div class="U_GKRr">AMD Free Sync, Response Time: 5 ms, 60 Hz Refresh Rate</div><div class="a7saXW WDsrYC"><span id="productRating_LSTMONGW4N9YWZZZGXPR0SDZA_MONGW4N9YWZZZGXP_" class="CjyrHS"><div class="MKiFS6">4.4<img src="data:image/svg+xml;base64,PHN2ZyB4bWxucz0iaHR0cDovL3d3dy53My5vcmcvMjAwMC9zdmciIHdpZHRoPSIxMyIgaGVpZ2h0PSIxMiI+PHBhdGggZmlsbD0iI0ZGRiIgZD0iTTYuNSA5LjQzOWwtMy42NzQgMi4yMy45NC00LjI2LTMuMjEtMi44ODMgNC4yNTQtLjQwNEw2LjUuMTEybDEuNjkgNC4wMSA0LjI1NC40MDQtMy4yMSAyLjg4Mi45NCA0LjI2eiIvPjwvc3ZnPg==" class="PZfbSE"/></div></span><span class="PvbNMB">(3,246)</span></div><div class="FIdGa1"><img height="21" src="//static-assets-web.flixcart.com/fk-p-linchpin-web/fk-cp-zion/img/fa_9e47c1.png"/></div><a class="fb4uj3" target="_blank" rel="noopener noreferrer" href="/lg-54-0-cm-21-inch-full-hd-va-panel-3-side-borderless-display-tilt-able-stand-black-stabilizer-onscreen-control-ergo-design-monitor-22mr410-bb-ctrrmv/p/itm216cc00c15368?pid=MONGW4N9YWZZZGXP&amp;lid=LSTMONGW4N9YWZZZGXPR0SDZA&amp;marketplace=FLIPKART&amp;q=LSTERGHP8HG8CJUABTGYQVQRS&amp;store=search.flipkart.com&amp;srno=s_1_35&amp;otracker=search&amp;fm=organic&amp;iid=fa1f4cda-67d0-4e3d-87da-8a18daff88ff.MONGW4N9YWZZZGXP.SEARCH&amp;ppt=None&amp;ppn=None&amp;ssid=km2e65hgkg0000001790496364815&amp;qH=0330ad6eea85baab&amp;ov_redirect=true&amp;ov_redirect=true"><div class="QiMO5r"><div class="hZ3P6w">₹6,199</div><div class="kRYCnD">₹<!-- -->14,000</div><div class="HQe8jr"><span>55% off</span></div></div></a><div class="MaiFhH"><div class="hx1EGN"><div class="HZ0E6r Rm9_cy" style="color:#C70055;font-size:12px;font-weight:700">Only few left</div></div></div></div></div><div data-id="MONGW4N96FVHTT7C" style="width:25%"><div class="RGLWAk"><a class="GnxRXv" target="_blank" rel="noopener noreferrer" href="/lg-60-45-cm-24-inch-full-hd-ips-panel-3-side-borderless-display-tilt-able-stand-black-stabilizer-onscreen-control-ergo-design-monitor-24mr400-ba-ctrrmv/p/itm0e25cac2a60d6?pid=MONGW4N96FVHTT7C&amp;lid=LSTMONGW4N96FVHTT7CWTTVLC&amp;marketplace=FLIPKART&amp;q=LSTERGHP8HG8CJUABTGYQVQRS&amp;store=search.flipkart.com&amp;srno=s_1_36&amp;otracker=search&amp;fm=organic&amp;iid=fa1f4cda-67d0-4e3d-87da-8a18daff88ff.MONGW4N96FVHTT7C.SEARCH&amp;ppt=None&amp;ppn=None&amp;ssid=km2e65hgkg0000001790496364815&amp;qH=0330ad6eea85baab&amp;ov_redirect=true&amp;ov_redirect=true"><div><div><div class="lWX0_T" style="height:280px;width:200px"><img loading="eager" class="UCc1lI" alt="LG 60.45 cm (24 inch) Full HD IPS Panel with 3-Side Borderless Display,Tilt-able Stand, Black Stabilizer, OnScreen Control, Ergo Design Monitor (24MR400-BA.CTRRMV)" src="https://rukminim2.flixcart.com/image/612/612/xif0q/monitor/9/n/9/-enriched-transparent-original-imagyahhmczxzhqw.png?q=70"/></div></div></div><div class="SJekt1 bEnCjh"><div class="JiknFv"><svg xmlns="http://www.w3.org/2000/svg" class="rE8OAo" width="16" height="16" viewBox="0 0 20 16"><path d="M8.695 16.682C4.06 12.382 1 9.536 1 6.065 1 3.219 3.178 1 5.95 1c1.566 0 3.069.746 4.05 1.915C10.981 1.745 12.484 1 14.05 1 16.822 1 19 3.22 19 6.065c0 3.471-3.06 6.316-7.695 10.617L10 17.897l-1.305-1.215z" fill="#2874F0" class="JX9D2X" stroke="#FFF" fill-rule="evenodd" opacity=".9"></path></svg></div></div></a><a class="pIpigb" title="LG 60.45 cm (24 inch) Full HD IPS Panel with 3-Side Borderless Display,Tilt-able Stand, Black Stabilizer, OnScreen Control, Ergo Design Monitor (24MR400-BA.CTRRMV)" target="_blank" rel="noopener noreferrer" href="/lg-60-45-cm-24-inch-full-hd-ips-panel-3-side-borderless-display-tilt-able-stand-black-stabilizer-onscreen-control-ergo-design-monitor-24mr400-ba-ctrrmv/p/itm0e25cac2a60d6?pid=MONGW4N96FVHTT7C&amp;lid=LSTMONGW4N96FVHTT7CWTTVLC&amp;marketplace=FLIPKART&amp;q=LSTERGHP8HG8CJUABTGYQVQRS&amp;store=search.flipkart.com&amp;srno=s_1_36&amp;otracker=search&amp;fm=organic&amp;iid=fa1f4cda-67d0-4e3d-87da-8a18daff88ff.MONGW4N96FVHTT7C.SEARCH&amp;ppt=None&amp;ppn=None&amp;ssid=km2e65hgkg0000001790496364815&amp;qH=0330ad6eea85baab&amp;ov_redirect=true&amp;ov_redirect=true">LG 60.45 cm (24 inch) Full HD IPS Panel with 3-Side Bor...</a><div class="U_GKRr">AMD Free Sync, Response Time: 5 ms, 60 Hz Refresh Rate</div><div class="a7saXW WDsrYC"><span id="productRating_LSTMONGW4N96FVHTT7CWTTVLC_MONGW4N96FVHTT7C_" class="CjyrHS"><div class="MKiFS6">4.4<img src="data:image/svg+xml;base64,PHN2ZyB4bWxucz0iaHR0cDovL3d3dy53My5vcmcvMjAwMC9zdmciIHdpZHRoPSIxMyIgaGVpZ2h0PSIxMiI+PHBhdGggZmlsbD0iI0ZGRiIgZD0iTTYuNSA5LjQzOWwtMy42NzQgMi4yMy45NC00LjI2LTMuMjEtMi44ODMgNC4yNTQtLjQwNEw2LjUuMTEybDEuNjkgNC4wMSA0LjI1NC40MDQtMy4yMSAyLjg4Mi45NCA0LjI2eiIvPjwvc3ZnPg==" class="PZfbSE"/></div></span><span class="PvbNMB">(3,246)</span></div><div class="FIdGa1"><img height="21" src="//static-assets-web.flixcart.com/fk-p-linchpin-web/fk-cp-zion/img/fa_9e47c1.png"/></div><a class="fb4uj3" target="_blank" rel="noopener noreferrer" href="/lg-60-45-cm-24-inch-full-hd-ips-panel-3-side-borderless-display-tilt-able-stand-black-stabilizer-onscreen-control-ergo-design-monitor-24mr400-ba-ctrrmv/p/itm0e25cac2a60d6?pid=MONGW4N96FVHTT7C&amp;lid=LSTMONGW4N96FVHTT7CWTTVLC&amp;marketplace=FLIPKART&amp;q=LSTERGHP8HG8CJUABTGYQVQRS&amp;store=search.flipkart.com&amp;srno=s_1_36&amp;otracker=search&amp;fm=organic&amp;iid=fa1f4cda-67d0-4e3d-87da-8a18daff88ff.MONGW4N96FVHTT7C.SEARCH&amp;ppt=None&amp;ppn=None&amp;ssid=km2e65hgkg0000001790496364815&amp;qH=0330ad6eea85baab&amp;ov_redirect=true&amp;ov_redirect=true"><div class="QiMO5r"><div class="hZ3P6w">₹7,499</div><div class="kRYCnD">₹<!-- -->16,500</div><div class="HQe8jr"><span>54% off</span></div></div></a></div></div></div></div><div class="lvJbLV col-12-12"><div class="nZIRY7"><div data-id="MONFZFM6G2HHEJWS" style="width:25%"><div class="RGLWAk"><a class="GnxRXv" target="_blank" rel="noopener noreferrer" href="/zebster-46-99-cm-19-inch-full-hd-monitor-l22e-20zebsterhdmiledmonitor46-9c-m/p/itm3b0ffbb10468a?pid=MONFZFM6G2HHEJWS&amp;lid=LSTMONFZFM6G2HHEJWSRNGYNW&amp;marketplace=FLIPKART&amp;q=LSTERGHP8HG8CJUABTGYQVQRS&amp;store=search.flipkart.com&amp;srno=s_1_37&amp;otracker=search&amp;fm=organic&amp;iid=fa1f4cda-67d0-4e3d-87da-8a18daff88ff.MONFZFM6G2HHEJWS.SEARCH&amp;ppt=None&amp;ppn=None&amp;ssid=km2e65hgkg0000001790496364815&amp;qH=0330ad6eea85baab&amp;ov_redirect=true&amp;ov_redirect=true"><div><div><div class="lWX0_T" style="height:280px;width:200px"><img loading="eager" class="UCc1lI" alt="ZEBSTER 46.99 cm (19 inch) Full HD Monitor (L22e-20ZEBSTERHDMILEDMONITOR46.9C.M)" src="https://rukminim2.flixcart.com/image/612/612/kjhgzgw0-0/monitor/y/b/c/l22e-20zebsterhdmiledmonitor46-9c-m-l22e-20-zebster-original-imafzfm5byxa8tn9.jpeg?q=70"/></div></div></div><div class="SJekt1 bEnCjh"><div class="JiknFv"><svg xmlns="http://www.w3.org/2000/svg" class="rE8OAo" width="16" height="16" viewBox="0 0 20 16"><path d="M8.695 16.682C4.06 12.382 1 9.536 1 6.065 1 3.219 3.178 1 5.95 1c1.566 0 3.069.746 4.05 1.915C10.981 1.745 12.484 1 14.05 1 16.822 1 19 3.22 19 6.065c0 3.471-3.06 6.316-7.695 10.617L10 17.897l-1.305-1.215z" fill="#2874F0" class="JX9D2X" stroke="#FFF" fill-rule="evenodd" opacity=".9"></path></svg></div></div></a><a class="pIpigb" title="ZEBSTER 46.99 cm (19 inch) Full HD Monitor (L22e-20ZEBSTERHDMILEDMONITOR46.9C.M)" target="_blank" rel="noopener noreferrer" href="/zebster-46-99-cm-19-inch-full-hd-monitor-l22e-20zebsterhdmiledmonitor46-9c-m/p/itm3b0ffbb10468a?pid=MONFZFM6G2HHEJWS&amp;lid=LSTMONFZFM6G2HHEJWSRNGYNW&amp;marketplace=FLIPKART&amp;q=LSTERGHP8HG8CJUABTGYQVQRS&amp;store=search.flipkart.com&amp;srno=s_1_37&amp;otracker=search&amp;fm=organic&amp;iid=fa1f4cda-67d0-4e3d-87da-8a18daff88ff.MONFZFM6G2HHEJWS.SEARCH&amp;ppt=None&amp;ppn=None&amp;ssid=km2e65hgkg0000001790496364815&amp;qH=0330ad6eea85baab&amp;ov_redirect=true&amp;ov_redirect=true">ZEBSTER 46.99 cm (19 inch) Full HD Monitor (L22e-20ZEBS...</a><div class="U_GKRr">AMD Free Sync, Response Time: 8 ms, 60 Hz Refresh Rate</div><div class="a7saXW WDsrYC"><span id="productRating_LSTMONFZFM6G2HHEJWSRNGYNW_MONFZFM6G2HHEJWS_" class="CjyrHS"><div class="MKiFS6">3<img src="data:image/svg+xml;base64,PHN2ZyB4bWxucz0iaHR0cDovL3d3dy53My5vcmcvMjAwMC9zdmciIHdpZHRoPSIxMyIgaGVpZ2h0PSIxMiI+PHBhdGggZmlsbD0iI0ZGRiIgZD0iTTYuNSA5LjQzOWwtMy42NzQgMi4yMy45NC00LjI2LTMuMjEtMi44ODMgNC4yNTQtLjQwNEw2LjUuMTEybDEuNjkgNC4wMSA0LjI1NC40MDQtMy4yMSAyLjg4Mi45NCA0LjI2eiIvPjwvc3ZnPg==" class="PZfbSE"/></div></span><span class="PvbNMB">(24)</span></div><a class="fb4uj3" target="_blank" rel="noopener noreferrer" href="/zebster-46-99-cm-19-inch-full-hd-monitor-l22e-20zebsterhdmiledmonitor46-9c-m/p/itm3b0ffbb10468a?pid=MONFZFM6G2HHEJWS&amp;lid=LSTMONFZFM6G2HHEJWSRNGYNW&amp;marketplace=FLIPKART&amp;q=LSTERGHP8HG8CJUABTGYQVQRS&amp;store=search.flipkart.com&amp;srno=s_1_37&amp;otracker=search&amp;fm=organic&amp;iid=fa1f4cda-67d0-4e3d-87da-8a18daff88ff.MONFZFM6G2HHEJWS.SEARCH&amp;ppt=None&amp;ppn=None&amp;ssid=km2e65hgkg0000001790496364815&amp;qH=0330ad6eea85baab&amp;ov_redirect=true&amp;ov_redirect=true"><div class="QiMO5r"><div class="hZ3P6w">₹2,949</div><div class="kRYCnD">₹<!-- -->6,000</div><div class="HQe8jr"><span>50% off</span></div></div></a></div></div><div data-id="MONHGWFAXH9JVVVV" style="width:25%"><div class="RGLWAk"><a class="GnxRXv" target="_blank" rel="noopener noreferrer" href="/lenovo-l-series-60-5-cm-24-inch-full-hd-led-backlit-ips-panel-2x3w-speakers-99-srgb-1x-hdmi-1-4-vga-tilt-ultraslim-monitor-l24-4c/p/itm6e55ff15c372a?pid=MONHGWFAXH9JVVVV&amp;lid=LSTMONHGWFAXH9JVVVVIUNZ0V&amp;marketplace=FLIPKART&amp;q=LSTERGHP8HG8CJUABTGYQVQRS&amp;store=search.flipkart.com&amp;srno=s_1_38&amp;otracker=search&amp;fm=organic&amp;iid=fa1f4cda-67d0-4e3d-87da-8a18daff88ff.MONHGWFAXH9JVVVV.SEARCH&amp;ppt=None&amp;ppn=None&amp;ssid=km2e65hgkg0000001790496364815&amp;qH=0330ad6eea85baab&amp;ov_redirect=true&amp;ov_redirect=true"><div><div><div class="lWX0_T" style="height:280px;width:200px"><img loading="eager" class="UCc1lI" alt="Lenovo L Series 60.5 cm (24 inch) Full HD LED Backlit IPS Panel with 2x3W Speakers, 99%sRGB, 1x HDMI 1.4, 1x VGA, Tilt, Ultraslim Monitor (L24-4C)" src="https://rukminim2.flixcart.com/image/612/612/xif0q/monitor/7/j/0/-original-imahryuwecgej2ff.jpeg?q=70"/></div></div></div><div class="SJekt1 bEnCjh"><div class="JiknFv"><svg xmlns="http://www.w3.org/2000/svg" class="rE8OAo" width="16" height="16" viewBox="0 0 20 16"><path d="M8.695 16.682C4.06 12.382 1 9.536 1 6.065 1 3.219 3.178 1 5.95 1c1.566 0 3.069.746 4.05 1.915C10.981 1.745 12.484 1 14.05 1 16.822 1 19 3.22 19 6.065c0 3.471-3.06 6.316-7.695 10.617L10 17.897l-1.305-1.215z" fill="#2874F0" class="JX9D2X" stroke="#FFF" fill-rule="evenodd" opacity=".9"></path></svg></div></div></a><a class="pIpigb" title="Lenovo L Series 60.5 cm (24 inch) Full HD LED Backlit IPS Panel with 2x3W Speakers, 99%sRGB, 1x HDMI 1.4, 1x VGA, Tilt, Ultraslim Monitor (L24-4C)" target="_blank" rel="noopener noreferrer" href="/lenovo-l-series-60-5-cm-24-inch-full-hd-led-backlit-ips-panel-2x3w-speakers-99-srgb-1x-hdmi-1-4-vga-tilt-ultraslim-monitor-l24-4c/p/itm6e55ff15c372a?pid=MONHGWFAXH9JVVVV&amp;lid=LSTMONHGWFAXH9JVVVVIUNZ0V&amp;marketplace=FLIPKART&amp;q=LSTERGHP8HG8CJUABTGYQVQRS&amp;store=search.flipkart.com&amp;srno=s_1_38&amp;otracker=search&amp;fm=organic&amp;iid=fa1f4cda-67d0-4e3d-87da-8a18daff88ff.MONHGWFAXH9JVVVV.SEARCH&amp;ppt=None&amp;ppn=None&amp;ssid=km2e65hgkg0000001790496364815&amp;qH=0330ad6eea85baab&amp;ov_redirect=true&amp;ov_redirect=true">Lenovo L Series 60.5 cm (24 inch) Full HD LED Backlit I...</a><div class="U_GKRr">AMD Free Sync, Response Time: 1 ms, 144 Hz Refresh Rate</div><div class="a7saXW WDsrYC"><span id="productRating_LSTMONHGWFAXH9JVVVVIUNZ0V_MONHGWFAXH9JVVVV_" class="CjyrHS"><div class="MKiFS6">4.4<img src="data:image/svg+xml;base64,PHN2ZyB4bWxucz0iaHR0cDovL3d3dy53My5vcmcvMjAwMC9zdmciIHdpZHRoPSIxMyIgaGVpZ2h0PSIxMiI+PHBhdGggZmlsbD0iI0ZGRiIgZD0iTTYuNSA5LjQzOWwtMy42NzQgMi4yMy45NC00LjI2LTMuMjEtMi44ODMgNC4yNTQtLjQwNEw2LjUuMTEybDEuNjkgNC4wMSA0LjI1NC40MDQtMy4yMSAyLjg4Mi45NCA0LjI2eiIvPjwvc3ZnPg==" class="PZfbSE"/></div></span><span class="PvbNMB">(1,005)</span></div><div class="FIdGa1"><img height="21" src="//static-assets-web.flixcart.com/fk-p-linchpin-web/fk-cp-zion/img/fa_9e47c1.png"/></div><a class="fb4uj3" target="_blank" rel="noopener noreferrer" href="/lenovo-l-series-60-5-cm-24-inch-full-hd-led-backlit-ips-panel-2x3w-speakers-99-srgb-1x-hdmi-1-4-vga-tilt-ultraslim-monitor-l24-4c/p/itm6e55ff15c372a?pid=MONHGWFAXH9JVVVV&amp;lid=LSTMONHGWFAXH9JVVVVIUNZ0V&amp;marketplace=FLIPKART&amp;q=LSTERGHP8HG8CJUABTGYQVQRS&amp;store=search.flipkart.com&amp;srno=s_1_38&amp;otracker=search&amp;fm=organic&amp;iid=fa1f4cda-67d0-4e3d-87da-8a18daff88ff.MONHGWFAXH9JVVVV.SEARCH&amp;ppt=None&amp;ppn=None&amp;ssid=km2e65hgkg0000001790496364815&amp;qH=0330ad6eea85baab&amp;ov_redirect=true&amp;ov_redirect=true"><div class="QiMO5r"><div class="hZ3P6w">₹9,485</div><div class="kRYCnD">₹<!-- -->11,190</div><div class="HQe8jr"><span>15% off</span></div></div></a></div></div><div data-id="MONHKYY2WDZASH3A" style="width:25%"><div class="RGLWAk"><a class="GnxRXv" target="_blank" rel="noopener noreferrer" href="/lg-ultragear-series-80-0-cm-32-inch-curved-quad-hd-led-backlit-va-panel-3-side-virtually-borderless-anti-glare-amd-freesync-dp-hdmi-x-2-tilt-height-swivel-adjustable-gaming-monitor-32g600a-bn-ctrdmj/p/itme79106499bb2d?pid=MONHKYY2WDZASH3A&amp;lid=LSTMONHKYY2WDZASH3ASKGZDU&amp;marketplace=FLIPKART&amp;q=LSTERGHP8HG8CJUABTGYQVQRS&amp;store=search.flipkart.com&amp;srno=s_1_39&amp;otracker=search&amp;fm=organic&amp;iid=fa1f4cda-67d0-4e3d-87da-8a18daff88ff.MONHKYY2WDZASH3A.SEARCH&amp;ppt=None&amp;ppn=None&amp;ssid=km2e65hgkg0000001790496364815&amp;qH=0330ad6eea85baab&amp;ov_redirect=true&amp;ov_redirect=true"><div><div><div class="lWX0_T" style="height:280px;width:200px"><img loading="eager" class="UCc1lI" alt="LG UltraGear series 80.0 cm (32 inch) Curved Quad HD LED Backlit VA Panel with 3-Side Virtually Borderless, Anti-Glare, AMD FreeSync, DP, HDMI x 2, Tilt/Height/Swivel Adjustable Gaming Monitor (32G600A-BN.CTRDMJ)" src="https://rukminim2.flixcart.com/image/612/612/xif0q/monitor/y/c/9/-original-imahpq4qxtx6gfws.jpeg?q=70"/></div></div></div><div class="SJekt1 bEnCjh"><div class="JiknFv"><svg xmlns="http://www.w3.org/2000/svg" class="rE8OAo" width="16" height="16" viewBox="0 0 20 16"><path d="M8.695 16.682C4.06 12.382 1 9.536 1 6.065 1 3.219 3.178 1 5.95 1c1.566 0 3.069.746 4.05 1.915C10.981 1.745 12.484 1 14.05 1 16.822 1 19 3.22 19 6.065c0 3.471-3.06 6.316-7.695 10.617L10 17.897l-1.305-1.215z" fill="#2874F0" class="JX9D2X" stroke="#FFF" fill-rule="evenodd" opacity=".9"></path></svg></div></div></a><a class="pIpigb" title="LG UltraGear series 80.0 cm (32 inch) Curved Quad HD LED Backlit VA Panel with 3-Side Virtually Borderless, Anti-Glare, AMD FreeSync, DP, HDMI x 2, Tilt/Height/Swivel Adjustable Gaming Monitor (32G600A-BN.CTRDMJ)" target="_blank" rel="noopener noreferrer" href="/lg-ultragear-series-80-0-cm-32-inch-curved-quad-hd-led-backlit-va-panel-3-side-virtually-borderless-anti-glare-amd-freesync-dp-hdmi-x-2-tilt-height-swivel-adjustable-gaming-monitor-32g600a-bn-ctrdmj/p/itme79106499bb2d?pid=MONHKYY2WDZASH3A&amp;lid=LSTMONHKYY2WDZASH3ASKGZDU&amp;marketplace=FLIPKART&amp;q=LSTERGHP8HG8CJUABTGYQVQRS&amp;store=search.flipkart.com&amp;srno=s_1_39&amp;otracker=search&amp;fm=organic&amp;iid=fa1f4cda-67d0-4e3d-87da-8a18daff88ff.MONHKYY2WDZASH3A.SEARCH&amp;ppt=None&amp;ppn=None&amp;ssid=km2e65hgkg0000001790496364815&amp;qH=0330ad6eea85baab&amp;ov_redirect=true&amp;ov_redirect=true">LG UltraGear series 80.0 cm (32 inch) Curved Quad HD LE...</a><div class="U_GKRr">Response Time: 1 ms, 180 Hz Refresh Rate</div><div class="a7saXW WDsrYC"><span id="productRating_LSTMONHKYY2WDZASH3ASKGZDU_MONHKYY2WDZASH3A_" class="CjyrHS"><div class="MKiFS6">4.7<img src="data:image/svg+xml;base64,PHN2ZyB4bWxucz0iaHR0cDovL3d3dy53My5vcmcvMjAwMC9zdmciIHdpZHRoPSIxMyIgaGVpZ2h0PSIxMiI+PHBhdGggZmlsbD0iI0ZGRiIgZD0iTTYuNSA5LjQzOWwtMy42NzQgMi4yMy45NC00LjI2LTMuMjEtMi44ODMgNC4yNTQtLjQwNEw2LjUuMTEybDEuNjkgNC4wMSA0LjI1NC40MDQtMy4yMSAyLjg4Mi45NCA0LjI2eiIvPjwvc3ZnPg==" class="PZfbSE"/></div></span><span class="PvbNMB">(7)</span></div><a class="fb4uj3" target="_blank" rel="noopener noreferrer" href="/lg-ultragear-series-80-0-cm-32-inch-curved-quad-hd-led-backlit-va-panel-3-side-virtually-borderless-anti-glare-amd-freesync-dp-hdmi-x-2-tilt-height-swivel-adjustable-gaming-monitor-32g600a-bn-ctrdmj/p/itme79106499bb2d?pid=MONHKYY2WDZASH3A&amp;lid=LSTMONHKYY2WDZASH3ASKGZDU&amp;marketplace=FLIPKART&amp;q=LSTERGHP8HG8CJUABTGYQVQRS&amp;store=search.flipkart.com&amp;srno=s_1_39&amp;otracker=search&amp;fm=organic&amp;iid=fa1f4cda-67d0-4e3d-87da-8a18daff88ff.MONHKYY2WDZASH3A.SEARCH&amp;ppt=None&amp;ppn=None&amp;ssid=km2e65hgkg0000001790496364815&amp;qH=0330ad6eea85baab&amp;ov_redirect=true&amp;ov_redirect=true"><div class="QiMO5r"><div class="hZ3P6w">₹21,499</div><div class="kRYCnD">₹<!-- -->36,500</div><div class="HQe8jr"><span>41% off</span></div></div></a></div></div><div data-id="AIOHQMRYHCMBSFR7" style="width:25%"><div class="RGLWAk"><a class="GnxRXv" target="_blank" rel="noopener noreferrer" href="/gogatech-6th-gen-core-i3-6th-gen-8-gb-ddr4-500-gb-512-ssd-windows-11-home-integrated-graphics-only-19-inch-screen-goga-tech02-ms-office/p/itmf4415ac66987c?pid=AIOHQMRYHCMBSFR7&amp;lid=LSTAIOHQMRYHCMBSFR7OOGWOQ&amp;marketplace=FLIPKART&amp;q=LSTERGHP8HG8CJUABTGYQVQRS&amp;store=search.flipkart.com&amp;srno=s_1_40&amp;otracker=search&amp;fm=organic&amp;iid=fa1f4cda-67d0-4e3d-87da-8a18daff88ff.AIOHQMRYHCMBSFR7.SEARCH&amp;ppt=None&amp;ppn=None&amp;ssid=km2e65hgkg0000001790496364815&amp;qH=0330ad6eea85baab&amp;ov_redirect=true&amp;ov_redirect=true"><div><div><div class="lWX0_T" style="height:280px;width:200px"><img loading="eager" class="UCc1lI" alt="GogaTech 6TH GEN. Core i3 (6th Gen) (8 GB DDR4/500 GB/512 GB SSD/Windows 11 Home/Integrated Graphics Only./19 Inch Screen/Goga Tech02) with MS Office" src="https://rukminim2.flixcart.com/image/612/612/xif0q/allinone-desktop/n/q/4/assembled-desktop-gogatech-original-imahqrzugchefes5.jpeg?q=70"/></div></div></div><div class="SJekt1 bEnCjh"><div class="JiknFv"><svg xmlns="http://www.w3.org/2000/svg" class="rE8OAo" width="16" height="16" viewBox="0 0 20 16"><path d="M8.695 16.682C4.06 12.382 1 9.536 1 6.065 1 3.219 3.178 1 5.95 1c1.566 0 3.069.746 4.05 1.915C10.981 1.745 12.484 1 14.05 1 16.822 1 19 3.22 19 6.065c0 3.471-3.06 6.316-7.695 10.617L10 17.897l-1.305-1.215z" fill="#2874F0" class="JX9D2X" stroke="#FFF" fill-rule="evenodd" opacity=".9"></path></svg></div></div></a><a class="pIpigb" title="GogaTech 6TH GEN. Core i3 (6th Gen) (8 GB DDR4/500 GB/512 GB SSD/Windows 11 Home/Integrated Graphics Only./19 Inch Screen/Goga Tech02) with MS Office" target="_blank" rel="noopener noreferrer" href="/gogatech-6th-gen-core-i3-6th-gen-8-gb-ddr4-500-gb-512-ssd-windows-11-home-integrated-graphics-only-19-inch-screen-goga-tech02-ms-office/p/itmf4415ac66987c?pid=AIOHQMRYHCMBSFR7&amp;lid=LSTAIOHQMRYHCMBSFR7OOGWOQ&amp;marketplace=FLIPKART&amp;q=LSTERGHP8HG8CJUABTGYQVQRS&amp;store=search.flipkart.com&amp;srno=s_1_40&amp;otracker=search&amp;fm=organic&amp;iid=fa1f4cda-67d0-4e3d-87da-8a18daff88ff.AIOHQMRYHCMBSFR7.SEARCH&amp;ppt=None&amp;ppn=None&amp;ssid=km2e65hgkg0000001790496364815&amp;qH=0330ad6eea85baab&amp;ov_redirect=true&amp;ov_redirect=true">GogaTech 6TH GEN. Core i3 (6th Gen) (8 GB DDR4/500 GB/5...</a><div class="U_GKRr">Black, 3.22 cm x 45.5 cm x 3.99 cm, 4.5 kg</div><a class="fb4uj3" target="_blank" rel="noopener noreferrer" href="/gogatech-6th-gen-core-i3-6th-gen-8-gb-ddr4-500-gb-512-ssd-windows-11-home-integrated-graphics-only-19-inch-screen-goga-tech02-ms-office/p/itmf4415ac66987c?pid=AIOHQMRYHCMBSFR7&amp;lid=LSTAIOHQMRYHCMBSFR7OOGWOQ&amp;marketplace=FLIPKART&amp;q=LSTERGHP8HG8CJUABTGYQVQRS&amp;store=search.flipkart.com&amp;srno=s_1_40&amp;otracker=search&amp;fm=organic&amp;iid=fa1f4cda-67d0-4e3d-87da-8a18daff88ff.AIOHQMRYHCMBSFR7.SEARCH&amp;ppt=None&amp;ppn=None&amp;ssid=km2e65hgkg0000001790496364815&amp;qH=0330ad6eea85baab&amp;ov_redirect=true&amp;ov_redirect=true"><div class="QiMO5r"><div class="hZ3P6w">₹31,299</div><div class="kRYCnD">₹<!-- -->62,500</div><div class="HQe8jr"><span>49% off</span></div></div></a><div class="MaiFhH"><div class="hx1EGN"><div class="HZ0E6r Rm9_cy" style="color:#C70055;font-size:12px;font-weight:700">Only few left</div></div></div><div class="t2K9pO"><div class="ruPvob"><div class="FJ7IAS"><span class="ZhHnSZ"><label class="BMOCJ3"><input type="checkbox" class="UXWKAE" readonly=""/><div class="ybaCDx"></div></label></span><label class="fU6cHR"><span>Add to Compare</span></label></div></div></div></div></div></div></div><div class="lvJbLV col-12-12"><div><div class="FF6GgS"><span>Page 1 of 87</span><nav class="iu0OAI"><a class="i2eZXn paN7Fu" href="/search?q=LSTERGHP8HG8CJUABTGYQVQRS&amp;page=1">1</a><a class="i2eZXn" href="/search?q=LSTERGHP8HG8CJUABTGYQVQRS&amp;page=2">2</a><a class="i2eZXn" href="/search?q=LSTERGHP8HG8CJUABTGYQVQRS&amp;page=3">3</a><a class="i2eZXn" href="/search?q=LSTERGHP8HG8CJUABTGYQVQRS&amp;page=4">4</a><a class="i2eZXn" href="/search?q=LSTERGHP8HG8CJUABTGYQVQRS&amp;page=5">5</a><a class="i2eZXn" href="/search?q=LSTERGHP8HG8CJUABTGYQVQRS&amp;page=6">6</a><a class="i2eZXn" href="/search?q=LSTERGHP8HG8CJUABTGYQVQRS&amp;page=7">7</a><a class="i2eZXn" href="/search?q=LSTERGHP8HG8CJUABTGYQVQRS&amp;page=8">8</a><a class="i2eZXn" href="/search?q=LSTERGHP8HG8CJUABTGYQVQRS&amp;page=9">9</a><a class="i2eZXn" href="/search?q=LSTERGHP8HG8CJUABTGYQVQRS&amp;page=10">10</a><a class="jgg0SZ" href="/search?q=LSTERGHP8HG8CJUABTGYQVQRS&amp;page=2"><span>Next</span></a></nav><span class="yxRmTR"></span></div></div></div><div class="lvJbLV col-12-12" style="margin:10px 0px 0px 0px"><div class="WVH6Jb"><span class="hc3u9s">Did you find what you were looking for?</span><div class="NrWeGL g2s8e6"><span class="P6xg17 c4g4fb">Yes</span><span class="P6xg17 c4g4fb">No</span></div></div></div></div></div><div class="lvJbLV col-12-12" style="padding:16px 0px 0px 0px"><div class="IKaoWD IYf0Ck row"><div class="IApOem">Reviews for Popular All Categories</div><div class="s0NCCf"><div class="jsfZz_"><div class="V2myCW"><div class="lWX0_T" style="height:150px;width:150px"><img loading="lazy" class="UCc1lI" alt="LG 46.99 cm (19 inch) HD LED Backlit TN Panel Monitor (19M38HB-B.BTRS)" src="https://rukminim2.flixcart.com/image/300/300/xif0q/monitor/z/k/a/-original-imagpu2tdgyjnrxu.jpeg?q=90"/></div></div><div class="RXXLF0"><a target="_blank" rel="noopener noreferrer" href="/lg-46-99-cm-19-inch-hd-led-backlit-tn-panel-monitor-19m38hb-b-btrs/p/itmeuchf5jfmqw8x?pid=MONF4WBNPAADGXQV&amp;marketplace=FLIPKART&amp;ov_redirect=true"><div class="TbCaMn"><div>1. LG 46.99 cm (19 inch) HD LE...</div></div><div class="AEA7wv"><div class="MKiFS6">4.2<img src="data:image/svg+xml;base64,PHN2ZyB4bWxucz0iaHR0cDovL3d3dy53My5vcmcvMjAwMC9zdmciIHdpZHRoPSIxMyIgaGVpZ2h0PSIxMiI+PHBhdGggZmlsbD0iI0ZGRiIgZD0iTTYuNSA5LjQzOWwtMy42NzQgMi4yMy45NC00LjI2LTMuMjEtMi44ODMgNC4yNTQtLjQwNEw2LjUuMTEybDEuNjkgNC4wMSA0LjI1NC40MDQtMy4yMSAyLjg4Mi45NCA0LjI2eiIvPjwvc3ZnPg==" class="PZfbSE"/></div><span class="EZaE0Q"><span>1,527 Ratings</span><span><span class="mrWsIr">&amp;</span><span>208 Reviews</span></span></span></div><div class="EAqCto"><div class="QiMO5r"><div class="hZ3P6w KTtanE">₹6,299</div><div class="HQe8jr cEBXHx"><span>21% off</span></div></div></div></a><ul class="RwWoW4"><li class="zZU3rG">Panel Type: TN Panel</li><li class="zZU3rG">Screen Resolution Type: HD</li><li class="zZU3rG">VGA Support | HDMI</li></ul></div></div><div class="sXs98a"><div class="MyLIH9">Most Helpful Review</div><div class="col"><div class="col x_CUu6 i6yOcs"><div class="row"><div class="MKiFS6 ojKpP6">5<img src="data:image/svg+xml;base64,PHN2ZyB4bWxucz0iaHR0cDovL3d3dy53My5vcmcvMjAwMC9zdmciIHdpZHRoPSIxMyIgaGVpZ2h0PSIxMiI+PHBhdGggZmlsbD0iI0ZGRiIgZD0iTTYuNSA5LjQzOWwtMy42NzQgMi4yMy45NC00LjI2LTMuMjEtMi44ODMgNC4yNTQtLjQwNEw2LjUuMTEybDEuNjkgNC4wMSA0LjI1NC40MDQtMy4yMSAyLjg4Mi45NCA0LjI2eiIvPjwvc3ZnPg==" class="PZfbSE"/></div><p class="qW2QI1">Perfect product!</p></div><div class="row"><div class="G4PxIA"><div><div class="">Very nice and useful monitor</div><span class="kXosBy"><span>Read full review</span></span></div></div></div><div class="row f6dnIR"><div class="row"><p class="zJ1ZGa ZDi3w2">Ajay  Kumar</p><svg width="14" height="14" viewBox="0 0 12 12" xmlns="http://www.w3.org/2000/svg" class="m0AJbz"><g><circle cx="6" cy="6" r="6" fill="#878787"></circle><path stroke="#FFF" stroke-width="1.5" d="M3 6l2 2 4-4" fill="#878787"></path></g></svg><p id="review-ab9dadb5-b93d-4801-8c68-5026ab8a60bb" class="Zhmv6U"><span>Certified Buyer</span></p><p class="zJ1ZGa">Feb, 2020</p></div></div></div></div></div><div class="sXs98a"><div class="MyLIH9">Recent Review</div><div class="col"><div class="col x_CUu6 i6yOcs"><div class="row"><div class="MKiFS6 ojKpP6">4<img src="data:image/svg+xml;base64,PHN2ZyB4bWxucz0iaHR0cDovL3d3dy53My5vcmcvMjAwMC9zdmciIHdpZHRoPSIxMyIgaGVpZ2h0PSIxMiI+PHBhdGggZmlsbD0iI0ZGRiIgZD0iTTYuNSA5LjQzOWwtMy42NzQgMi4yMy45NC00LjI2LTMuMjEtMi44ODMgNC4yNTQtLjQwNEw2LjUuMTEybDEuNjkgNC4wMSA0LjI1NC40MDQtMy4yMSAyLjg4Mi45NCA0LjI2eiIvPjwvc3ZnPg==" class="PZfbSE"/></div><p class="qW2QI1">Value-for-money</p></div><div class="row"><div class="G4PxIA"><div><div class="">Okay okay monitor for regular office work. Better options available though</div><span class="kXosBy"><span>Read full review</span></span></div></div></div><div class="row f6dnIR"><div class="row"><p class="zJ1ZGa ZDi3w2">Yash Mhadgut</p><svg width="14" height="14" viewBox="0 0 12 12" xmlns="http://www.w3.org/2000/svg" class="m0AJbz"><g><circle cx="6" cy="6" r="6" fill="#878787"></circle><path stroke="#FFF" stroke-width="1.5" d="M3 6l2 2 4-4" fill="#878787"></path></g></svg><p id="review-5d4110d0-e120-4885-ada9-fc3bedf74513" class="Zhmv6U"><span>Certified Buyer</span></p><p class="zJ1ZGa">6 months ago</p></div></div></div></div></div></div><div class="s0NCCf"><div class="jsfZz_"><div class="V2myCW"><div class="lWX0_T" style="height:150px;width:150px"><img loading="lazy" class="UCc1lI" alt="ZEBSTER 46.99 cm (19 inch) Full HD Monitor (L22e-20ZEBSTERHDMILEDMONITOR46.9C.M)" src="https://rukminim2.flixcart.com/image/300/300/kjhgzgw0-0/monitor/y/b/c/l22e-20zebsterhdmiledmonitor46-9c-m-l22e-20-zebster-original-imafzfm5byxa8tn9.jpeg?q=90"/></div></div><div class="RXXLF0"><a target="_blank" rel="noopener noreferrer" href="/zebster-46-99-cm-19-inch-full-hd-monitor-l22e-20zebsterhdmiledmonitor46-9c-m/p/itm3b0ffbb10468a?pid=MONFZFM6G2HHEJWS&amp;marketplace=FLIPKART&amp;ov_redirect=true"><div class="TbCaMn"><div>2. ZEBSTER 46.99 cm (19 inch) ...</div></div><div class="AEA7wv"><div class="MKiFS6">3<img src="data:image/svg+xml;base64,PHN2ZyB4bWxucz0iaHR0cDovL3d3dy53My5vcmcvMjAwMC9zdmciIHdpZHRoPSIxMyIgaGVpZ2h0PSIxMiI+PHBhdGggZmlsbD0iI0ZGRiIgZD0iTTYuNSA5LjQzOWwtMy42NzQgMi4yMy45NC00LjI2LTMuMjEtMi44ODMgNC4yNTQtLjQwNEw2LjUuMTEybDEuNjkgNC4wMSA0LjI1NC40MDQtMy4yMSAyLjg4Mi45NCA0LjI2eiIvPjwvc3ZnPg==" class="PZfbSE"/></div><span class="EZaE0Q"><span>24 Ratings</span><span><span class="mrWsIr">&amp;</span><span>1 Reviews</span></span></span></div><div class="EAqCto"><div class="QiMO5r"><div class="hZ3P6w KTtanE">₹2,949</div><div class="HQe8jr cEBXHx"><span>50% off</span></div></div></div></a><ul class="RwWoW4"><li class="zZU3rG">Screen Resolution Type: Full HD</li><li class="zZU3rG">Brightness: 220 nits</li><li class="zZU3rG">Response Time: 8 ms | Refresh Rate: 60 Hz</li></ul></div></div><div class="sXs98a"><div class="MyLIH9">Most Helpful Review</div><div class="col"><div class="col x_CUu6 i6yOcs"><div class="row"><div class="MKiFS6 ojKpP6">4<img src="data:image/svg+xml;base64,PHN2ZyB4bWxucz0iaHR0cDovL3d3dy53My5vcmcvMjAwMC9zdmciIHdpZHRoPSIxMyIgaGVpZ2h0PSIxMiI+PHBhdGggZmlsbD0iI0ZGRiIgZD0iTTYuNSA5LjQzOWwtMy42NzQgMi4yMy45NC00LjI2LTMuMjEtMi44ODMgNC4yNTQtLjQwNEw2LjUuMTEybDEuNjkgNC4wMSA0LjI1NC40MDQtMy4yMSAyLjg4Mi45NCA0LjI2eiIvPjwvc3ZnPg==" class="PZfbSE"/></div><p class="qW2QI1">Delightful</p></div><div class="row"><div class="G4PxIA"><div><div class="">Good in qu</div><span class="kXosBy"><span>Read full review</span></span></div></div></div><div class="row f6dnIR"><div class="row"><p class="zJ1ZGa ZDi3w2">Rahul  Agarwal </p><svg width="14" height="14" viewBox="0 0 12 12" xmlns="http://www.w3.org/2000/svg" class="m0AJbz"><g><circle cx="6" cy="6" r="6" fill="#878787"></circle><path stroke="#FFF" stroke-width="1.5" d="M3 6l2 2 4-4" fill="#878787"></path></g></svg><p id="review-b98cf620-557d-47ac-89e6-54e0b4f4ef6f" class="Zhmv6U"><span>Certified Buyer</span></p><p class="zJ1ZGa">7 months ago</p></div></div></div></div></div><div class="sXs98a"><div class="MyLIH9">Recent Review</div><div class="col"><div class="col x_CUu6 i6yOcs"><div class="row"><div class="MKiFS6 ojKpP6">4<img src="data:image/svg+xml;base64,PHN2ZyB4bWxucz0iaHR0cDovL3d3dy53My5vcmcvMjAwMC9zdmciIHdpZHRoPSIxMyIgaGVpZ2h0PSIxMiI+PHBhdGggZmlsbD0iI0ZGRiIgZD0iTTYuNSA5LjQzOWwtMy42NzQgMi4yMy45NC00LjI2LTMuMjEtMi44ODMgNC4yNTQtLjQwNEw2LjUuMTEybDEuNjkgNC4wMSA0LjI1NC40MDQtMy4yMSAyLjg4Mi45NCA0LjI2eiIvPjwvc3ZnPg==" class="PZfbSE"/></div><p class="qW2QI1">Delightful</p></div><div class="row"><div class="G4PxIA"><div><div class="">Good in qu</div><span class="kXosBy"><span>Read full review</span></span></div></div></div><div class="row f6dnIR"><div class="row"><p class="zJ1ZGa ZDi3w2">Rahul  Agarwal </p><svg width="14" height="14" viewBox="0 0 12 12" xmlns="http://www.w3.org/2000/svg" class="m0AJbz"><g><circle cx="6" cy="6" r="6" fill="#878787"></circle><path stroke="#FFF" stroke-width="1.5" d="M3 6l2 2 4-4" fill="#878787"></path></g></svg><p id="review-b98cf620-557d-47ac-89e6-54e0b4f4ef6f" class="Zhmv6U"><span>Certified Buyer</span></p><p class="zJ1ZGa">7 months ago</p></div></div></div></div></div></div><div class="s0NCCf"><div class="jsfZz_"><div class="V2myCW"><div class="lWX0_T" style="height:150px;width:150px"><img loading="lazy" class="UCc1lI" alt="Starcool PC Intel Core i5-2320 Core i5 (8 GB DDR3/128 GB SSD/Windows 11 Home/18.5 Inch Screen/i5-8GB-128GB-19 Inch) with MS Office" src="https://rukminim2.flixcart.com/image/300/300/xif0q/desktop-computer/n/t/a/0-core-i5-2400-8gb-1tb-128gb-zebronics-original-imah9ka9jntjnbz9.jpeg?q=90"/></div></div><div class="RXXLF0"><a target="_blank" rel="noopener noreferrer" href="/starcool-pc-intel-core-i5-2320-i5-8-gb-ddr3-128-ssd-windows-11-home-18-5-inch-screen-i5-8gb-128gb-19-inch-ms-office/p/itm27904b4e21e76?pid=AIOH76NCZUYCBTHC&amp;marketplace=FLIPKART&amp;ov_redirect=true"><div class="TbCaMn"><div>3. Starcool PC Intel Core i5-2...</div></div><div class="AEA7wv"><div class="MKiFS6">3.7<img src="data:image/svg+xml;base64,PHN2ZyB4bWxucz0iaHR0cDovL3d3dy53My5vcmcvMjAwMC9zdmciIHdpZHRoPSIxMyIgaGVpZ2h0PSIxMiI+PHBhdGggZmlsbD0iI0ZGRiIgZD0iTTYuNSA5LjQzOWwtMy42NzQgMi4yMy45NC00LjI2LTMuMjEtMi44ODMgNC4yNTQtLjQwNEw2LjUuMTEybDEuNjkgNC4wMSA0LjI1NC40MDQtMy4yMSAyLjg4Mi45NCA0LjI2eiIvPjwvc3ZnPg==" class="PZfbSE"/></div><span class="EZaE0Q"><span>16 Ratings</span><span><span class="mrWsIr">&amp;</span><span>3 Reviews</span></span></span></div><div class="EAqCto"><div class="QiMO5r"><div class="hZ3P6w KTtanE">₹11,942</div><div class="HQe8jr cEBXHx"><span>62% off</span></div></div></div></a><ul class="RwWoW4"><li class="zZU3rG">Windows 11 Home</li><li class="zZU3rG">Intel Core i5</li><li class="zZU3rG">RAM 8 GB DDR3</li></ul></div></div><div class="sXs98a"><div class="MyLIH9">Most Helpful Review</div><div class="col"><div class="col x_CUu6 i6yOcs"><div class="row"><div class="MKiFS6 aOVv6M ojKpP6">2<img src="data:image/svg+xml;base64,PHN2ZyB4bWxucz0iaHR0cDovL3d3dy53My5vcmcvMjAwMC9zdmciIHdpZHRoPSIxMyIgaGVpZ2h0PSIxMiI+PHBhdGggZmlsbD0iI0ZGRiIgZD0iTTYuNSA5LjQzOWwtMy42NzQgMi4yMy45NC00LjI2LTMuMjEtMi44ODMgNC4yNTQtLjQwNEw2LjUuMTEybDEuNjkgNC4wMSA0LjI1NC40MDQtMy4yMSAyLjg4Mi45NCA0LjI2eiIvPjwvc3ZnPg==" class="PZfbSE"/></div><p class="qW2QI1">Not good</p></div><div class="row"><div class="G4PxIA"><div><div class="">Key board is not working and mouse power cable also not working worst👎👎👎👎 bro don't buy it</div><span class="kXosBy"><span>Read full review</span></span></div></div></div><div class="row f6dnIR"><div class="row"><p class="zJ1ZGa ZDi3w2">CHINTHALA DASARADH</p><svg width="14" height="14" viewBox="0 0 12 12" xmlns="http://www.w3.org/2000/svg" class="m0AJbz"><g><circle cx="6" cy="6" r="6" fill="#878787"></circle><path stroke="#FFF" stroke-width="1.5" d="M3 6l2 2 4-4" fill="#878787"></path></g></svg><p id="review-5119435e-34a0-4afd-b86f-c3d3141dad41" class="Zhmv6U"><span>Certified Buyer</span></p><p class="zJ1ZGa">Feb, 2025</p></div></div></div></div></div><div class="sXs98a"><div class="MyLIH9">Recent Review</div><div class="col"><div class="col x_CUu6 i6yOcs"><div class="row"><div class="MKiFS6 aOVv6M ojKpP6">2<img src="data:image/svg+xml;base64,PHN2ZyB4bWxucz0iaHR0cDovL3d3dy53My5vcmcvMjAwMC9zdmciIHdpZHRoPSIxMyIgaGVpZ2h0PSIxMiI+PHBhdGggZmlsbD0iI0ZGRiIgZD0iTTYuNSA5LjQzOWwtMy42NzQgMi4yMy45NC00LjI2LTMuMjEtMi44ODMgNC4yNTQtLjQwNEw2LjUuMTEybDEuNjkgNC4wMSA0LjI1NC40MDQtMy4yMSAyLjg4Mi45NCA0LjI2eiIvPjwvc3ZnPg==" class="PZfbSE"/></div><p class="qW2QI1">Not good</p></div><div class="row"><div class="G4PxIA"><div><div class="">Key board is not working and mouse power cable also not working worst👎👎👎👎 bro don't buy it</div><span class="kXosBy"><span>Read full review</span></span></div></div></div><div class="row f6dnIR"><div class="row"><p class="zJ1ZGa ZDi3w2">CHINTHALA DASARADH</p><svg width="14" height="14" viewBox="0 0 12 12" xmlns="http://www.w3.org/2000/svg" class="m0AJbz"><g><circle cx="6" cy="6" r="6" fill="#878787"></circle><path stroke="#FFF" stroke-width="1.5" d="M3 6l2 2 4-4" fill="#878787"></path></g></svg><p id="review-5119435e-34a0-4afd-b86f-c3d3141dad41" class="Zhmv6U"><span>Certified Buyer</span></p><p class="zJ1ZGa">Feb, 2025</p></div></div></div></div></div></div><div class="s0NCCf"><div class="jsfZz_"><div class="V2myCW"><div class="lWX0_T" style="height:150px;width:150px"><img loading="lazy" class="UCc1lI" alt="ZEBSTER Z-E19 46.99 cm (19 inch) HD LED Backlit TN Panel Monitor (Z-E19HD LED)" src="https://rukminim2.flixcart.com/image/300/300/xif0q/monitor/1/m/7/zeb-v19hd-led-hd-18-5-2021-is13252-zebster-original-imahffzcghp9zyxz.jpeg?q=90"/></div></div><div class="RXXLF0"><a target="_blank" rel="noopener noreferrer" href="/zebster-z-e19-46-99-cm-19-inch-hd-led-backlit-tn-panel-monitor-z-e19hd-led/p/itm3b0ffbb10468a?pid=MONHF9KFQFBYHUVQ&amp;marketplace=FLIPKART&amp;ov_redirect=true"><div class="TbCaMn"><div>4. ZEBSTER Z-E19 46.99 cm (19 ...</div></div><div class="AEA7wv"><div class="MKiFS6">3.3<img src="data:image/svg+xml;base64,PHN2ZyB4bWxucz0iaHR0cDovL3d3dy53My5vcmcvMjAwMC9zdmciIHdpZHRoPSIxMyIgaGVpZ2h0PSIxMiI+PHBhdGggZmlsbD0iI0ZGRiIgZD0iTTYuNSA5LjQzOWwtMy42NzQgMi4yMy45NC00LjI2LTMuMjEtMi44ODMgNC4yNTQtLjQwNEw2LjUuMTEybDEuNjkgNC4wMSA0LjI1NC40MDQtMy4yMSAyLjg4Mi45NCA0LjI2eiIvPjwvc3ZnPg==" class="PZfbSE"/></div><span class="EZaE0Q"><span>12 Ratings</span><span><span class="mrWsIr">&amp;</span><span>1 Reviews</span></span></span></div><div class="EAqCto"><div class="QiMO5r"><div class="hZ3P6w KTtanE">₹2,999</div><div class="HQe8jr cEBXHx"><span>50% off</span></div></div></div></a><ul class="RwWoW4"><li class="zZU3rG">Panel Type: TN Panel</li><li class="zZU3rG">Screen Resolution Type: HD</li><li class="zZU3rG">VGA Support | HDMI</li></ul></div></div><div class="sXs98a"><div class="MyLIH9">Most Helpful Review</div><div class="col"><div class="col x_CUu6 i6yOcs"><div class="row"><div class="MKiFS6 ojKpP6">4<img src="data:image/svg+xml;base64,PHN2ZyB4bWxucz0iaHR0cDovL3d3dy53My5vcmcvMjAwMC9zdmciIHdpZHRoPSIxMyIgaGVpZ2h0PSIxMiI+PHBhdGggZmlsbD0iI0ZGRiIgZD0iTTYuNSA5LjQzOWwtMy42NzQgMi4yMy45NC00LjI2LTMuMjEtMi44ODMgNC4yNTQtLjQwNEw2LjUuMTEybDEuNjkgNC4wMSA0LjI1NC40MDQtMy4yMSAyLjg4Mi45NCA0LjI2eiIvPjwvc3ZnPg==" class="PZfbSE"/></div><p class="qW2QI1">Pretty good</p></div><div class="row"><div class="G4PxIA"><div><div class="">this is very good product</div><span class="kXosBy"><span>Read full review</span></span></div></div></div><div class="row f6dnIR"><div class="row"><p class="zJ1ZGa ZDi3w2">Gopal Bhondva</p><svg width="14" height="14" viewBox="0 0 12 12" xmlns="http://www.w3.org/2000/svg" class="m0AJbz"><g><circle cx="6" cy="6" r="6" fill="#878787"></circle><path stroke="#FFF" stroke-width="1.5" d="M3 6l2 2 4-4" fill="#878787"></path></g></svg><p id="review-c2f00b66-3e15-471d-9fbf-753c3ec50257" class="Zhmv6U"><span>Certified Buyer</span></p><p class="zJ1ZGa">Jul, 2025</p></div></div></div></div></div><div class="sXs98a"><div class="MyLIH9">Recent Review</div><div class="col"><div class="col x_CUu6 i6yOcs"><div class="row"><div class="MKiFS6 ojKpP6">4<img src="data:image/svg+xml;base64,PHN2ZyB4bWxucz0iaHR0cDovL3d3dy53My5vcmcvMjAwMC9zdmciIHdpZHRoPSIxMyIgaGVpZ2h0PSIxMiI+PHBhdGggZmlsbD0iI0ZGRiIgZD0iTTYuNSA5LjQzOWwtMy42NzQgMi4yMy45NC00LjI2LTMuMjEtMi44ODMgNC4yNTQtLjQwNEw2LjUuMTEybDEuNjkgNC4wMSA0LjI1NC40MDQtMy4yMSAyLjg4Mi45NCA0LjI2eiIvPjwvc3ZnPg==" class="PZfbSE"/></div><p class="qW2QI1">Pretty good</p></div><div class="row"><div class="G4PxIA"><div><div class="">this is very good product</div><span class="kXosBy"><span>Read full review</span></span></div></div></div><div class="row f6dnIR"><div class="row"><p class="zJ1ZGa ZDi3w2">Gopal Bhondva</p><svg width="14" height="14" viewBox="0 0 12 12" xmlns="http://www.w3.org/2000/svg" class="m0AJbz"><g><circle cx="6" cy="6" r="6" fill="#878787"></circle><path stroke="#FFF" stroke-width="1.5" d="M3 6l2 2 4-4" fill="#878787"></path></g></svg><p id="review-c2f00b66-3e15-471d-9fbf-753c3ec50257" class="Zhmv6U"><span>Certified Buyer</span></p><p class="zJ1ZGa">Jul, 2025</p></div></div></div></div></div></div><div class="s0NCCf"><div class="jsfZz_"><div class="V2myCW"><div class="lWX0_T" style="height:150px;width:150px"><img loading="lazy" class="UCc1lI" alt="Project IGI God Of war 8 In 1 Combo Pc Game Download (Offline only) Full Games Complete Edition" src="https://rukminim2.flixcart.com/image/300/300/xif0q/physical-game/n/c/1/no-complete-edition-2cap-god-of-war-project-igi-8-in-1-combo-pc-original-imagpy3ybfg6byju.jpeg?q=90"/></div></div><div class="RXXLF0"><a target="_blank" rel="noopener noreferrer" href="/project-igi-god-war-8-1-combo-pc-game-download-offline-only-full-games-complete/p/itm681fa2f877461?pid=CGEHAY4NGT8DFSC8&amp;marketplace=FLIPKART&amp;ov_redirect=true"><div class="TbCaMn"><div>5. Project IGI God Of war 8 In...</div></div><div class="AEA7wv"><div class="MKiFS6">3<img src="data:image/svg+xml;base64,PHN2ZyB4bWxucz0iaHR0cDovL3d3dy53My5vcmcvMjAwMC9zdmciIHdpZHRoPSIxMyIgaGVpZ2h0PSIxMiI+PHBhdGggZmlsbD0iI0ZGRiIgZD0iTTYuNSA5LjQzOWwtMy42NzQgMi4yMy45NC00LjI2LTMuMjEtMi44ODMgNC4yNTQtLjQwNEw2LjUuMTEybDEuNjkgNC4wMSA0LjI1NC40MDQtMy4yMSAyLjg4Mi45NCA0LjI2eiIvPjwvc3ZnPg==" class="PZfbSE"/></div><span class="EZaE0Q"><span>8 Ratings</span><span><span class="mrWsIr">&amp;</span><span>3 Reviews</span></span></span></div><div class="EAqCto"><div class="QiMO5r"><div class="hZ3P6w KTtanE">₹241</div><div class="HQe8jr cEBXHx"><span>59% off</span></div></div></div></a><ul class="RwWoW4"><li class="zZU3rG">Edition: Complete Edition</li><li class="zZU3rG">Game Modes: Single-Player</li><li class="zZU3rG">media_format: PC</li></ul></div></div><div class="sXs98a"><div class="MyLIH9">Most Helpful Review</div><div class="col"><div class="col x_CUu6 i6yOcs"><div class="row"><div class="MKiFS6 pnieuf ojKpP6">1<img src="data:image/svg+xml;base64,PHN2ZyB4bWxucz0iaHR0cDovL3d3dy53My5vcmcvMjAwMC9zdmciIHdpZHRoPSIxMyIgaGVpZ2h0PSIxMiI+PHBhdGggZmlsbD0iI0ZGRiIgZD0iTTYuNSA5LjQzOWwtMy42NzQgMi4yMy45NC00LjI2LTMuMjEtMi44ODMgNC4yNTQtLjQwNEw2LjUuMTEybDEuNjkgNC4wMSA0LjI1NC40MDQtMy4yMSAyLjg4Mi45NCA0LjI2eiIvPjwvc3ZnPg==" class="PZfbSE"/></div><p class="qW2QI1">Did not meet expectations</p></div><div class="row"><div class="G4PxIA"><div><div class="">No cd available Complicated process of Installation.</div><span class="kXosBy"><span>Read full review</span></span></div></div></div><div class="row f6dnIR"><div class="row"><p class="zJ1ZGa ZDi3w2">Shirish  Kulkarni</p><svg width="14" height="14" viewBox="0 0 12 12" xmlns="http://www.w3.org/2000/svg" class="m0AJbz"><g><circle cx="6" cy="6" r="6" fill="#878787"></circle><path stroke="#FFF" stroke-width="1.5" d="M3 6l2 2 4-4" fill="#878787"></path></g></svg><p id="review-d74b58ea-54ec-45a4-aac1-56be53100a81" class="Zhmv6U"><span>Certified Buyer</span></p><p class="zJ1ZGa">2 months ago</p></div></div></div></div></div><div class="sXs98a"><div class="MyLIH9">Recent Review</div><div class="col"><div class="col x_CUu6 i6yOcs"><div class="row"><div class="MKiFS6 pnieuf ojKpP6">1<img src="data:image/svg+xml;base64,PHN2ZyB4bWxucz0iaHR0cDovL3d3dy53My5vcmcvMjAwMC9zdmciIHdpZHRoPSIxMyIgaGVpZ2h0PSIxMiI+PHBhdGggZmlsbD0iI0ZGRiIgZD0iTTYuNSA5LjQzOWwtMy42NzQgMi4yMy45NC00LjI2LTMuMjEtMi44ODMgNC4yNTQtLjQwNEw2LjUuMTEybDEuNjkgNC4wMSA0LjI1NC40MDQtMy4yMSAyLjg4Mi45NCA0LjI2eiIvPjwvc3ZnPg==" class="PZfbSE"/></div><p class="qW2QI1">Did not meet expectations</p></div><div class="row"><div class="G4PxIA"><div><div class="">No cd available Complicated process of Installation.</div><span class="kXosBy"><span>Read full review</span></span></div></div></div><div class="row f6dnIR"><div class="row"><p class="zJ1ZGa ZDi3w2">Shirish  Kulkarni</p><svg width="14" height="14" viewBox="0 0 12 12" xmlns="http://www.w3.org/2000/svg" class="m0AJbz"><g><circle cx="6" cy="6" r="6" fill="#878787"></circle><path stroke="#FFF" stroke-width="1.5" d="M3 6l2 2 4-4" fill="#878787"></path></g></svg><p id="review-d74b58ea-54ec-45a4-aac1-56be53100a81" class="Zhmv6U"><span>Certified Buyer</span></p><p class="zJ1ZGa">2 months ago</p></div></div></div></div></div></div></div></div><div class="lvJbLV col-12-12"></div></div><footer class="r5F8b6"><div class="NgqjPl"><div class="row"><div class="col gu12 Vu3fjB"></div></div><div><div class="Mqp_1z row"><div class="RQHjDX"><div class="x8XGVI">ABOUT</div><a href="/helpcentre?otracker=footer_navlinks" class="wI1dRI">Contact Us</a><a href="https://corporate.flipkart.net/corporate-home" class="wI1dRI">About Us</a><a href="https://www.flipkartcareers.com/?otracker=footer_navlinks" class="wI1dRI">Careers</a><a href="http://stories.flipkart.com/?otracker=footer_navlinks" class="wI1dRI">Flipkart Stories</a><a href="http://stories.flipkart.com/category/top-stories/news/" class="wI1dRI">Press</a><a href="/corporate-information" class="wI1dRI">Corporate Information</a></div><div class="RQHjDX"><div class="x8XGVI">GROUP COMPANIES</div><a href="https://www.myntra.com/" target="_blank" title="Myntra" class="wI1dRI" rel="noopener noreferrer">Myntra</a><a href="https://www.cleartrip.com/" target="_blank" title="Cleartrip: #1 Site for Booking Flights Tickets, Buses &amp; Hotels Online" class="wI1dRI" rel="noopener noreferrer">Cleartrip</a><a href="https://www.shopsy.in/" target="_blank" title="Shopsy" class="wI1dRI" rel="noopener noreferrer">Shopsy</a></div><div class="RQHjDX"><div class="x8XGVI">HELP</div><a href="/pages/payments" class="wI1dRI">Payments</a><a href="/pages/shipping" class="wI1dRI">Shipping</a><a href="/helpcentre?catalog=55c9c6edb000002e002c1701&amp;view=CATALOG" class="wI1dRI">Cancellation &amp; Returns</a><a href="/helpcentre?catalog=55c9c8e2b0000023002c1702&amp;view=CATALOG" class="wI1dRI">FAQ</a></div><div class="RQHjDX"><div class="x8XGVI">CONSUMER POLICY</div><a href="/pages/returnpolicy?otracker=footer_navlinks" class="wI1dRI">Cancellation &amp; Returns</a><a href="/pages/terms?otracker=footer_navlinks" class="wI1dRI">Terms Of Use</a><a href="/pages/paymentsecurity?otracker=footer_navlinks" class="wI1dRI">Security</a><a href="/pages/privacypolicy?otracker=footer_navlinks" class="wI1dRI">Privacy</a><a href="/sitemap?otracker=footer_navlinks" class="wI1dRI">Sitemap</a><a href="/pages/grievance-redressal-mechanism?otracker=footer_navlinks" class="wI1dRI">Grievance Redressal</a><a href="/pages/ewaste-compliance-tnc?otracker=footer_navlinks" class="wI1dRI">EPR Compliance</a><a href="https://fssai.gov.in/cms/food-safety-connect.php" class="wI1dRI" target="_blank">FSSAI Food Safety Connect App</a></div><div class="RQHjDX address"><div class="CetntC"><div class="x8XGVI"><span>Mail Us:</span></div><div class="E0qdhS"><div class="bLYZip"><div class="awBAe9 E0qdhS"><p>Flipkart Internet Private Limited, </p>
<p> Buildings Alyssa, Begonia &amp; </p>
<p> Clove Embassy Tech Village, </p>
<p> Outer Ring Road, Devarabeesanahalli Village, </p>
<p> Bengaluru, 560103, </p>
<p> Karnataka, India</p>
</div></div></div><div class="x8XGVI">Social</div><div class="pfnqiI"><span class="dRabuN"><a href="https://www.facebook.com/flipkart"><img src="data:image/svg+xml;base64,PHN2ZyB3aWR0aD0iMjUiIGhlaWdodD0iMjQiIHZpZXdCb3g9IjAgMCAyNSAyNCIgZmlsbD0ibm9uZSIgeG1sbnM9Imh0dHA6Ly93d3cudzMub3JnLzIwMDAvc3ZnIj4KPHBhdGggZD0iTTEyLjkzMzEgMjFDMTcuOTAzNyAyMSAyMS45MzMxIDE2Ljk3MDYgMjEuOTMzMSAxMkMyMS45MzMxIDcuMDI5NDQgMTcuOTAzNyAzIDEyLjkzMzEgM0M3Ljk2MjU0IDMgMy45MzMxMSA3LjAyOTQ0IDMuOTMzMTEgMTJDMy45MzMxMSAxNi45NzA2IDcuOTYyNTQgMjEgMTIuOTMzMSAyMVoiIHN0cm9rZT0id2hpdGUiIHN0cm9rZS13aWR0aD0iMS41IiBzdHJva2UtbGluZWNhcD0icm91bmQiIHN0cm9rZS1saW5lam9pbj0icm91bmQiLz4KPHBhdGggZD0iTTE2LjY4MzEgOC4yNUgxNS4xODMxQzE0LjU4NjQgOC4yNSAxNC4wMTQxIDguNDg3MDUgMTMuNTkyMSA4LjkwOTAxQzEzLjE3MDIgOS4zMzA5NyAxMi45MzMxIDkuOTAzMjYgMTIuOTMzMSAxMC41VjIxIiBzdHJva2U9IndoaXRlIiBzdHJva2Utd2lkdGg9IjEuNSIgc3Ryb2tlLWxpbmVjYXA9InJvdW5kIiBzdHJva2UtbGluZWpvaW49InJvdW5kIi8+CjxwYXRoIGQ9Ik05LjkzMzExIDEzLjVIMTUuOTMzMSIgc3Ryb2tlPSJ3aGl0ZSIgc3Ryb2tlLXdpZHRoPSIxLjUiIHN0cm9rZS1saW5lY2FwPSJyb3VuZCIgc3Ryb2tlLWxpbmVqb2luPSJyb3VuZCIvPgo8L3N2Zz4K" height="24" width="24"/></a></span><span class="dRabuN"><a href="https://www.twitter.com/flipkart"><img src="data:image/svg+xml;base64,PHN2ZyB3aWR0aD0iMjQiIGhlaWdodD0iMjQiIHZpZXdCb3g9IjAgMCAyNCAyNCIgZmlsbD0ibm9uZSIgeG1sbnM9Imh0dHA6Ly93d3cudzMub3JnLzIwMDAvc3ZnIj4KPGcgY2xpcC1wYXRoPSJ1cmwoI2NsaXAwXzE4M18yMCkiPgo8cGF0aCBkPSJNMTMuNTQzNiAxMC42MTc5TDIwLjA5NzEgM0gxOC41NDQxTDEyLjg1MzcgOS42MTQ0OEw4LjMwODg3IDNIMy4wNjY4OUw5LjkzOTY0IDEzLjAwMjNMMy4wNjY4OSAyMC45OTA4SDQuNjE5OTRMMTAuNjI5MSAxNC4wMDU2TDE1LjQyODggMjAuOTkwOEgyMC42NzA4TDEzLjU0MzIgMTAuNjE3OUgxMy41NDM2Wk0xMS40MTY1IDEzLjA5MDRMMTAuNzIwMiAxMi4wOTQ0TDUuMTc5NTMgNC4xNjkxMUg3LjU2NDkxTDEyLjAzNjMgMTAuNTY1MUwxMi43MzI2IDExLjU2MTFMMTguNTQ0OCAxOS44NzQ4SDE2LjE1OTVMMTEuNDE2NSAxMy4wOTA4VjEzLjA5MDRaIiBmaWxsPSJ3aGl0ZSIvPgo8L2c+CjxkZWZzPgo8Y2xpcFBhdGggaWQ9ImNsaXAwXzE4M18yMCI+CjxyZWN0IHg9IjMuMDY2ODkiIHk9IjMiIHdpZHRoPSIxNy42MDM5IiBoZWlnaHQ9IjE4IiByeD0iMC4yIiBmaWxsPSJ3aGl0ZSIvPgo8L2NsaXBQYXRoPgo8L2RlZnM+Cjwvc3ZnPgo=" height="24" width="24"/></a></span><span class="dRabuN"><a href="https://www.youtube.com/flipkart"><img src="//static-assets-web.flixcart.com/fk-p-linchpin-web/fk-cp-zion/img/YoutubeLogo_958b78.svg" height="24" width="24"/></a></span><span class="dRabuN"><a href="https://www.instagram.com/flipkart"><img src="//static-assets-web.flixcart.com/fk-p-linchpin-web/fk-cp-zion/img/InstagramLogo_854a2c.svg" height="20" width="20"/></a></span></div></div></div><div class="RQHjDX address"><div class="oNjYky"><div class="x8XGVI"><span>Registered Office Address:</span></div><div class="E0qdhS"><div class="bLYZip"><div class="awBAe9 E0qdhS"><p>Flipkart Internet Private Limited, </p>
<p> Buildings Alyssa, Begonia &amp; </p>
<p> Clove Embassy Tech Village, </p>
<p> Outer Ring Road, Devarabeesanahalli Village, </p>
<p> Bengaluru, 560103, </p>
<p> Karnataka, India </p>
<p> CIN : U51109KA2012PTC066107 </p>
<p> Telephone: <a href="tel:044-45614700">044-45614700</a> / <a href="tel:044-67415800">044-67415800</a></p>
</div></div></div></div></div></div><div><div class="IIWDQV"><div><img src="data:image/svg+xml;base64,PHN2ZyB4bWxucz0iaHR0cDovL3d3dy53My5vcmcvMjAwMC9zdmciIHdpZHRoPSIxNiIgaGVpZ2h0PSIxNSIgdmlld0JveD0iMCAwIDE2IDE1Ij4KICAgIDxkZWZzPgogICAgICAgIDxsaW5lYXJHcmFkaWVudCBpZD0iYSIgeDE9IjAlIiB4Mj0iODYuODc2JSIgeTE9IjAlIiB5Mj0iODAuMjAyJSI+CiAgICAgICAgICAgIDxzdG9wIG9mZnNldD0iMCUiIHN0b3AtY29sb3I9IiNGRkQ4MDAiLz4KICAgICAgICAgICAgPHN0b3Agb2Zmc2V0PSIxMDAlIiBzdG9wLWNvbG9yPSIjRkZBRjAwIi8+CiAgICAgICAgPC9saW5lYXJHcmFkaWVudD4KICAgIDwvZGVmcz4KICAgIDxnIGZpbGw9Im5vbmUiIGZpbGwtcnVsZT0iZXZlbm9kZCI+CiAgICAgICAgPHBhdGggZD0iTS0yLTJoMjB2MjBILTJ6Ii8+CiAgICAgICAgPHBhdGggZmlsbD0idXJsKCNhKSIgZmlsbC1ydWxlPSJub256ZXJvIiBkPSJNMTUuOTMgNS42MTRoLTIuOTQ4VjQuMTRjMC0uODE4LS42NTUtMS40NzMtMS40NzMtMS40NzNIOC41NmMtLjgxNyAwLTEuNDczLjY1NS0xLjQ3MyAxLjQ3M3YxLjQ3NEg0LjE0Yy0uODE4IDAtMS40NjYuNjU2LTEuNDY2IDEuNDc0bC0uMDA3IDguMTA1YzAgLjgxOC42NTUgMS40NzQgMS40NzMgMS40NzRoMTEuNzljLjgxOCAwIDEuNDc0LS42NTYgMS40NzQtMS40NzRWNy4wODhjMC0uODE4LS42NTYtMS40NzQtMS40NzQtMS40NzR6bS00LjQyMSAwSDguNTZWNC4xNGgyLjk0OHYxLjQ3NHoiIHRyYW5zZm9ybT0idHJhbnNsYXRlKC0yIC0yKSIvPgogICAgPC9nPgo8L3N2Zz4K"/><a href="https://seller.flipkart.com/?utm_source=fkwebsite&amp;utm_medium=websitedirect"><span class="DGgDeT">Become a Seller</span></a></div><div><img src="data:image/svg+xml;base64,PHN2ZyB4bWxucz0iaHR0cDovL3d3dy53My5vcmcvMjAwMC9zdmciIHdpZHRoPSIxNSIgaGVpZ2h0PSIxNSIgdmlld0JveD0iMCAwIDE1IDE1Ij4KICAgIDxkZWZzPgogICAgICAgIDxsaW5lYXJHcmFkaWVudCBpZD0iYSIgeDE9IjAlIiB4Mj0iODYuODc2JSIgeTE9IjAlIiB5Mj0iODAuMjAyJSI+CiAgICAgICAgICAgIDxzdG9wIG9mZnNldD0iMCUiIHN0b3AtY29sb3I9IiNGRkQ4MDAiLz4KICAgICAgICAgICAgPHN0b3Agb2Zmc2V0PSIxMDAlIiBzdG9wLWNvbG9yPSIjRkZBRjAwIi8+CiAgICAgICAgPC9saW5lYXJHcmFkaWVudD4KICAgIDwvZGVmcz4KICAgIDxnIGZpbGw9Im5vbmUiIGZpbGwtcnVsZT0iZXZlbm9kZCI+CiAgICAgICAgPHBhdGggZD0iTS0zLTNoMjB2MjBILTN6Ii8+CiAgICAgICAgPHBhdGggZmlsbD0idXJsKCNhKSIgZmlsbC1ydWxlPSJub256ZXJvIiBkPSJNMTAuNDkyIDNDNi4zNTMgMyAzIDYuMzYgMyAxMC41YzAgNC4xNCAzLjM1MyA3LjUgNy40OTIgNy41QzE0LjY0IDE4IDE4IDE0LjY0IDE4IDEwLjUgMTggNi4zNiAxNC42NCAzIDEwLjQ5MiAzem0zLjE4IDEyTDEwLjUgMTMuMDg4IDcuMzI3IDE1bC44NC0zLjYwN0w1LjM3IDguOTdsMy42OS0uMzE1TDEwLjUgNS4yNWwxLjQ0IDMuMzk4IDMuNjkuMzE1LTIuNzk4IDIuNDIyLjg0IDMuNjE1eiIgdHJhbnNmb3JtPSJ0cmFuc2xhdGUoLTMgLTMpIi8+CiAgICA8L2c+Cjwvc3ZnPgo="/><span class="DGgDeT">Advertise</span></div><div><img src="data:image/svg+xml;base64,PHN2ZyB4bWxucz0iaHR0cDovL3d3dy53My5vcmcvMjAwMC9zdmciIHdpZHRoPSIxOCIgaGVpZ2h0PSIxNyIgdmlld0JveD0iMCAwIDE4IDE3Ij4KICAgIDxkZWZzPgogICAgICAgIDxsaW5lYXJHcmFkaWVudCBpZD0iYSIgeDE9IjAlIiB4Mj0iODYuODc2JSIgeTE9IjAlIiB5Mj0iODAuMjAyJSI+CiAgICAgICAgICAgIDxzdG9wIG9mZnNldD0iMCUiIHN0b3AtY29sb3I9IiNGRkQ4MDAiLz4KICAgICAgICAgICAgPHN0b3Agb2Zmc2V0PSIxMDAlIiBzdG9wLWNvbG9yPSIjRkZBRjAwIi8+CiAgICAgICAgPC9saW5lYXJHcmFkaWVudD4KICAgIDwvZGVmcz4KICAgIDxnIGZpbGw9Im5vbmUiIGZpbGwtcnVsZT0iZXZlbm9kZCI+CiAgICAgICAgPHBhdGggZD0iTS0xLTFoMjB2MjBILTF6Ii8+CiAgICAgICAgPHBhdGggZmlsbD0idXJsKCNhKSIgZmlsbC1ydWxlPSJub256ZXJvIiBkPSJNMTYuNjY3IDVIMTQuODVjLjA5Mi0uMjU4LjE1LS41NDIuMTUtLjgzM2EyLjQ5NyAyLjQ5NyAwIDAgMC00LjU4My0xLjM3NUwxMCAzLjM1bC0uNDE3LS41NjdBMi41MSAyLjUxIDAgMCAwIDcuNSAxLjY2N2EyLjQ5NyAyLjQ5NyAwIDAgMC0yLjUgMi41YzAgLjI5MS4wNTguNTc1LjE1LjgzM0gzLjMzM2MtLjkyNSAwLTEuNjU4Ljc0Mi0xLjY1OCAxLjY2N2wtLjAwOCA5LjE2NkExLjY2IDEuNjYgMCAwIDAgMy4zMzMgMTcuNWgxMy4zMzRhMS42NiAxLjY2IDAgMCAwIDEuNjY2LTEuNjY3VjYuNjY3QTEuNjYgMS42NiAwIDAgMCAxNi42NjcgNXptMCA2LjY2N0gzLjMzM3YtNWg0LjIzNEw1LjgzMyA5LjAyNWwxLjM1Ljk3NSAxLjk4NC0yLjdMMTAgNi4xNjdsLjgzMyAxLjEzMyAxLjk4NCAyLjcgMS4zNS0uOTc1LTEuNzM0LTIuMzU4aDQuMjM0djV6IiB0cmFuc2Zvcm09InRyYW5zbGF0ZSgtMSAtMSkiLz4KICAgIDwvZz4KPC9zdmc+Cg=="/><a href="/the-gift-card-store?otracker=footer_navlinks"><span class="DGgDeT">Gift Cards</span></a></div><div><img src="data:image/svg+xml;base64,PHN2ZyB4bWxucz0iaHR0cDovL3d3dy53My5vcmcvMjAwMC9zdmciIHdpZHRoPSIxNSIgaGVpZ2h0PSIxNSIgdmlld0JveD0iMCAwIDE1IDE1Ij4KICAgIDxkZWZzPgogICAgICAgIDxsaW5lYXJHcmFkaWVudCBpZD0iYSIgeDE9IjAlIiB4Mj0iODYuODc2JSIgeTE9IjAlIiB5Mj0iODAuMjAyJSI+CiAgICAgICAgICAgIDxzdG9wIG9mZnNldD0iMCUiIHN0b3AtY29sb3I9IiNGRkQ4MDAiLz4KICAgICAgICAgICAgPHN0b3Agb2Zmc2V0PSIxMDAlIiBzdG9wLWNvbG9yPSIjRkZBRjAwIi8+CiAgICAgICAgPC9saW5lYXJHcmFkaWVudD4KICAgIDwvZGVmcz4KICAgIDxnIGZpbGw9Im5vbmUiIGZpbGwtcnVsZT0iZXZlbm9kZCI+CiAgICAgICAgPHBhdGggZD0iTS0yLTNoMjB2MjBILTJ6Ii8+CiAgICAgICAgPHBhdGggZmlsbD0idXJsKCNhKSIgZmlsbC1ydWxlPSJub256ZXJvIiBkPSJNOS41IDNDNS4zNiAzIDIgNi4zNiAyIDEwLjUgMiAxNC42NCA1LjM2IDE4IDkuNSAxOGM0LjE0IDAgNy41LTMuMzYgNy41LTcuNUMxNyA2LjM2IDEzLjY0IDMgOS41IDN6bS43NSAxMi43NWgtMS41di0xLjVoMS41djEuNXptMS41NTMtNS44MTNsLS42NzYuNjljLS41NC41NDgtLjg3Ny45OTgtLjg3NyAyLjEyM2gtMS41di0uMzc1YzAtLjgyNS4zMzgtMS41NzUuODc3LTIuMTIzbC45My0uOTQ1Yy4yNzgtLjI3LjQ0My0uNjQ1LjQ0My0xLjA1NyAwLS44MjUtLjY3NS0xLjUtMS41LTEuNVM4IDcuNDI1IDggOC4yNUg2LjVhMyAzIDAgMSAxIDYgMGMwIC42Ni0uMjcgMS4yNi0uNjk3IDEuNjg4eiIgdHJhbnNmb3JtPSJ0cmFuc2xhdGUoLTIgLTMpIi8+CiAgICA8L2c+Cjwvc3ZnPgo="/><a href="/helpcentre?otracker=footer_navlinks"><span class="DGgDeT">Help Center</span></a></div><span class="C60IRD">© 2007-<!-- -->2026<!-- --> <span>Flipkart.com</span></span><img src="//static-assets-web.flixcart.com/fk-p-linchpin-web/fk-cp-zion/img/payment-method_69e7ec.svg"/></div></div></div></div></footer><div class="uZUCmZ KcHr52"><div class="Vd9Vde"><svg width="16" height="27" viewBox="0 0 16 27" xmlns="http://www.w3.org/2000/svg" class="mtu5nP"><path d="M16 23.207L6.11 13.161 16 3.093 12.955 0 0 13.161l12.955 13.161z" fill="#fff" class="ks4heD"></path></svg><span>Back to top</span></div></div></div></div> <script type="application/ld+json" nonce="1613381049046089230" id="jsonLD">[{"@context":"https://schema.org","@type":"ItemList","itemListElement":[{"@type":"ListItem","name":"LG ULTRAWIDE 73.66 cm (29 inch) WFHD LED Backlit IPS Panel Gaming Monitor (29WQ600)","position":1,"url":"https://www.flipkart.com/lg-ultrawide-73-66-cm-29-inch-wfhd-led-backlit-ips-panel-gaming-monitor-29wq600/p/itm557ed87c1724d?pid=MONGZZFXVHKFC6BD"},{"@type":"ListItem","name":"ZEBSTER Z-E19 46.99 cm (19 inch) HD LED Backlit TN Panel Monitor (Z-E19HD LED)","position":2,"url":"https://www.flipkart.com/zebster-z-e19-46-99-cm-19-inch-hd-led-backlit-tn-panel-monitor-z-e19hd-led/p/itm3b0ffbb10468a?pid=MONHF9KFQFBYHUVQ"},{"@type":"ListItem","name":"LG 54.0 cm (21 inch) Full HD VA Panel with 3-Side Borderless Display,Tilt-able Stand, Black Stabilizer, OnScreen Control, Ergo Design Monitor (22MR410-BB.CTRRMV)","position":3,"url":"https://www.flipkart.com/lg-54-0-cm-21-inch-full-hd-va-panel-3-side-borderless-display-tilt-able-stand-black-stabilizer-onscreen-control-ergo-design-monitor-22mr410-bb-ctrrmv/p/itm216cc00c15368?pid=MONGW4N9YWZZZGXP"},{"@type":"ListItem","name":"LG 60.45 cm (24 inch) Full HD IPS Panel with 3-Side Borderless Display,Tilt-able Stand, Black Stabilizer, OnScreen Control, Ergo Design Monitor (24MR400-BA.CTRRMV)","position":4,"url":"https://www.flipkart.com/lg-60-45-cm-24-inch-full-hd-ips-panel-3-side-borderless-display-tilt-able-stand-black-stabilizer-onscreen-control-ergo-design-monitor-24mr400-ba-ctrrmv/p/itm0e25cac2a60d6?pid=MONGW4N96FVHTT7C"},{"@type":"ListItem","name":"ZEBSTER 46.99 cm (19 inch) Full HD Monitor (L22e-20ZEBSTERHDMILEDMONITOR46.9C.M)","position":5,"url":"https://www.flipkart.com/zebster-46-99-cm-19-inch-full-hd-monitor-l22e-20zebsterhdmiledmonitor46-9c-m/p/itm3b0ffbb10468a?pid=MONFZFM6G2HHEJWS"},{"@type":"ListItem","name":"Lenovo L Series 60.5 cm (24 inch) Full HD LED Backlit IPS Panel with 2x3W Speakers, 99%sRGB, 1x HDMI 1.4, 1x VGA, Tilt, Ultraslim Monitor (L24-4C)","position":6,"url":"https://www.flipkart.com/lenovo-l-series-60-5-cm-24-inch-full-hd-led-backlit-ips-panel-2x3w-speakers-99-srgb-1x-hdmi-1-4-vga-tilt-ultraslim-monitor-l24-4c/p/itm6e55ff15c372a?pid=MONHGWFAXH9JVVVV"},{"@type":"ListItem","name":"LG UltraGear series 80.0 cm (32 inch) Curved Quad HD LED Backlit VA Panel with 3-Side Virtually Borderless, Anti-Glare, AMD FreeSync, DP, HDMI x 2, Tilt/Height/Swivel Adjustable Gaming Monitor (32G600A-BN.CTRDMJ)","position":7,"url":"https://www.flipkart.com/lg-ultragear-series-80-0-cm-32-inch-curved-quad-hd-led-backlit-va-panel-3-side-virtually-borderless-anti-glare-amd-freesync-dp-hdmi-x-2-tilt-height-swivel-adjustable-gaming-monitor-32g600a-bn-ctrdmj/p/itme79106499bb2d?pid=MONHKYY2WDZASH3A"},{"@type":"ListItem","name":"GogaTech 6TH GEN. Core i3 (6th Gen) (8 GB DDR4/500 GB/512 GB SSD/Windows 11 Home/Integrated Graphics Only./19 Inch Screen/Goga Tech02) with MS Office","position":8,"url":"https://www.flipkart.com/gogatech-6th-gen-core-i3-6th-gen-8-gb-ddr4-500-gb-512-ssd-windows-11-home-integrated-graphics-only-19-inch-screen-goga-tech02-ms-office/p/itmf4415ac66987c?pid=AIOHQMRYHCMBSFR7"},{"@type":"ListItem","name":"ZEBRONICS V-Series 46.99 cm (19 inch) HD LED Backlit TN Panel HDMI, VGA Input, HD 1366 x 768, 16.7M Colors, Glossy Panel, Slim Design, Wall Mountable Monitor (ZEB-V19HD LED)","position":9,"url":"https://www.flipkart.com/zebronics-v-series-46-99-cm-19-inch-hd-led-backlit-tn-panel-hdmi-vga-input-1366-x-768-16-7m-colors-glossy-panel-slim-design-wall-mountable-monitor-zeb-v19hd-led/p/itmcd404240dd818?pid=MONG6Z8GQEHKGZKF"},{"@type":"ListItem","name":"ASUS 60.96 cm (24 inch) Full HD TN Panel Anti Glare||Stereo Speakers Gaming Monitor (VG248QE)","position":10,"url":"https://www.flipkart.com/asus-60-96-cm-24-inch-full-hd-tn-panel-anti-glare-stereo-speakers-gaming-monitor-vg248qe/p/itmf96cya9yy3cjh?pid=MONF95HF3H5BZMVB"},{"@type":"ListItem","name":"Lenovo L-Series 68.58 cm (27 inch) Quad HD LED Backlit IPS Panel with 99% sRGB, 90% DCI-P3, 4x USB-A, 1xUSB Type-C, 2xHDMI 2.1, 1xDP 1.4, Tilt/Swivel/Pivot/Height Adjustable Stand, 3WX2 Inbuilt Speakers, Customization Artery, Smart Display Monitor (L27h-4A)","position":11,"url":"https://www.flipkart.com/lenovo-l-series-68-58-cm-27-inch-quad-hd-led-backlit-ips-panel-99-srgb-90-dci-p3-4x-usb-a-1xusb-type-c-2xhdmi-2-1-1xdp-1-4-tilt-swivel-pivot-height-adjustable-stand-3wx2-inbuilt-speakers-customization-artery-smart-display-monitor-l27h-4a/p/itma1bf8c73c0df0?pid=MONH5P8FY5GGQ6GE"},{"@type":"ListItem","name":"Samsung Odyssey G5 80.1 cm (32 inch) Quad HD LED Backlit IPS Panel with HDR10, G-Sync, Ports-DP,HDMI,Headphone, Height-Tilt-Swivel-Pivot Adjustable Stand, Fast Gaming Gaming Monitor (LS32FG502EWXXL)","position":12,"url":"https://www.flipkart.com/samsung-odyssey-g5-80-1-cm-32-inch-quad-hd-led-backlit-ips-panel-hdr10-g-sync-ports-dp-hdmi-headphone-height-tilt-swivel-pivot-adjustable-stand-fast-gaming-monitor-ls32fg502ewxxl/p/itm3b21266d885db?pid=MONHHHSYTZXS8DQP"},{"@type":"ListItem","name":"GTA V AND GTA IV edition PC GAMES (OFFLINE GAMES ) COMPLETE GAMES (COMPLETE GAMES)","position":13,"url":"https://www.flipkart.com/gta-v-iv-pc-games-offline-complete-complete-games/p/itm306e8ead0b6ef?pid=GAMHN99ZBTMHGTU2"},{"@type":"ListItem","name":"Project IGI God Of war 8 In 1 Combo Pc Game Download (Offline only) Full Games Complete Edition","position":14,"url":"https://www.flipkart.com/project-igi-god-war-8-1-combo-pc-game-download-offline-only-full-games-complete/p/itm681fa2f877461?pid=CGEHAY4NGT8DFSC8"},{"@type":"ListItem","name":"ZEBSTER 50.8 cm (20 inch) HD VA Panel Gaming Monitor (HD 20 INCH MONITOR)","position":15,"url":"https://www.flipkart.com/zebster-50-8-cm-20-inch-hd-va-panel-gaming-monitor-hd-20-inch-monitor/p/itm662bf31a971fa?pid=MONHDVMDBZ6YEXHW"},{"@type":"ListItem","name":"BenQ GW2491 60.45 cm (24 inch) Full HD LED Backlit IPS Panel with Eye-Care, 99% sRGB, HDMI, DisplayPort, TUV-Certified, Flicker-Free, Low Blue Light Plus, Ultra Slim Bezel Monitor (GW2491)","position":16,"url":"https://www.flipkart.com/benq-gw2491-60-45-cm-24-inch-full-hd-led-backlit-ips-panel-eye-care-99-srgb-hdmi-displayport-tuv-certified-flicker-free-low-blue-light-plus-ultra-slim-bezel-monitor-gw2491/p/itm91d451a60c9c2?pid=MONHCASWJZFQ2QZM"},{"@type":"ListItem","name":"LG 2026 Model 1.42 Ton 5 Star (1.65 Ton Peak Capacity) Split Smart Inverter AC (AS-Q19YNZE2, White)","position":17,"url":"https://www.flipkart.com/lg-2026-model-1-42-ton-5-star-1-65-peak-capacity-split-smart-inverter-ac-as-q19ynze2-white/p/itm796d00279e033?pid=ACNHZ7TGCDXGRZTT"},{"@type":"ListItem","name":"JDprismventures 65 W Power GaN 6.5 A Wall Charger for Mobile","position":18,"url":"https://www.flipkart.com/jdprismventures-65-w-power-gan-6-5-wall-charger-mobile/p/itmc9922d7679441?pid=ACCHZ6FSSGHSG36B"},{"@type":"ListItem","name":"GTA San Andreas Definative Edition| Offline Only | Game DVD (Definative Edition)","position":19,"url":"https://www.flipkart.com/gta-san-andreas-definative-edition-offline-only-game-dvd-definative-edition/p/itm2030b808fe347?pid=GAMHNQ88MFPZ3XXU"},{"@type":"ListItem","name":"LG 46.99 cm (19 inch) HD LED Backlit TN Panel Monitor (19M38HB-B.BTRS)","position":20,"url":"https://www.flipkart.com/lg-46-99-cm-19-inch-hd-led-backlit-tn-panel-monitor-19m38hb-b-btrs/p/itmeuchf5jfmqw8x?pid=MONF4WBNPAADGXQV"},{"@type":"ListItem","name":"Godrej 8 kg Inbuilt Heater with Unbalanced Load Sensing Fully Automatic Top Load Washing Machine with In-built Heater Grey","position":21,"url":"https://www.flipkart.com/godrej-8-kg-inbuilt-heater-unbalanced-load-sensing-fully-automatic-top-washing-machine-in-built-grey/p/itme4b97eaccaa08?pid=WMNHBK4HGV8VVH8G"},{"@type":"ListItem","name":"Seagate One Touch desktop external hard drive 8 TB External Hard Disk Drive (HDD)","position":22,"url":"https://www.flipkart.com/seagate-one-touch-desktop-external-hard-drive-8-tb-disk-hdd/p/itmbf7f2c0228b54?pid=ACCHMY5KTBRGDGUH"},{"@type":"ListItem","name":"processsor Ultra I3-7100 3.9 GHz LGA 1151 2 Core Processor Designed for Desktop","position":23,"url":"https://www.flipkart.com/processsor-ultra-i3-7100-3-9-ghz-lga-1151-2-core-processor-designed-desktop/p/itm4364b92851ae2?pid=PSRGQWT4QENHJZU7"},{"@type":"ListItem","name":"Project IGI God war 8 in1 combo pc game DVD (offine only) complete Games [dvd_rom] (COMEPLETE EDITION)","position":24,"url":"https://www.flipkart.com/project-igi-god-war-8-in1-combo-pc-game-dvd-offine-only-complete-games-dvd-rom-comeplete-edition/p/itm68d1a1697eb09?pid=GAMHHY9NQHXHRNZ9"},{"@type":"ListItem","name":"LG UltraGear 60.96 cm (24 inch) Full HD IPS Panel with HDR10, NVIDIA G-SYNC Comaptible, Tilt-able Stand, 3-side virtually borderless design Gaming Monitor (24GS60F-BB.ATREMVN)","position":25,"url":"https://www.flipkart.com/lg-ultragear-60-96-cm-24-inch-full-hd-ips-panel-hdr10-nvidia-g-sync-comaptible-tilt-able-stand-3-side-virtually-borderless-design-gaming-monitor-24gs60f-bb-atremvn/p/itm2304df4ef9be5?pid=MONHFZMF9PFM6PUS"},{"@type":"ListItem","name":"BenQ GW2490T 60.96 cm (24 inch) Full HD LED Backlit IPS Panel with 99% sRGB, Height Adjustable, Eye-careU, Dual HDMI, Display Port, Bezel-Less, Eyesafe, VESA MediaSync, Brightness Intelligence, Low Blue Light, Speakers, Wall mountable Monitor (GW2490T)","position":26,"url":"https://www.flipkart.com/benq-gw2490t-60-96-cm-24-inch-full-hd-led-backlit-ips-panel-99-srgb-height-adjustable-eye-careu-dual-hdmi-display-port-bezel-less-eyesafe-vesa-mediasync-brightness-intelligence-low-blue-light-speakers-wall-mountable-monitor-gw2490t/p/itme87365c8d5519?pid=MONHF3W79PAZGMFC"},{"@type":"ListItem","name":"Samsung G3 Gaming Monitor 60.4 cm (24 inches) Full HD LED Backlit IPS Panel Gaming Monitor (LS24HG310EWXXL)","position":27,"url":"https://www.flipkart.com/samsung-g3-gaming-monitor-60-4-cm-24-inches-full-hd-led-backlit-ips-panel-ls24hg310ewxxl/p/itm3f75c6585800f?pid=MONHQ5UXTGZAUPVG"},{"@type":"ListItem","name":"Samsung ViewFinity S7 Monitor 68.4 cm (27 inches) UHD LED Backlit IPS Panel Gaming Monitor (LS27H710EAWXXL)","position":28,"url":"https://www.flipkart.com/samsung-viewfinity-s7-monitor-68-4-cm-27-inches-uhd-led-backlit-ips-panel-gaming-ls27h710eawxxl/p/itme21503aff7cd0?pid=MONHQ5UXVGKRBUD4"},{"@type":"ListItem","name":"Starcool PC Intel Core i5-2320 Core i5 (8 GB DDR3/128 GB SSD/Windows 11 Home/18.5 Inch Screen/i5-8GB-128GB-19 Inch) with MS Office","position":29,"url":"https://www.flipkart.com/starcool-pc-intel-core-i5-2320-i5-8-gb-ddr3-128-ssd-windows-11-home-18-5-inch-screen-i5-8gb-128gb-19-inch-ms-office/p/itm27904b4e21e76?pid=AIOH76NCZUYCBTHC"},{"@type":"ListItem","name":"LG U401A Series 54.61 cm (22 inch) Full HD LED Backlit VA Panel Monitor (22U401A-BN.CTRPMV)","position":30,"url":"https://www.flipkart.com/lg-u401a-series-54-61-cm-22-inch-full-hd-led-backlit-va-panel-monitor-22u401a-bn-ctrpmv/p/itm8e396d5177513?pid=MONHKYY2X97UNKEX"},{"@type":"ListItem","name":"LG ULTRAGEAR 68.58 cm (27 inch) Full HD LED Backlit IPS Panel Gaming Monitor (27GS65F-(1920 X1080)-99%sRGB,HDMI,DP,NVIDIA G-Sync Compatible,HDR10,Height,Pivot)","position":31,"url":"https://www.flipkart.com/lg-ultragear-68-58-cm-27-inch-full-hd-led-backlit-ips-panel-gaming-monitor-27gs65f-1920-x1080-99-srgb-hdmi-dp-nvidia-g-sync-compatible-hdr10-height-pivot/p/itm1d55e2154aa70?pid=MONH7AUTWK7ZYDWF"},{"@type":"ListItem","name":"Lenovo L-Series 68.58 cm (27 inch) Quad HD LED Backlit IPS Panel with 99% sRGB, 90% DCI-P3, 4x USB-A, 1xUSB Type-C, 2xHDMI 2.1, 1xDP 1.4, Tilt/Swivel/Pivot/Height Adjustable Stand, 3WX2 Inbuilt Speakers, Customization Artery, Smart Display Monitor (L27h-4A)","position":32,"url":"https://www.flipkart.com/lenovo-l-series-68-58-cm-27-inch-quad-hd-led-backlit-ips-panel-99-srgb-90-dci-p3-4x-usb-a-1xusb-type-c-2xhdmi-2-1-1xdp-1-4-tilt-swivel-pivot-height-adjustable-stand-3wx2-inbuilt-speakers-customization-artery-smart-display-monitor-l27h-4a/p/itma1bf8c73c0df0?pid=MONH5P8FY5GGQ6GE"},{"@type":"ListItem","name":"Samsung ViewFinity S8 68.4 cm (27 inches) 4K Ultra HD LED Backlit IPS Panel Gaming Monitor (27\" 4K ViewFinity S8 Monitor LS27H800EAWXXL, Black)","position":33,"url":"https://www.flipkart.com/samsung-viewfinity-s8-68-4-cm-27-inches-4k-ultra-hd-led-backlit-ips-panel-gaming-monitor-27-ls27h800eawxxl-black/p/itm7abda85472673?pid=MONHZ3KCH9HRSPSU"},{"@type":"ListItem","name":"Samsung ViewFinity S7 Monitor 203.2 cm (80 cm) UHD LED Backlit IPS Panel Gaming Monitor (LS32H710EAWXXL)","position":34,"url":"https://www.flipkart.com/samsung-viewfinity-s7-monitor-203-2-cm-80-cm-uhd-led-backlit-ips-panel-gaming-ls32h710eawxxl/p/itm25c16a4c663af?pid=MONHQ5UXX35MZDEV"},{"@type":"ListItem","name":"BenQ GW2283 55.88 cm (22 inch) Full HD LED Backlit IPS Panel Bezel-Less, Eye Care, Anti-Glare, Low Blue Light, Brightness Intelligence, Dual HDMI, VGA, 1Wx2 Speakers, VESA Wall Mountable Monitor (GW2283)","position":35,"url":"https://www.flipkart.com/benq-gw2283-55-88-cm-22-inch-full-hd-led-backlit-ips-panel-bezel-less-eye-care-anti-glare-low-blue-light-brightness-intelligence-dual-hdmi-vga-1wx2-speakers-vesa-wall-mountable-monitor-gw2283/p/itmfc9kkp8maqfyr?pid=MONFC9KKZ4Q2BH9U"},{"@type":"ListItem","name":"Lenovo L-Series 60.45 cm (24 inch) Full HD LED Backlit IPS Panel Monitor (L24-4r 165Hz FHD IPS Monitor)","position":36,"url":"https://www.flipkart.com/lenovo-l-series-60-45-cm-24-inch-full-hd-led-backlit-ips-panel-monitor-l24-4r-165hz-fhd-monitor/p/itmf7741701f6d19?pid=MONHQ89HEGSZG2WH"},{"@type":"ListItem","name":"OWEIZIOR 44 W Power GaN Wall Charger for Mobile","position":37,"url":"https://www.flipkart.com/oweizior-44-w-power-gan-wall-charger-mobile/p/itm881698b1848f9?pid=ACCHJZCDJDGZBGHG"},{"@type":"ListItem","name":"Samsung Odyssey OLED G8 67.69 cm (27 inches) 4K Ultra HD LED Backlit OLED Panel Gaming Monitor (LS27HG800SWXXL)","position":38,"url":"https://www.flipkart.com/samsung-odyssey-oled-g8-67-69-cm-27-inches-4k-ultra-hd-led-backlit-panel-gaming-monitor-ls27hg800swxxl/p/itm3eea75d256490?pid=MONHZ3KBSZFPWQFM"},{"@type":"ListItem","name":"Acer 60.45 cm (24 inch) Full HD LED Backlit IPS Panel Monitor (SA242Y P1 ZeroFrame Design | AMD FreeSync VisionCare Eye Protection)","position":39,"url":"https://www.flipkart.com/acer-60-45-cm-24-inch-full-hd-led-backlit-ips-panel-monitor-sa242y-p1-zeroframe-design-amd-freesync-visioncare-eye-protection/p/itm7d1bc0336a966?pid=MONHGMSBANMXYEMZ"},{"@type":"ListItem","name":"ZEBSTER V Series 46.99 cm (19 inch) HD LED Backlit TN Panel Monitor (ZEB-V19HD LED)","position":40,"url":"https://www.flipkart.com/zebster-v-series-46-99-cm-19-inch-hd-led-backlit-tn-panel-monitor-zeb-v19hd-led/p/itm114688c1a2eff?pid=MONHQNFWRQNWYGV8"}]}]</script><script nonce="1613381049046089230" id="is_script">window.__INITIAL_STATE__ = {};</script> <link data-chunk="NavMenu" rel="stylesheet" href="//static-assets-web.flixcart.com/fk-p-linchpin-web/fk-cp-zion/css/NavMenu.chunk.244c6e.css">
<link data-chunk="SearchFeedback" rel="stylesheet" href="//static-assets-web.flixcart.com/fk-p-linchpin-web/fk-cp-zion/css/SearchFeedback.chunk.da7037.css"> <script id="__LOADABLE_REQUIRED_CHUNKS__" type="application/json">[5743,1506]</script><script id="__LOADABLE_REQUIRED_CHUNKS___ext" type="application/json">{"namedChunks":["NavMenu","SearchFeedback"]}</script>
<script async data-chunk="NavMenu" src="//static-assets-web.flixcart.com/fk-p-linchpin-web/fk-cp-zion/js/NavMenu.chunk.902181e4.js"></script>
<script async data-chunk="SearchFeedback" src="//static-assets-web.flixcart.com/fk-p-linchpin-web/fk-cp-zion/js/SearchFeedback.chunk.0577a957.js"></script><script nonce="1613381049046089230">window.omniture={tpv:[],tl:[]};window.omniture.trackPageView=function(){window.omniture.tpv.push(arguments)};window.omniture.trackLink=function(){window.omniture.tl.push(arguments)}

    if(window.location.host === 'www.flipkart.com' || /\.store\.flipkart\.com/i.test(window.location.host)){
        window.s_account = "flipkart-prd"; //omniture account id
    }else{
        window.s_account = "flipkart-prd-test";
    }
    window.s_isDesktop = true;</script><script nonce="1613381049046089230">function isMobile(){
		if (!!(navigator.userAgentData && navigator.userAgentData.mobile) || navigator.userAgent.indexOf("Mobile") !== -1){
			return true;
		}
		else {
			return false;
		}
	}

	if ('serviceWorker' in navigator && !isMobile()) {
		navigator.serviceWorker.register('/sw.js').then(function(registration) {
			console.log('ServiceWorker registration successful with scope: ', registration.scope);
			navigator.onLine && navigator.serviceWorker.controller && navigator.serviceWorker.controller.postMessage('BANDWIDTH_COMPUTE');
			navigator.serviceWorker.addEventListener('message', function (event) {
				try {
					const bandwidthData = JSON.parse(event.data);
					if (bandwidthData && bandwidthData.data) {
						window.bandwidth = bandwidthData.data.downlink + '_' + bandwidthData.data.computeMethod + '_' + bandwidthData.data.effectiveType + '_' + bandwidthData.data.type;
					}
				}catch(err) {
					console.error('JSON.parse failed:', err);
				}
			});
		})
		.catch(function(err) {
			console.log('%c ServiceWorker registration failed: ', "color:red;", err);
		});
	} else if('serviceWorker' in navigator && isMobile()){
        navigator.serviceWorker.getRegistration().then(function(registration) {
            var serviceWorkerUnregistered=false;
            if(registration) {
                registration.unregister();
                serviceWorkerUnregistered=true;
            }
            serviceWorkerUnregistered && window.location.reload();
        });
    }</script> <script src="//static-assets-web.flixcart.com/www/linchpin/batman-returns/omni/omni16.js" defer="defer" async nonce="1613381049046089230" id="omni_script"></script>  </body></html>